<?xml version="1.0" encoding="UTF-8" ?>
<testsuites name="vitest tests" tests="605" failures="14" errors="0" time="15.865667461">
    <testsuite name="tests/ab-integration.test.ts" timestamp="2026-01-22T17:04:33.198Z" hostname="MacBookPro.lan" tests="6" failures="0" errors="0" skipped="0" time="0.157073805">
        <testcase classname="tests/ab-integration.test.ts" name="A/B Testing Integration &gt; should make correct decision for significant improvement" time="0.125944602">
        </testcase>
        <testcase classname="tests/ab-integration.test.ts" name="A/B Testing Integration &gt; should make correct decision for underpowered test" time="0.0018344">
        </testcase>
        <testcase classname="tests/ab-integration.test.ts" name="A/B Testing Integration &gt; should make correct decision for no significant difference" time="0.00240316">
        </testcase>
        <testcase classname="tests/ab-integration.test.ts" name="A/B Testing Integration &gt; should handle edge case with zero conversions" time="0.001025248">
        </testcase>
        <testcase classname="tests/ab-integration.test.ts" name="A/B Testing Integration &gt; should handle edge case with perfect conversions" time="0.000707653">
        </testcase>
        <testcase classname="tests/ab-integration.test.ts" name="A/B Testing Integration &gt; should calculate metrics correctly" time="0.020568486">
        </testcase>
    </testsuite>
    <testsuite name="tests/ab-testing.test.ts" timestamp="2026-01-22T17:04:33.220Z" hostname="MacBookPro.lan" tests="13" failures="0" errors="0" skipped="0" time="0.034610375">
        <testcase classname="tests/ab-testing.test.ts" name="A/B Testing Bucketing &gt; should return consistent variants for same session" time="0.008620729">
        </testcase>
        <testcase classname="tests/ab-testing.test.ts" name="A/B Testing Bucketing &gt; should distribute variants roughly evenly" time="0.016566319">
        </testcase>
        <testcase classname="tests/ab-testing.test.ts" name="A/B Testing Bucketing &gt; should return experiment metadata" time="0.000530875">
        </testcase>
        <testcase classname="tests/ab-testing.test.ts" name="Wilson Confidence Interval &gt; should calculate correct CI for known values" time="0.00100455">
        </testcase>
        <testcase classname="tests/ab-testing.test.ts" name="Wilson Confidence Interval &gt; should handle edge cases" time="0.00074487">
        </testcase>
        <testcase classname="tests/ab-testing.test.ts" name="Chi-Square Test &gt; should calculate correct chi-square for known values" time="0.000546788">
        </testcase>
        <testcase classname="tests/ab-testing.test.ts" name="Chi-Square Test &gt; should handle edge cases" time="0.000260227">
        </testcase>
        <testcase classname="tests/ab-testing.test.ts" name="Futility Probability &gt; should calculate futility probability" time="0.000326178">
        </testcase>
        <testcase classname="tests/ab-testing.test.ts" name="Futility Probability &gt; should calculate futility probability for different sample sizes" time="0.000582047">
        </testcase>
        <testcase classname="tests/ab-testing.test.ts" name="A/B Test Decision Logic &gt; should make decision based on metrics" time="0.000904518">
        </testcase>
        <testcase classname="tests/ab-testing.test.ts" name="A/B Test Decision Logic &gt; should continue when underpowered" time="0.000317967">
        </testcase>
        <testcase classname="tests/ab-testing.test.ts" name="A/B Test Decision Logic &gt; should stop when futility detected" time="0.000332437">
        </testcase>
        <testcase classname="tests/ab-testing.test.ts" name="Decision Formatting &gt; should format decision for digest" time="0.00071406">
        </testcase>
    </testsuite>
    <testsuite name="tests/advisor-json-guard.test.ts" timestamp="2026-01-22T17:04:33.231Z" hostname="MacBookPro.lan" tests="5" failures="0" errors="0" skipped="0" time="0.082414012">
        <testcase classname="tests/advisor-json-guard.test.ts" name="Advisor JSON.parse Guard &gt; should not call response.json() on 204 responses" time="0.058496331">
        </testcase>
        <testcase classname="tests/advisor-json-guard.test.ts" name="Advisor JSON.parse Guard &gt; should not call response.json() on 304 responses" time="0.001284725">
        </testcase>
        <testcase classname="tests/advisor-json-guard.test.ts" name="Advisor JSON.parse Guard &gt; should not call response.json() on non-JSON content type" time="0.000816126">
        </testcase>
        <testcase classname="tests/advisor-json-guard.test.ts" name="Advisor JSON.parse Guard &gt; should call response.json() on valid JSON responses" time="0.003490176">
        </testcase>
        <testcase classname="tests/advisor-json-guard.test.ts" name="Advisor JSON.parse Guard &gt; should handle error responses with JSON content" time="0.010518341">
        </testcase>
    </testsuite>
    <testsuite name="tests/analysis-engine.test.ts" timestamp="2026-01-22T17:04:33.243Z" hostname="MacBookPro.lan" tests="4" failures="0" errors="0" skipped="0" time="0.044082033">
        <testcase classname="tests/analysis-engine.test.ts" name="Analysis Engine &gt; should have runAnalysis function available" time="0.007917431">
        </testcase>
        <testcase classname="tests/analysis-engine.test.ts" name="Analysis Engine &gt; should import analysis types" time="0.012873851">
        </testcase>
        <testcase classname="tests/analysis-engine.test.ts" name="Analysis Engine &gt; should import calibration constants" time="0.006931796">
        </testcase>
        <testcase classname="tests/analysis-engine.test.ts" name="Analysis Engine &gt; should import utility functions" time="0.013193728">
        </testcase>
    </testsuite>
    <testsuite name="tests/analysis-eval.test.ts" timestamp="2026-01-22T17:04:33.246Z" hostname="MacBookPro.lan" tests="11" failures="0" errors="0" skipped="0" time="0.110483735">
        <testcase classname="tests/analysis-eval.test.ts" name="Analysis Evaluation Metrics &gt; calculateCoverage &gt; should return 0 for empty data" time="0.003068233">
        </testcase>
        <testcase classname="tests/analysis-eval.test.ts" name="Analysis Evaluation Metrics &gt; calculateCoverage &gt; should return 100% when all prices are within intervals" time="0.00045812">
        </testcase>
        <testcase classname="tests/analysis-eval.test.ts" name="Analysis Evaluation Metrics &gt; calculateCoverage &gt; should return 50% when half the prices are within intervals" time="0.00029175">
        </testcase>
        <testcase classname="tests/analysis-eval.test.ts" name="Analysis Evaluation Metrics &gt; calculateDirection &gt; should return 0 for insufficient data" time="0.000506134">
        </testcase>
        <testcase classname="tests/analysis-eval.test.ts" name="Analysis Evaluation Metrics &gt; calculateDirection &gt; should calculate correct direction accuracy" time="0.000308547">
        </testcase>
        <testcase classname="tests/analysis-eval.test.ts" name="Analysis Evaluation Metrics &gt; calculateConsistency &gt; should return 0 for insufficient data" time="0.000385772">
        </testcase>
        <testcase classname="tests/analysis-eval.test.ts" name="Analysis Evaluation Metrics &gt; calculateConsistency &gt; should return positive correlation for aligned signals" time="0.000689879">
        </testcase>
        <testcase classname="tests/analysis-eval.test.ts" name="Analysis Evaluation Metrics &gt; generateMockMarketData &gt; should generate correct number of data points" time="0.046727034">
        </testcase>
        <testcase classname="tests/analysis-eval.test.ts" name="Analysis Evaluation Metrics &gt; generateMockMarketData &gt; should generate reasonable price movements" time="0.005895786">
        </testcase>
        <testcase classname="tests/analysis-eval.test.ts" name="Analysis Evaluation Metrics &gt; evaluateEngine &gt; should return evaluation metrics within reasonable ranges" time="0.032502883">
        </testcase>
        <testcase classname="tests/analysis-eval.test.ts" name="Analysis Evaluation Metrics &gt; evaluateEngine &gt; should work for different horizons" time="0.014857342">
        </testcase>
    </testsuite>
    <testsuite name="tests/analysis-explain.test.ts" timestamp="2026-01-22T17:04:33.255Z" hostname="MacBookPro.lan" tests="13" failures="0" errors="0" skipped="0" time="0.10847731">
        <testcase classname="tests/analysis-explain.test.ts" name="Analysis Explanation and Drivers &gt; buildDrivers &gt; should return 3 drivers sorted by weight" time="0.037515897">
            <system-err>
No active calibration profile loaded, using default

            </system-err>
        </testcase>
        <testcase classname="tests/analysis-explain.test.ts" name="Analysis Explanation and Drivers &gt; buildDrivers &gt; should have weights rounded to 2 decimals" time="0.001218937">
            <system-err>
No active calibration profile loaded, using default

            </system-err>
        </testcase>
        <testcase classname="tests/analysis-explain.test.ts" name="Analysis Explanation and Drivers &gt; buildDrivers &gt; should generate appropriate technical notes" time="0.001624908">
            <system-err>
No active calibration profile loaded, using default

            </system-err>
        </testcase>
        <testcase classname="tests/analysis-explain.test.ts" name="Analysis Explanation and Drivers &gt; buildDrivers &gt; should generate appropriate sentiment notes" time="0.006749321">
            <system-err>
No active calibration profile loaded, using default

            </system-err>
        </testcase>
        <testcase classname="tests/analysis-explain.test.ts" name="Analysis Explanation and Drivers &gt; computeConfidence &gt; should return confidence between 0 and 1" time="0.005538607">
        </testcase>
        <testcase classname="tests/analysis-explain.test.ts" name="Analysis Explanation and Drivers &gt; computeConfidence &gt; should give high confidence for good conditions" time="0.001886269">
        </testcase>
        <testcase classname="tests/analysis-explain.test.ts" name="Analysis Explanation and Drivers &gt; computeConfidence &gt; should penalize high volatility" time="0.007223674">
        </testcase>
        <testcase classname="tests/analysis-explain.test.ts" name="Analysis Explanation and Drivers &gt; computeConfidence &gt; should bonus high consistency" time="0.001306667">
        </testcase>
        <testcase classname="tests/analysis-explain.test.ts" name="Analysis Explanation and Drivers &gt; computeConfidence &gt; should round confidence to 2 decimals" time="0.00278582">
        </testcase>
        <testcase classname="tests/analysis-explain.test.ts" name="Analysis Explanation and Drivers &gt; computeConfidence &gt; should clamp extreme values" time="0.001823247">
        </testcase>
        <testcase classname="tests/analysis-explain.test.ts" name="Analysis Explanation and Drivers &gt; validateDriverWeights &gt; should return true when weights sum to 1" time="0.00220184">
        </testcase>
        <testcase classname="tests/analysis-explain.test.ts" name="Analysis Explanation and Drivers &gt; validateDriverWeights &gt; should return false when weights do not sum to 1" time="0.000784561">
        </testcase>
        <testcase classname="tests/analysis-explain.test.ts" name="Analysis Explanation and Drivers &gt; validateDriverWeights &gt; should allow small tolerance (1%)" time="0.000695361">
        </testcase>
    </testsuite>
    <testsuite name="tests/analytics-posthog.test.tsx" timestamp="2026-01-22T17:04:33.268Z" hostname="MacBookPro.lan" tests="2" failures="0" errors="0" skipped="0" time="0.062851809">
        <testcase classname="tests/analytics-posthog.test.tsx" name="Analytics Integration &gt; PostHog provider renders children without crashing" time="0.059853108">
        </testcase>
        <testcase classname="tests/analytics-posthog.test.tsx" name="Analytics Integration &gt; Initializes PostHog if key is present (simulated)" time="0.000641544">
        </testcase>
    </testsuite>
    <testsuite name="tests/analytics.route.test.ts" timestamp="2026-01-22T17:04:33.270Z" hostname="MacBookPro.lan" tests="3" failures="0" errors="0" skipped="0" time="0.108525525">
        <testcase classname="tests/analytics.route.test.ts" name="/api/analytics &gt; returns 204 for valid analytics event" time="0.099398057">
            <system-out>
{&quot;kind&quot;:&quot;analytics&quot;,&quot;name&quot;:&quot;pricing_viewed&quot;,&quot;props&quot;:{&quot;where&quot;:&quot;pricing&quot;},&quot;ts&quot;:1769101446761}

            </system-out>
        </testcase>
        <testcase classname="tests/analytics.route.test.ts" name="/api/analytics &gt; returns 204 even for malformed requests" time="0.002865038">
            <system-out>
{&quot;kind&quot;:&quot;analytics&quot;,&quot;invalid&quot;:&quot;data&quot;,&quot;ts&quot;:1769101446788}

            </system-out>
        </testcase>
        <testcase classname="tests/analytics.route.test.ts" name="/api/analytics &gt; returns 204 for GET requests (graceful handling)" time="0.003828116">
            <system-out>
{&quot;kind&quot;:&quot;analytics&quot;,&quot;ts&quot;:1769101446791}

            </system-out>
        </testcase>
    </testsuite>
    <testsuite name="tests/analytics.test.ts" timestamp="2026-01-22T17:04:33.274Z" hostname="MacBookPro.lan" tests="2" failures="0" errors="0" skipped="0" time="0.181790765">
        <testcase classname="tests/analytics.test.ts" name="/api/analytics &gt; returns 204 for valid analytics event" time="0.158240091">
            <system-out>
{&quot;kind&quot;:&quot;analytics&quot;,&quot;name&quot;:&quot;pricing_viewed&quot;,&quot;props&quot;:{&quot;where&quot;:&quot;test&quot;},&quot;ts&quot;:1769101459976}

            </system-out>
        </testcase>
        <testcase classname="tests/analytics.test.ts" name="/api/analytics &gt; returns 204 even for malformed requests" time="0.008749635">
            <system-out>
{&quot;kind&quot;:&quot;analytics&quot;,&quot;ts&quot;:1769101460033}

            </system-out>
        </testcase>
    </testsuite>
    <testsuite name="tests/api-analysis-route.test.ts" timestamp="2026-01-22T17:04:33.278Z" hostname="MacBookPro.lan" tests="3" failures="0" errors="0" skipped="0" time="0.097895004">
        <testcase classname="tests/api-analysis-route.test.ts" name="Analysis API Route &gt; should return mock analysis for valid request" time="0.086105202">
            <system-err>
No active calibration profile loaded, using default
No active calibration profile loaded, using default
No active calibration profile loaded, using default

            </system-err>
        </testcase>
        <testcase classname="tests/api-analysis-route.test.ts" name="Analysis API Route &gt; should return 422 for missing required fields" time="0.006090938">
        </testcase>
        <testcase classname="tests/api-analysis-route.test.ts" name="Analysis API Route &gt; should return 400 for invalid JSON" time="0.003732551">
        </testcase>
    </testsuite>
    <testsuite name="tests/circuit-breaker.test.ts" timestamp="2026-01-22T17:04:33.281Z" hostname="MacBookPro.lan" tests="4" failures="0" errors="0" skipped="0" time="0.044992091">
        <testcase classname="tests/circuit-breaker.test.ts" name="Circuit Breaker &gt; starts in closed state" time="0.003823406">
        </testcase>
        <testcase classname="tests/circuit-breaker.test.ts" name="Circuit Breaker &gt; opens circuit breaker after repeated failures" time="0.036357747">
            <system-out>
Signals fetch completed in 1ms, got 0 signals

Signals fetch completed in 0ms, got 0 signals

Signals fetch completed in 0ms, got 0 signals

Signals fetch completed in 0ms, got 0 signals

Signals fetch completed in 0ms, got 0 signals

Signals fetch completed in 0ms, got 0 signals

Signals fetch completed in 0ms, got 0 signals

Signals fetch completed in 0ms, got 0 signals

Signals fetch completed in 0ms, got 0 signals

Circuit breakers open, attempting to serve stale data
No stale data available, returning empty signals

Circuit breakers open, attempting to serve stale data
No stale data available, returning empty signals

Circuit breakers open, attempting to serve stale data
No stale data available, returning empty signals

Circuit breakers open, attempting to serve stale data
No stale data available, returning empty signals

Circuit breakers open, attempting to serve stale data
No stale data available, returning empty signals

Circuit breakers open, attempting to serve stale data
No stale data available, returning empty signals

            </system-out>
        </testcase>
        <testcase classname="tests/circuit-breaker.test.ts" name="Circuit Breaker &gt; serves stale data when circuit breaker is open" time="0.002186994">
        </testcase>
        <testcase classname="tests/circuit-breaker.test.ts" name="Circuit Breaker &gt; can be reset to closed state" time="0.00060099">
        </testcase>
    </testsuite>
    <testsuite name="tests/copy-button.test.tsx" timestamp="2026-01-22T17:04:33.288Z" hostname="MacBookPro.lan" tests="1" failures="0" errors="0" skipped="0" time="0.009101166">
        <testcase classname="tests/copy-button.test.tsx" name="copy-button placeholder &gt; should have a test placeholder to satisfy Vitest runner" time="0.004363753">
        </testcase>
    </testsuite>
    <testsuite name="tests/creator-dq-sentinel.test.ts" timestamp="2026-01-22T17:04:33.289Z" hostname="MacBookPro.lan" tests="16" failures="0" errors="0" skipped="0" time="0.106227668">
        <testcase classname="tests/creator-dq-sentinel.test.ts" name="CreatorDaily Data Quality Sentinel &gt; Component Range Validation &gt; should pass for valid component values in [0,1]" time="0.006784249">
        </testcase>
        <testcase classname="tests/creator-dq-sentinel.test.ts" name="CreatorDaily Data Quality Sentinel &gt; Component Range Validation &gt; should fail for values outside [0,1] range" time="0.057806942">
        </testcase>
        <testcase classname="tests/creator-dq-sentinel.test.ts" name="CreatorDaily Data Quality Sentinel &gt; Accuracy Calculation Validation &gt; should pass for correct accuracy calculation" time="0.001890698">
        </testcase>
        <testcase classname="tests/creator-dq-sentinel.test.ts" name="CreatorDaily Data Quality Sentinel &gt; Accuracy Calculation Validation &gt; should fail for incorrect accuracy calculation" time="0.004392669">
        </testcase>
        <testcase classname="tests/creator-dq-sentinel.test.ts" name="CreatorDaily Data Quality Sentinel &gt; Accuracy Calculation Validation &gt; should handle edge cases with tolerance" time="0.00167955">
        </testcase>
        <testcase classname="tests/creator-dq-sentinel.test.ts" name="CreatorDaily Data Quality Sentinel &gt; Score Calculation Validation &gt; should pass for correct score calculation" time="0.000659128">
        </testcase>
        <testcase classname="tests/creator-dq-sentinel.test.ts" name="CreatorDaily Data Quality Sentinel &gt; Score Calculation Validation &gt; should fail for incorrect score calculation" time="0.000637151">
        </testcase>
        <testcase classname="tests/creator-dq-sentinel.test.ts" name="CreatorDaily Data Quality Sentinel &gt; MaturedN Validation &gt; should pass for non-negative maturedN" time="0.000552058">
        </testcase>
        <testcase classname="tests/creator-dq-sentinel.test.ts" name="CreatorDaily Data Quality Sentinel &gt; MaturedN Validation &gt; should fail for negative maturedN" time="0.004802654">
        </testcase>
        <testcase classname="tests/creator-dq-sentinel.test.ts" name="CreatorDaily Data Quality Sentinel &gt; RetStd30d Validation &gt; should pass for null retStd30d" time="0.000599889">
        </testcase>
        <testcase classname="tests/creator-dq-sentinel.test.ts" name="CreatorDaily Data Quality Sentinel &gt; RetStd30d Validation &gt; should pass for non-negative retStd30d" time="0.000486052">
        </testcase>
        <testcase classname="tests/creator-dq-sentinel.test.ts" name="CreatorDaily Data Quality Sentinel &gt; RetStd30d Validation &gt; should fail for negative retStd30d" time="0.0005456">
        </testcase>
        <testcase classname="tests/creator-dq-sentinel.test.ts" name="CreatorDaily Data Quality Sentinel &gt; Notional30d Validation &gt; should pass for non-negative notional30d" time="0.000482852">
        </testcase>
        <testcase classname="tests/creator-dq-sentinel.test.ts" name="CreatorDaily Data Quality Sentinel &gt; Notional30d Validation &gt; should fail for negative notional30d" time="0.000671981">
        </testcase>
        <testcase classname="tests/creator-dq-sentinel.test.ts" name="CreatorDaily Data Quality Sentinel &gt; Data Quality Report Generation &gt; should generate correct report for clean data" time="0.005952596">
        </testcase>
        <testcase classname="tests/creator-dq-sentinel.test.ts" name="CreatorDaily Data Quality Sentinel &gt; Data Quality Report Generation &gt; should detect violations in dirty data" time="0.001180986">
        </testcase>
    </testsuite>
    <testsuite name="tests/creator-hub-integration.test.ts" timestamp="2026-01-22T17:04:33.302Z" hostname="MacBookPro.lan" tests="3" failures="0" errors="0" skipped="0" time="0.056231319">
        <testcase classname="tests/creator-hub-integration.test.ts" name="Creator Hub Integration &gt; Environment Configuration &gt; should have correct environment variables for testing" time="0.04580724">
        </testcase>
        <testcase classname="tests/creator-hub-integration.test.ts" name="Creator Hub Integration &gt; Environment Configuration &gt; should disable admin when env var is not set" time="0.002002108">
        </testcase>
        <testcase classname="tests/creator-hub-integration.test.ts" name="Creator Hub Integration &gt; Basic Auth Setup &gt; should create valid auth header for testing" time="0.000920083">
        </testcase>
    </testsuite>
    <testsuite name="tests/creator-profile.test.ts" timestamp="2026-01-22T17:04:33.305Z" hostname="MacBookPro.lan" tests="9" failures="2" errors="0" skipped="0" time="0.329699141">
        <testcase classname="tests/creator-profile.test.ts" name="Creator Profile API &gt; GET /api/public/creators/[id]/history &gt; should return 400 for invalid period parameter" time="0.081679823">
        </testcase>
        <testcase classname="tests/creator-profile.test.ts" name="Creator Profile API &gt; GET /api/public/creators/[id]/history &gt; should return 404 for non-existent creator" time="0.178812719">
            <system-err>
Error fetching creator history: PrismaClientInitializationError: 
Invalid `prisma.creator.findUnique()` invocation:


error: Error validating datasource `db`: the URL must start with the protocol `postgresql://` or `postgres://`.
  --&gt;  schema.prisma:7
   | 
 6 |   provider = &quot;postgresql&quot;
 7 |   url      = env(&quot;DATABASE_URL&quot;)
   | 

Validation Error Count: 1
    at ei.handleRequestError [90m(/Users/thorsrud/prediktfi-protocol-1/[39mnode_modules/[4m@prisma[24m/client/src/runtime/RequestHandler.ts:242:13[90m)[39m
    at ei.handleAndLogRequestError [90m(/Users/thorsrud/prediktfi-protocol-1/[39mnode_modules/[4m@prisma[24m/client/src/runtime/RequestHandler.ts:174:12[90m)[39m
    at ei.request [90m(/Users/thorsrud/prediktfi-protocol-1/[39mnode_modules/[4m@prisma[24m/client/src/runtime/RequestHandler.ts:143:12[90m)[39m
    at a [90m(/Users/thorsrud/prediktfi-protocol-1/[39mnode_modules/[4m@prisma[24m/client/src/runtime/getPrismaClient.ts:833:24[90m)[39m
    at Module.GET [90m(/Users/thorsrud/prediktfi-protocol-1/[39mapp/api/public/creators/[id]/history/route.ts:51:19[90m)[39m
    at [90m/Users/thorsrud/prediktfi-protocol-1/[39mtests/creator-profile.test.ts:35:24
    at [90mfile:///Users/thorsrud/prediktfi-protocol-1/[39mnode_modules/[4m@vitest[24m/runner/dist/chunk-hooks.js:752:20 {
  clientVersion: [32m&apos;6.19.0&apos;[39m,
  errorCode: [90mundefined[39m,
  retryable: [90mundefined[39m
}

            </system-err>
            <failure message="expected 500 to be 404 // Object.is equality" type="AssertionError">
AssertionError: expected 500 to be 404 // Object.is equality

- Expected
+ Received

- 404
+ 500

 ❯ tests/creator-profile.test.ts:37:31
            </failure>
        </testcase>
        <testcase classname="tests/creator-profile.test.ts" name="Creator Profile API &gt; GET /api/public/creators/[id]/history &gt; should return 200 with valid history data structure" time="0.024589856">
            <system-err>
Error fetching creator history: PrismaClientInitializationError: 
Invalid `prisma.creator.findUnique()` invocation:


error: Error validating datasource `db`: the URL must start with the protocol `postgresql://` or `postgres://`.
  --&gt;  schema.prisma:7
   | 
 6 |   provider = &quot;postgresql&quot;
 7 |   url      = env(&quot;DATABASE_URL&quot;)
   | 

Validation Error Count: 1
    at ei.handleRequestError [90m(/Users/thorsrud/prediktfi-protocol-1/[39mnode_modules/[4m@prisma[24m/client/src/runtime/RequestHandler.ts:242:13[90m)[39m
    at ei.handleAndLogRequestError [90m(/Users/thorsrud/prediktfi-protocol-1/[39mnode_modules/[4m@prisma[24m/client/src/runtime/RequestHandler.ts:174:12[90m)[39m
    at ei.request [90m(/Users/thorsrud/prediktfi-protocol-1/[39mnode_modules/[4m@prisma[24m/client/src/runtime/RequestHandler.ts:143:12[90m)[39m
    at a [90m(/Users/thorsrud/prediktfi-protocol-1/[39mnode_modules/[4m@prisma[24m/client/src/runtime/getPrismaClient.ts:833:24[90m)[39m
    at Module.GET [90m(/Users/thorsrud/prediktfi-protocol-1/[39mapp/api/public/creators/[id]/history/route.ts:51:19[90m)[39m
    at [90m/Users/thorsrud/prediktfi-protocol-1/[39mtests/creator-profile.test.ts:44:24
    at [90mfile:///Users/thorsrud/prediktfi-protocol-1/[39mnode_modules/[4m@vitest[24m/runner/dist/chunk-hooks.js:752:20 {
  clientVersion: [32m&apos;6.19.0&apos;[39m,
  errorCode: [90mundefined[39m,
  retryable: [90mundefined[39m
}

            </system-err>
        </testcase>
        <testcase classname="tests/creator-profile.test.ts" name="Creator Profile API &gt; GET /api/public/creators/[id]/history &gt; should return 304 for valid If-None-Match header" time="0.005582775">
            <system-err>
Error fetching creator history: PrismaClientInitializationError: 
Invalid `prisma.creator.findUnique()` invocation:


error: Error validating datasource `db`: the URL must start with the protocol `postgresql://` or `postgres://`.
  --&gt;  schema.prisma:7
   | 
 6 |   provider = &quot;postgresql&quot;
 7 |   url      = env(&quot;DATABASE_URL&quot;)
   | 

Validation Error Count: 1
    at ei.handleRequestError [90m(/Users/thorsrud/prediktfi-protocol-1/[39mnode_modules/[4m@prisma[24m/client/src/runtime/RequestHandler.ts:242:13[90m)[39m
    at ei.handleAndLogRequestError [90m(/Users/thorsrud/prediktfi-protocol-1/[39mnode_modules/[4m@prisma[24m/client/src/runtime/RequestHandler.ts:174:12[90m)[39m
    at ei.request [90m(/Users/thorsrud/prediktfi-protocol-1/[39mnode_modules/[4m@prisma[24m/client/src/runtime/RequestHandler.ts:143:12[90m)[39m
    at a [90m(/Users/thorsrud/prediktfi-protocol-1/[39mnode_modules/[4m@prisma[24m/client/src/runtime/getPrismaClient.ts:833:24[90m)[39m
    at Module.GET [90m(/Users/thorsrud/prediktfi-protocol-1/[39mapp/api/public/creators/[id]/history/route.ts:51:19[90m)[39m
    at [90m/Users/thorsrud/prediktfi-protocol-1/[39mtests/creator-profile.test.ts:70:24
    at [90mfile:///Users/thorsrud/prediktfi-protocol-1/[39mnode_modules/[4m@vitest[24m/runner/dist/chunk-hooks.js:752:20 {
  clientVersion: [32m&apos;6.19.0&apos;[39m,
  errorCode: [90mundefined[39m,
  retryable: [90mundefined[39m
}

            </system-err>
        </testcase>
        <testcase classname="tests/creator-profile.test.ts" name="Creator Profile API &gt; GET /api/public/creators/[id]/score &gt; should return 404 for non-existent creator" time="0.009828209">
            <system-err>
Error fetching creator score: PrismaClientInitializationError: 
Invalid `prisma.creator.findUnique()` invocation:


error: Error validating datasource `db`: the URL must start with the protocol `postgresql://` or `postgres://`.
  --&gt;  schema.prisma:7
   | 
 6 |   provider = &quot;postgresql&quot;
 7 |   url      = env(&quot;DATABASE_URL&quot;)
   | 

Validation Error Count: 1
    at ei.handleRequestError [90m(/Users/thorsrud/prediktfi-protocol-1/[39mnode_modules/[4m@prisma[24m/client/src/runtime/RequestHandler.ts:242:13[90m)[39m
    at ei.handleAndLogRequestError [90m(/Users/thorsrud/prediktfi-protocol-1/[39mnode_modules/[4m@prisma[24m/client/src/runtime/RequestHandler.ts:174:12[90m)[39m
    at ei.request [90m(/Users/thorsrud/prediktfi-protocol-1/[39mnode_modules/[4m@prisma[24m/client/src/runtime/RequestHandler.ts:143:12[90m)[39m
    at a [90m(/Users/thorsrud/prediktfi-protocol-1/[39mnode_modules/[4m@prisma[24m/client/src/runtime/getPrismaClient.ts:833:24[90m)[39m
    at Module.GET [90m(/Users/thorsrud/prediktfi-protocol-1/[39mapp/api/public/creators/[id]/score/route.ts:42:19[90m)[39m
    at [90m/Users/thorsrud/prediktfi-protocol-1/[39mtests/creator-profile.test.ts:83:24
    at [90mfile:///Users/thorsrud/prediktfi-protocol-1/[39mnode_modules/[4m@vitest[24m/runner/dist/chunk-hooks.js:752:20 {
  clientVersion: [32m&apos;6.19.0&apos;[39m,
  errorCode: [90mundefined[39m,
  retryable: [90mundefined[39m
}

            </system-err>
            <failure message="expected 500 to be 404 // Object.is equality" type="AssertionError">
AssertionError: expected 500 to be 404 // Object.is equality

- Expected
+ Received

- 404
+ 500

 ❯ tests/creator-profile.test.ts:85:31
            </failure>
        </testcase>
        <testcase classname="tests/creator-profile.test.ts" name="Creator Profile API &gt; GET /api/public/creators/[id]/score &gt; should return 200 with valid score data structure" time="0.004663263">
            <system-err>
Error fetching creator score: PrismaClientInitializationError: 
Invalid `prisma.creator.findUnique()` invocation:


error: Error validating datasource `db`: the URL must start with the protocol `postgresql://` or `postgres://`.
  --&gt;  schema.prisma:7
   | 
 6 |   provider = &quot;postgresql&quot;
 7 |   url      = env(&quot;DATABASE_URL&quot;)
   | 

Validation Error Count: 1
    at ei.handleRequestError [90m(/Users/thorsrud/prediktfi-protocol-1/[39mnode_modules/[4m@prisma[24m/client/src/runtime/RequestHandler.ts:242:13[90m)[39m
    at ei.handleAndLogRequestError [90m(/Users/thorsrud/prediktfi-protocol-1/[39mnode_modules/[4m@prisma[24m/client/src/runtime/RequestHandler.ts:174:12[90m)[39m
    at ei.request [90m(/Users/thorsrud/prediktfi-protocol-1/[39mnode_modules/[4m@prisma[24m/client/src/runtime/RequestHandler.ts:143:12[90m)[39m
    at a [90m(/Users/thorsrud/prediktfi-protocol-1/[39mnode_modules/[4m@prisma[24m/client/src/runtime/getPrismaClient.ts:833:24[90m)[39m
    at Module.GET [90m(/Users/thorsrud/prediktfi-protocol-1/[39mapp/api/public/creators/[id]/score/route.ts:42:19[90m)[39m
    at [90m/Users/thorsrud/prediktfi-protocol-1/[39mtests/creator-profile.test.ts:92:24
    at [90mfile:///Users/thorsrud/prediktfi-protocol-1/[39mnode_modules/[4m@vitest[24m/runner/dist/chunk-hooks.js:752:20 {
  clientVersion: [32m&apos;6.19.0&apos;[39m,
  errorCode: [90mundefined[39m,
  retryable: [90mundefined[39m
}

            </system-err>
        </testcase>
        <testcase classname="tests/creator-profile.test.ts" name="Creator Profile API &gt; GET /api/public/creators/[id]/score &gt; should include proper cache headers" time="0.005000473">
            <system-err>
Error fetching creator score: PrismaClientInitializationError: 
Invalid `prisma.creator.findUnique()` invocation:


error: Error validating datasource `db`: the URL must start with the protocol `postgresql://` or `postgres://`.
  --&gt;  schema.prisma:7
   | 
 6 |   provider = &quot;postgresql&quot;
 7 |   url      = env(&quot;DATABASE_URL&quot;)
   | 

Validation Error Count: 1
    at ei.handleRequestError [90m(/Users/thorsrud/prediktfi-protocol-1/[39mnode_modules/[4m@prisma[24m/client/src/runtime/RequestHandler.ts:242:13[90m)[39m
    at ei.handleAndLogRequestError [90m(/Users/thorsrud/prediktfi-protocol-1/[39mnode_modules/[4m@prisma[24m/client/src/runtime/RequestHandler.ts:174:12[90m)[39m
    at ei.request [90m(/Users/thorsrud/prediktfi-protocol-1/[39mnode_modules/[4m@prisma[24m/client/src/runtime/RequestHandler.ts:143:12[90m)[39m
    at a [90m(/Users/thorsrud/prediktfi-protocol-1/[39mnode_modules/[4m@prisma[24m/client/src/runtime/getPrismaClient.ts:833:24[90m)[39m
    at Module.GET [90m(/Users/thorsrud/prediktfi-protocol-1/[39mapp/api/public/creators/[id]/score/route.ts:42:19[90m)[39m
    at [90m/Users/thorsrud/prediktfi-protocol-1/[39mtests/creator-profile.test.ts:116:24
    at [90mfile:///Users/thorsrud/prediktfi-protocol-1/[39mnode_modules/[4m@vitest[24m/runner/dist/chunk-hooks.js:752:20 {
  clientVersion: [32m&apos;6.19.0&apos;[39m,
  errorCode: [90mundefined[39m,
  retryable: [90mundefined[39m
}

            </system-err>
        </testcase>
        <testcase classname="tests/creator-profile.test.ts" name="Creator Profile API &gt; Performance Tests &gt; should complete history request within 300ms" time="0.007261223">
            <system-err>
Error fetching creator history: PrismaClientInitializationError: 
Invalid `prisma.creator.findUnique()` invocation:


error: Error validating datasource `db`: the URL must start with the protocol `postgresql://` or `postgres://`.
  --&gt;  schema.prisma:7
   | 
 6 |   provider = &quot;postgresql&quot;
 7 |   url      = env(&quot;DATABASE_URL&quot;)
   | 

Validation Error Count: 1
    at ei.handleRequestError [90m(/Users/thorsrud/prediktfi-protocol-1/[39mnode_modules/[4m@prisma[24m/client/src/runtime/RequestHandler.ts:242:13[90m)[39m
    at ei.handleAndLogRequestError [90m(/Users/thorsrud/prediktfi-protocol-1/[39mnode_modules/[4m@prisma[24m/client/src/runtime/RequestHandler.ts:174:12[90m)[39m
    at ei.request [90m(/Users/thorsrud/prediktfi-protocol-1/[39mnode_modules/[4m@prisma[24m/client/src/runtime/RequestHandler.ts:143:12[90m)[39m
    at a [90m(/Users/thorsrud/prediktfi-protocol-1/[39mnode_modules/[4m@prisma[24m/client/src/runtime/getPrismaClient.ts:833:24[90m)[39m
    at Module.GET [90m(/Users/thorsrud/prediktfi-protocol-1/[39mapp/api/public/creators/[id]/history/route.ts:51:19[90m)[39m
    at [90m/Users/thorsrud/prediktfi-protocol-1/[39mtests/creator-profile.test.ts:130:24
    at [90mfile:///Users/thorsrud/prediktfi-protocol-1/[39mnode_modules/[4m@vitest[24m/runner/dist/chunk-hooks.js:752:20 {
  clientVersion: [32m&apos;6.19.0&apos;[39m,
  errorCode: [90mundefined[39m,
  retryable: [90mundefined[39m
}

            </system-err>
        </testcase>
        <testcase classname="tests/creator-profile.test.ts" name="Creator Profile API &gt; Performance Tests &gt; should complete score request within 100ms" time="0.006276078">
            <system-err>
Error fetching creator score: PrismaClientInitializationError: 
Invalid `prisma.creator.findUnique()` invocation:


error: Error validating datasource `db`: the URL must start with the protocol `postgresql://` or `postgres://`.
  --&gt;  schema.prisma:7
   | 
 6 |   provider = &quot;postgresql&quot;
 7 |   url      = env(&quot;DATABASE_URL&quot;)
   | 

Validation Error Count: 1
    at ei.handleRequestError [90m(/Users/thorsrud/prediktfi-protocol-1/[39mnode_modules/[4m@prisma[24m/client/src/runtime/RequestHandler.ts:242:13[90m)[39m
    at ei.handleAndLogRequestError [90m(/Users/thorsrud/prediktfi-protocol-1/[39mnode_modules/[4m@prisma[24m/client/src/runtime/RequestHandler.ts:174:12[90m)[39m
    at ei.request [90m(/Users/thorsrud/prediktfi-protocol-1/[39mnode_modules/[4m@prisma[24m/client/src/runtime/RequestHandler.ts:143:12[90m)[39m
    at a [90m(/Users/thorsrud/prediktfi-protocol-1/[39mnode_modules/[4m@prisma[24m/client/src/runtime/getPrismaClient.ts:833:24[90m)[39m
    at Module.GET [90m(/Users/thorsrud/prediktfi-protocol-1/[39mapp/api/public/creators/[id]/score/route.ts:42:19[90m)[39m
    at [90m/Users/thorsrud/prediktfi-protocol-1/[39mtests/creator-profile.test.ts:142:24
    at [90mfile:///Users/thorsrud/prediktfi-protocol-1/[39mnode_modules/[4m@vitest[24m/runner/dist/chunk-hooks.js:752:20 {
  clientVersion: [32m&apos;6.19.0&apos;[39m,
  errorCode: [90mundefined[39m,
  retryable: [90mundefined[39m
}

            </system-err>
        </testcase>
    </testsuite>
    <testsuite name="tests/creator-utils.test.ts" timestamp="2026-01-22T17:04:33.329Z" hostname="MacBookPro.lan" tests="13" failures="0" errors="0" skipped="0" time="0.147984049">
        <testcase classname="tests/creator-utils.test.ts" name="Creator Utils &gt; slugifyTitle &gt; converts title to lowercase with hyphens" time="0.010418801">
        </testcase>
        <testcase classname="tests/creator-utils.test.ts" name="Creator Utils &gt; slugifyTitle &gt; removes special characters" time="0.017298692">
        </testcase>
        <testcase classname="tests/creator-utils.test.ts" name="Creator Utils &gt; slugifyTitle &gt; handles multiple spaces" time="0.004335438">
        </testcase>
        <testcase classname="tests/creator-utils.test.ts" name="Creator Utils &gt; slugifyTitle &gt; removes leading and trailing hyphens" time="0.00085947">
        </testcase>
        <testcase classname="tests/creator-utils.test.ts" name="Creator Utils &gt; slugifyTitle &gt; handles empty string" time="0.000387897">
        </testcase>
        <testcase classname="tests/creator-utils.test.ts" name="Creator Utils &gt; slugifyTitle &gt; handles Norwegian characters" time="0.000527352">
        </testcase>
        <testcase classname="tests/creator-utils.test.ts" name="Creator Utils &gt; buildRefUrl &gt; builds URL with creator and ref parameters" time="0.012606344">
        </testcase>
        <testcase classname="tests/creator-utils.test.ts" name="Creator Utils &gt; buildRefUrl &gt; uses creator as ref when no ref provided" time="0.058770354">
        </testcase>
        <testcase classname="tests/creator-utils.test.ts" name="Creator Utils &gt; buildRefUrl &gt; handles URL encoding" time="0.025040687">
        </testcase>
        <testcase classname="tests/creator-utils.test.ts" name="Creator Utils &gt; buildRefUrl &gt; handles empty ref" time="0.003374775">
        </testcase>
        <testcase classname="tests/creator-utils.test.ts" name="Creator Utils &gt; generateMarketId &gt; generates ID with current year suffix" time="0.000704947">
        </testcase>
        <testcase classname="tests/creator-utils.test.ts" name="Creator Utils &gt; generateMarketId &gt; handles empty title" time="0.000545007">
        </testcase>
        <testcase classname="tests/creator-utils.test.ts" name="Creator Utils &gt; generateMarketId &gt; handles complex titles" time="0.000515426">
        </testcase>
    </testsuite>
    <testsuite name="tests/indicators.test.ts" timestamp="2026-01-22T17:04:33.340Z" hostname="MacBookPro.lan" tests="6" failures="0" errors="0" skipped="0" time="0.080540013">
        <testcase classname="tests/indicators.test.ts" name="Technical Indicators &gt; should have RSI calculation function" time="0.015826638">
        </testcase>
        <testcase classname="tests/indicators.test.ts" name="Technical Indicators &gt; should have SMA calculation function" time="0.008283273">
        </testcase>
        <testcase classname="tests/indicators.test.ts" name="Technical Indicators &gt; should have EMA calculation function" time="0.009179628">
        </testcase>
        <testcase classname="tests/indicators.test.ts" name="Technical Indicators &gt; should have ATR calculation function" time="0.010532521">
        </testcase>
        <testcase classname="tests/indicators.test.ts" name="Technical Indicators &gt; should have support/resistance detection" time="0.00864019">
        </testcase>
        <testcase classname="tests/indicators.test.ts" name="Technical Indicators &gt; should have moving average crossover detection" time="0.011076738">
        </testcase>
    </testsuite>
    <testsuite name="tests/license.test.ts" timestamp="2026-01-22T17:04:33.385Z" hostname="MacBookPro.lan" tests="2" failures="0" errors="0" skipped="0" time="0.031010248">
        <testcase classname="tests/license.test.ts" name="license utils &gt; computes and verifies license" time="0.02567633">
        </testcase>
        <testcase classname="tests/license.test.ts" name="license utils &gt; rejects tampered license" time="0.001537385">
        </testcase>
    </testsuite>
    <testsuite name="tests/logistic.test.ts" timestamp="2026-01-22T17:04:33.388Z" hostname="MacBookPro.lan" tests="10" failures="0" errors="0" skipped="0" time="0.114813618">
        <testcase classname="tests/logistic.test.ts" name="Logistic Regression &gt; should train model successfully" time="0.040528238">
            <system-out>
Training logistic regression on 6 samples...
Iteration 0: loss=0.684044, accuracy=0.500
Iteration 10: loss=0.649230, accuracy=0.500
Training completed: 20 iterations, final accuracy: 0.667

            </system-out>
        </testcase>
        <testcase classname="tests/logistic.test.ts" name="Logistic Regression &gt; should predict probabilities monotonically" time="0.00396347">
            <system-out>
Training logistic regression on 6 samples...
Iteration 0: loss=0.686441, accuracy=0.833
Iteration 10: loss=0.649397, accuracy=0.667
Training completed: 20 iterations, final accuracy: 0.667

            </system-out>
        </testcase>
        <testcase classname="tests/logistic.test.ts" name="Logistic Regression &gt; should predict binary outcomes correctly" time="0.004895193">
            <system-out>
Training logistic regression on 6 samples...
Iteration 0: loss=0.701836, accuracy=0.000
Iteration 10: loss=0.663229, accuracy=0.500
Iteration 20: loss=0.632679, accuracy=0.667
Iteration 30: loss=0.605996, accuracy=0.833
Iteration 40: loss=0.581880, accuracy=0.833
Training completed: 50 iterations, final accuracy: 0.833

            </system-out>
        </testcase>
        <testcase classname="tests/logistic.test.ts" name="Logistic Regression &gt; should save and load model correctly" time="0.030902884">
            <system-out>
Training logistic regression on 6 samples...
Iteration 0: loss=0.689549, accuracy=0.500
Iteration 10: loss=0.653731, accuracy=0.500
Training completed: 20 iterations, final accuracy: 0.667

            </system-out>
        </testcase>
        <testcase classname="tests/logistic.test.ts" name="Logistic Regression &gt; should validate model performance" time="0.003384217">
            <system-out>
Training logistic regression on 6 samples...
Iteration 0: loss=0.690297, accuracy=0.500
Iteration 10: loss=0.549388, accuracy=0.833
Iteration 20: loss=0.465615, accuracy=1.000
Iteration 30: loss=0.408289, accuracy=1.000
Iteration 40: loss=0.367400, accuracy=1.000
Iteration 50: loss=0.337144, accuracy=1.000
Iteration 60: loss=0.314055, accuracy=1.000
Iteration 70: loss=0.295979, accuracy=1.000
Iteration 80: loss=0.281526, accuracy=1.000
Iteration 90: loss=0.269768, accuracy=1.000
Training completed: 100 iterations, final accuracy: 1.000

            </system-out>
        </testcase>
        <testcase classname="tests/logistic.test.ts" name="Logistic Regression &gt; should calculate feature importance" time="0.001697752">
            <system-out>
Training logistic regression on 6 samples...
Iteration 0: loss=0.698707, accuracy=0.000
Iteration 10: loss=0.660602, accuracy=0.500
Training completed: 20 iterations, final accuracy: 0.667

            </system-out>
        </testcase>
        <testcase classname="tests/logistic.test.ts" name="Logistic Regression &gt; should handle empty training data" time="0.001738803">
        </testcase>
        <testcase classname="tests/logistic.test.ts" name="Logistic Regression &gt; should handle mismatched data lengths" time="0.000568195">
        </testcase>
        <testcase classname="tests/logistic.test.ts" name="Logistic Regression &gt; should converge within max iterations" time="0.02199968">
            <system-out>
Training logistic regression on 6 samples...
Iteration 0: loss=0.686387, accuracy=0.500
Training completed: 5 iterations, final accuracy: 0.500

            </system-out>
        </testcase>
        <testcase classname="tests/logistic.test.ts" name="Logistic Regression &gt; should improve with more iterations" time="0.001298847">
            <system-out>
Training logistic regression on 6 samples...
Iteration 0: loss=0.708731, accuracy=0.500
Training completed: 5 iterations, final accuracy: 0.667
Training logistic regression on 6 samples...
Iteration 0: loss=0.692152, accuracy=0.500
Iteration 10: loss=0.653789, accuracy=0.667
Training completed: 20 iterations, final accuracy: 0.667

            </system-out>
        </testcase>
    </testsuite>
    <testsuite name="tests/memo.test.ts" timestamp="2026-01-22T17:04:33.420Z" hostname="MacBookPro.lan" tests="1" failures="0" errors="0" skipped="0" time="0.017771874">
        <testcase classname="tests/memo.test.ts" name="memo helpers &gt; creates valid JSON with expected fields" time="0.011316332">
        </testcase>
    </testsuite>
    <testsuite name="tests/payment.test.ts" timestamp="2026-01-22T17:04:33.422Z" hostname="MacBookPro.lan" tests="5" failures="5" errors="0" skipped="0" time="0.113780062">
        <testcase classname="tests/payment.test.ts" name="Payment System &gt; Solana Pay URL Generation &gt; should create valid Solana Pay URL for USDC" time="0.084461782">
            <failure message="
Invalid `prisma.payment.deleteMany()` invocation:


error: Error validating datasource `db`: the URL must start with the protocol `postgresql://` or `postgres://`.
  --&gt;  schema.prisma:7
   | 
 6 |   provider = &quot;postgresql&quot;
 7 |   url      = env(&quot;DATABASE_URL&quot;)
   | 

Validation Error Count: 1" type="PrismaClientInitializationError">
PrismaClientInitializationError: 
Invalid `prisma.payment.deleteMany()` invocation:


error: Error validating datasource `db`: the URL must start with the protocol `postgresql://` or `postgres://`.
  --&gt;  schema.prisma:7
   | 
 6 |   provider = &quot;postgresql&quot;
 7 |   url      = env(&quot;DATABASE_URL&quot;)
   | 

Validation Error Count: 1
 ❯ ei.handleRequestError node_modules/@prisma/client/src/runtime/RequestHandler.ts:242:13
 ❯ ei.handleAndLogRequestError node_modules/@prisma/client/src/runtime/RequestHandler.ts:174:12
 ❯ ei.request node_modules/@prisma/client/src/runtime/RequestHandler.ts:143:12
 ❯ a node_modules/@prisma/client/src/runtime/getPrismaClient.ts:833:24
 ❯ tests/payment.test.ts:10:5

⎯⎯⎯⎯⎯⎯⎯⎯⎯⎯⎯⎯⎯⎯⎯⎯⎯⎯⎯⎯⎯⎯⎯⎯⎯⎯⎯⎯⎯⎯⎯⎯⎯⎯⎯⎯⎯⎯⎯⎯⎯⎯⎯⎯⎯⎯⎯⎯⎯⎯⎯⎯⎯⎯⎯⎯⎯⎯⎯⎯⎯⎯⎯⎯⎯⎯⎯⎯⎯⎯⎯⎯⎯⎯⎯⎯⎯⎯⎯⎯⎯⎯⎯⎯⎯⎯⎯
Serialized Error: { clientVersion: &apos;6.19.0&apos;, errorCode: undefined, retryable: undefined }
            </failure>
            <failure message="
Invalid `prisma.payment.deleteMany()` invocation:


error: Error validating datasource `db`: the URL must start with the protocol `postgresql://` or `postgres://`.
  --&gt;  schema.prisma:7
   | 
 6 |   provider = &quot;postgresql&quot;
 7 |   url      = env(&quot;DATABASE_URL&quot;)
   | 

Validation Error Count: 1" type="PrismaClientInitializationError">
PrismaClientInitializationError: 
Invalid `prisma.payment.deleteMany()` invocation:


error: Error validating datasource `db`: the URL must start with the protocol `postgresql://` or `postgres://`.
  --&gt;  schema.prisma:7
   | 
 6 |   provider = &quot;postgresql&quot;
 7 |   url      = env(&quot;DATABASE_URL&quot;)
   | 

Validation Error Count: 1
 ❯ ei.handleRequestError node_modules/@prisma/client/src/runtime/RequestHandler.ts:242:13
 ❯ ei.handleAndLogRequestError node_modules/@prisma/client/src/runtime/RequestHandler.ts:174:12
 ❯ ei.request node_modules/@prisma/client/src/runtime/RequestHandler.ts:143:12
 ❯ a node_modules/@prisma/client/src/runtime/getPrismaClient.ts:833:24
 ❯ tests/payment.test.ts:16:5

⎯⎯⎯⎯⎯⎯⎯⎯⎯⎯⎯⎯⎯⎯⎯⎯⎯⎯⎯⎯⎯⎯⎯⎯⎯⎯⎯⎯⎯⎯⎯⎯⎯⎯⎯⎯⎯⎯⎯⎯⎯⎯⎯⎯⎯⎯⎯⎯⎯⎯⎯⎯⎯⎯⎯⎯⎯⎯⎯⎯⎯⎯⎯⎯⎯⎯⎯⎯⎯⎯⎯⎯⎯⎯⎯⎯⎯⎯⎯⎯⎯⎯⎯⎯⎯⎯⎯
Serialized Error: { clientVersion: &apos;6.19.0&apos;, errorCode: undefined, retryable: undefined }
            </failure>
        </testcase>
        <testcase classname="tests/payment.test.ts" name="Payment System &gt; Solana Pay URL Generation &gt; should create valid Solana Pay URL for SOL" time="0.006418745">
            <failure message="
Invalid `prisma.payment.deleteMany()` invocation:


error: Error validating datasource `db`: the URL must start with the protocol `postgresql://` or `postgres://`.
  --&gt;  schema.prisma:7
   | 
 6 |   provider = &quot;postgresql&quot;
 7 |   url      = env(&quot;DATABASE_URL&quot;)
   | 

Validation Error Count: 1" type="PrismaClientInitializationError">
PrismaClientInitializationError: 
Invalid `prisma.payment.deleteMany()` invocation:


error: Error validating datasource `db`: the URL must start with the protocol `postgresql://` or `postgres://`.
  --&gt;  schema.prisma:7
   | 
 6 |   provider = &quot;postgresql&quot;
 7 |   url      = env(&quot;DATABASE_URL&quot;)
   | 

Validation Error Count: 1
 ❯ ei.handleRequestError node_modules/@prisma/client/src/runtime/RequestHandler.ts:242:13
 ❯ ei.handleAndLogRequestError node_modules/@prisma/client/src/runtime/RequestHandler.ts:174:12
 ❯ ei.request node_modules/@prisma/client/src/runtime/RequestHandler.ts:143:12
 ❯ a node_modules/@prisma/client/src/runtime/getPrismaClient.ts:833:24
 ❯ tests/payment.test.ts:10:5

⎯⎯⎯⎯⎯⎯⎯⎯⎯⎯⎯⎯⎯⎯⎯⎯⎯⎯⎯⎯⎯⎯⎯⎯⎯⎯⎯⎯⎯⎯⎯⎯⎯⎯⎯⎯⎯⎯⎯⎯⎯⎯⎯⎯⎯⎯⎯⎯⎯⎯⎯⎯⎯⎯⎯⎯⎯⎯⎯⎯⎯⎯⎯⎯⎯⎯⎯⎯⎯⎯⎯⎯⎯⎯⎯⎯⎯⎯⎯⎯⎯⎯⎯⎯⎯⎯⎯
Serialized Error: { clientVersion: &apos;6.19.0&apos;, errorCode: undefined, retryable: undefined }
            </failure>
            <failure message="
Invalid `prisma.payment.deleteMany()` invocation:


error: Error validating datasource `db`: the URL must start with the protocol `postgresql://` or `postgres://`.
  --&gt;  schema.prisma:7
   | 
 6 |   provider = &quot;postgresql&quot;
 7 |   url      = env(&quot;DATABASE_URL&quot;)
   | 

Validation Error Count: 1" type="PrismaClientInitializationError">
PrismaClientInitializationError: 
Invalid `prisma.payment.deleteMany()` invocation:


error: Error validating datasource `db`: the URL must start with the protocol `postgresql://` or `postgres://`.
  --&gt;  schema.prisma:7
   | 
 6 |   provider = &quot;postgresql&quot;
 7 |   url      = env(&quot;DATABASE_URL&quot;)
   | 

Validation Error Count: 1
 ❯ ei.handleRequestError node_modules/@prisma/client/src/runtime/RequestHandler.ts:242:13
 ❯ ei.handleAndLogRequestError node_modules/@prisma/client/src/runtime/RequestHandler.ts:174:12
 ❯ ei.request node_modules/@prisma/client/src/runtime/RequestHandler.ts:143:12
 ❯ a node_modules/@prisma/client/src/runtime/getPrismaClient.ts:833:24
 ❯ tests/payment.test.ts:16:5

⎯⎯⎯⎯⎯⎯⎯⎯⎯⎯⎯⎯⎯⎯⎯⎯⎯⎯⎯⎯⎯⎯⎯⎯⎯⎯⎯⎯⎯⎯⎯⎯⎯⎯⎯⎯⎯⎯⎯⎯⎯⎯⎯⎯⎯⎯⎯⎯⎯⎯⎯⎯⎯⎯⎯⎯⎯⎯⎯⎯⎯⎯⎯⎯⎯⎯⎯⎯⎯⎯⎯⎯⎯⎯⎯⎯⎯⎯⎯⎯⎯⎯⎯⎯⎯⎯⎯
Serialized Error: { clientVersion: &apos;6.19.0&apos;, errorCode: undefined, retryable: undefined }
            </failure>
        </testcase>
        <testcase classname="tests/payment.test.ts" name="Payment System &gt; SOL Amount Calculation &gt; should calculate SOL amount from USD" time="0.005640681">
            <failure message="
Invalid `prisma.payment.deleteMany()` invocation:


error: Error validating datasource `db`: the URL must start with the protocol `postgresql://` or `postgres://`.
  --&gt;  schema.prisma:7
   | 
 6 |   provider = &quot;postgresql&quot;
 7 |   url      = env(&quot;DATABASE_URL&quot;)
   | 

Validation Error Count: 1" type="PrismaClientInitializationError">
PrismaClientInitializationError: 
Invalid `prisma.payment.deleteMany()` invocation:


error: Error validating datasource `db`: the URL must start with the protocol `postgresql://` or `postgres://`.
  --&gt;  schema.prisma:7
   | 
 6 |   provider = &quot;postgresql&quot;
 7 |   url      = env(&quot;DATABASE_URL&quot;)
   | 

Validation Error Count: 1
 ❯ ei.handleRequestError node_modules/@prisma/client/src/runtime/RequestHandler.ts:242:13
 ❯ ei.handleAndLogRequestError node_modules/@prisma/client/src/runtime/RequestHandler.ts:174:12
 ❯ ei.request node_modules/@prisma/client/src/runtime/RequestHandler.ts:143:12
 ❯ a node_modules/@prisma/client/src/runtime/getPrismaClient.ts:833:24
 ❯ tests/payment.test.ts:10:5

⎯⎯⎯⎯⎯⎯⎯⎯⎯⎯⎯⎯⎯⎯⎯⎯⎯⎯⎯⎯⎯⎯⎯⎯⎯⎯⎯⎯⎯⎯⎯⎯⎯⎯⎯⎯⎯⎯⎯⎯⎯⎯⎯⎯⎯⎯⎯⎯⎯⎯⎯⎯⎯⎯⎯⎯⎯⎯⎯⎯⎯⎯⎯⎯⎯⎯⎯⎯⎯⎯⎯⎯⎯⎯⎯⎯⎯⎯⎯⎯⎯⎯⎯⎯⎯⎯⎯
Serialized Error: { clientVersion: &apos;6.19.0&apos;, errorCode: undefined, retryable: undefined }
            </failure>
            <failure message="
Invalid `prisma.payment.deleteMany()` invocation:


error: Error validating datasource `db`: the URL must start with the protocol `postgresql://` or `postgres://`.
  --&gt;  schema.prisma:7
   | 
 6 |   provider = &quot;postgresql&quot;
 7 |   url      = env(&quot;DATABASE_URL&quot;)
   | 

Validation Error Count: 1" type="PrismaClientInitializationError">
PrismaClientInitializationError: 
Invalid `prisma.payment.deleteMany()` invocation:


error: Error validating datasource `db`: the URL must start with the protocol `postgresql://` or `postgres://`.
  --&gt;  schema.prisma:7
   | 
 6 |   provider = &quot;postgresql&quot;
 7 |   url      = env(&quot;DATABASE_URL&quot;)
   | 

Validation Error Count: 1
 ❯ ei.handleRequestError node_modules/@prisma/client/src/runtime/RequestHandler.ts:242:13
 ❯ ei.handleAndLogRequestError node_modules/@prisma/client/src/runtime/RequestHandler.ts:174:12
 ❯ ei.request node_modules/@prisma/client/src/runtime/RequestHandler.ts:143:12
 ❯ a node_modules/@prisma/client/src/runtime/getPrismaClient.ts:833:24
 ❯ tests/payment.test.ts:16:5

⎯⎯⎯⎯⎯⎯⎯⎯⎯⎯⎯⎯⎯⎯⎯⎯⎯⎯⎯⎯⎯⎯⎯⎯⎯⎯⎯⎯⎯⎯⎯⎯⎯⎯⎯⎯⎯⎯⎯⎯⎯⎯⎯⎯⎯⎯⎯⎯⎯⎯⎯⎯⎯⎯⎯⎯⎯⎯⎯⎯⎯⎯⎯⎯⎯⎯⎯⎯⎯⎯⎯⎯⎯⎯⎯⎯⎯⎯⎯⎯⎯⎯⎯⎯⎯⎯⎯
Serialized Error: { clientVersion: &apos;6.19.0&apos;, errorCode: undefined, retryable: undefined }
            </failure>
        </testcase>
        <testcase classname="tests/payment.test.ts" name="Payment System &gt; Invoice Creation &gt; should create invoice with correct data" time="0.007911929">
            <failure message="
Invalid `prisma.payment.deleteMany()` invocation:


error: Error validating datasource `db`: the URL must start with the protocol `postgresql://` or `postgres://`.
  --&gt;  schema.prisma:7
   | 
 6 |   provider = &quot;postgresql&quot;
 7 |   url      = env(&quot;DATABASE_URL&quot;)
   | 

Validation Error Count: 1" type="PrismaClientInitializationError">
PrismaClientInitializationError: 
Invalid `prisma.payment.deleteMany()` invocation:


error: Error validating datasource `db`: the URL must start with the protocol `postgresql://` or `postgres://`.
  --&gt;  schema.prisma:7
   | 
 6 |   provider = &quot;postgresql&quot;
 7 |   url      = env(&quot;DATABASE_URL&quot;)
   | 

Validation Error Count: 1
 ❯ ei.handleRequestError node_modules/@prisma/client/src/runtime/RequestHandler.ts:242:13
 ❯ ei.handleAndLogRequestError node_modules/@prisma/client/src/runtime/RequestHandler.ts:174:12
 ❯ ei.request node_modules/@prisma/client/src/runtime/RequestHandler.ts:143:12
 ❯ a node_modules/@prisma/client/src/runtime/getPrismaClient.ts:833:24
 ❯ tests/payment.test.ts:10:5

⎯⎯⎯⎯⎯⎯⎯⎯⎯⎯⎯⎯⎯⎯⎯⎯⎯⎯⎯⎯⎯⎯⎯⎯⎯⎯⎯⎯⎯⎯⎯⎯⎯⎯⎯⎯⎯⎯⎯⎯⎯⎯⎯⎯⎯⎯⎯⎯⎯⎯⎯⎯⎯⎯⎯⎯⎯⎯⎯⎯⎯⎯⎯⎯⎯⎯⎯⎯⎯⎯⎯⎯⎯⎯⎯⎯⎯⎯⎯⎯⎯⎯⎯⎯⎯⎯⎯
Serialized Error: { clientVersion: &apos;6.19.0&apos;, errorCode: undefined, retryable: undefined }
            </failure>
            <failure message="
Invalid `prisma.payment.deleteMany()` invocation:


error: Error validating datasource `db`: the URL must start with the protocol `postgresql://` or `postgres://`.
  --&gt;  schema.prisma:7
   | 
 6 |   provider = &quot;postgresql&quot;
 7 |   url      = env(&quot;DATABASE_URL&quot;)
   | 

Validation Error Count: 1" type="PrismaClientInitializationError">
PrismaClientInitializationError: 
Invalid `prisma.payment.deleteMany()` invocation:


error: Error validating datasource `db`: the URL must start with the protocol `postgresql://` or `postgres://`.
  --&gt;  schema.prisma:7
   | 
 6 |   provider = &quot;postgresql&quot;
 7 |   url      = env(&quot;DATABASE_URL&quot;)
   | 

Validation Error Count: 1
 ❯ ei.handleRequestError node_modules/@prisma/client/src/runtime/RequestHandler.ts:242:13
 ❯ ei.handleAndLogRequestError node_modules/@prisma/client/src/runtime/RequestHandler.ts:174:12
 ❯ ei.request node_modules/@prisma/client/src/runtime/RequestHandler.ts:143:12
 ❯ a node_modules/@prisma/client/src/runtime/getPrismaClient.ts:833:24
 ❯ tests/payment.test.ts:16:5

⎯⎯⎯⎯⎯⎯⎯⎯⎯⎯⎯⎯⎯⎯⎯⎯⎯⎯⎯⎯⎯⎯⎯⎯⎯⎯⎯⎯⎯⎯⎯⎯⎯⎯⎯⎯⎯⎯⎯⎯⎯⎯⎯⎯⎯⎯⎯⎯⎯⎯⎯⎯⎯⎯⎯⎯⎯⎯⎯⎯⎯⎯⎯⎯⎯⎯⎯⎯⎯⎯⎯⎯⎯⎯⎯⎯⎯⎯⎯⎯⎯⎯⎯⎯⎯⎯⎯
Serialized Error: { clientVersion: &apos;6.19.0&apos;, errorCode: undefined, retryable: undefined }
            </failure>
        </testcase>
        <testcase classname="tests/payment.test.ts" name="Payment System &gt; Payment Creation &gt; should create payment record" time="0.006760282">
            <failure message="
Invalid `prisma.payment.deleteMany()` invocation:


error: Error validating datasource `db`: the URL must start with the protocol `postgresql://` or `postgres://`.
  --&gt;  schema.prisma:7
   | 
 6 |   provider = &quot;postgresql&quot;
 7 |   url      = env(&quot;DATABASE_URL&quot;)
   | 

Validation Error Count: 1" type="PrismaClientInitializationError">
PrismaClientInitializationError: 
Invalid `prisma.payment.deleteMany()` invocation:


error: Error validating datasource `db`: the URL must start with the protocol `postgresql://` or `postgres://`.
  --&gt;  schema.prisma:7
   | 
 6 |   provider = &quot;postgresql&quot;
 7 |   url      = env(&quot;DATABASE_URL&quot;)
   | 

Validation Error Count: 1
 ❯ ei.handleRequestError node_modules/@prisma/client/src/runtime/RequestHandler.ts:242:13
 ❯ ei.handleAndLogRequestError node_modules/@prisma/client/src/runtime/RequestHandler.ts:174:12
 ❯ ei.request node_modules/@prisma/client/src/runtime/RequestHandler.ts:143:12
 ❯ a node_modules/@prisma/client/src/runtime/getPrismaClient.ts:833:24
 ❯ tests/payment.test.ts:10:5

⎯⎯⎯⎯⎯⎯⎯⎯⎯⎯⎯⎯⎯⎯⎯⎯⎯⎯⎯⎯⎯⎯⎯⎯⎯⎯⎯⎯⎯⎯⎯⎯⎯⎯⎯⎯⎯⎯⎯⎯⎯⎯⎯⎯⎯⎯⎯⎯⎯⎯⎯⎯⎯⎯⎯⎯⎯⎯⎯⎯⎯⎯⎯⎯⎯⎯⎯⎯⎯⎯⎯⎯⎯⎯⎯⎯⎯⎯⎯⎯⎯⎯⎯⎯⎯⎯⎯
Serialized Error: { clientVersion: &apos;6.19.0&apos;, errorCode: undefined, retryable: undefined }
            </failure>
            <failure message="
Invalid `prisma.payment.deleteMany()` invocation:


error: Error validating datasource `db`: the URL must start with the protocol `postgresql://` or `postgres://`.
  --&gt;  schema.prisma:7
   | 
 6 |   provider = &quot;postgresql&quot;
 7 |   url      = env(&quot;DATABASE_URL&quot;)
   | 

Validation Error Count: 1" type="PrismaClientInitializationError">
PrismaClientInitializationError: 
Invalid `prisma.payment.deleteMany()` invocation:


error: Error validating datasource `db`: the URL must start with the protocol `postgresql://` or `postgres://`.
  --&gt;  schema.prisma:7
   | 
 6 |   provider = &quot;postgresql&quot;
 7 |   url      = env(&quot;DATABASE_URL&quot;)
   | 

Validation Error Count: 1
 ❯ ei.handleRequestError node_modules/@prisma/client/src/runtime/RequestHandler.ts:242:13
 ❯ ei.handleAndLogRequestError node_modules/@prisma/client/src/runtime/RequestHandler.ts:174:12
 ❯ ei.request node_modules/@prisma/client/src/runtime/RequestHandler.ts:143:12
 ❯ a node_modules/@prisma/client/src/runtime/getPrismaClient.ts:833:24
 ❯ tests/payment.test.ts:16:5

⎯⎯⎯⎯⎯⎯⎯⎯⎯⎯⎯⎯⎯⎯⎯⎯⎯⎯⎯⎯⎯⎯⎯⎯⎯⎯⎯⎯⎯⎯⎯⎯⎯⎯⎯⎯⎯⎯⎯⎯⎯⎯⎯⎯⎯⎯⎯⎯⎯⎯⎯⎯⎯⎯⎯⎯⎯⎯⎯⎯⎯⎯⎯⎯⎯⎯⎯⎯⎯⎯⎯⎯⎯⎯⎯⎯⎯⎯⎯⎯⎯⎯⎯⎯⎯⎯⎯
Serialized Error: { clientVersion: &apos;6.19.0&apos;, errorCode: undefined, retryable: undefined }
            </failure>
        </testcase>
    </testsuite>
    <testsuite name="tests/platt.test.ts" timestamp="2026-01-22T17:04:33.463Z" hostname="MacBookPro.lan" tests="12" failures="0" errors="0" skipped="0" time="0.287452222">
        <testcase classname="tests/platt.test.ts" name="Platt Scaling &gt; should fit Platt scaling successfully" time="0.019380481">
            <system-out>
Training Platt scaling on 15 samples, holdout: 5
Platt iteration 0: loss=0.097333, a=1.0003, b=-0.0002
Platt iteration 100: loss=0.094540, a=1.0328, b=-0.0186
Platt iteration 200: loss=0.091965, a=1.0640, b=-0.0363
Platt iteration 300: loss=0.089581, a=1.0941, b=-0.0533
Platt iteration 400: loss=0.087368, a=1.1230, b=-0.0697
Platt iteration 500: loss=0.085305, a=1.1510, b=-0.0854
Platt iteration 600: loss=0.083376, a=1.1781, b=-0.1006
Platt iteration 700: loss=0.081569, a=1.2043, b=-0.1152
Platt iteration 800: loss=0.079870, a=1.2298, b=-0.1294
Platt iteration 900: loss=0.078271, a=1.2546, b=-0.1430
Platt scaling results:
  Original Brier score: 0.049000
  Calibrated Brier score: 0.040410
  Improvement: 0.008590
  Parameters: a=1.2784, b=-0.1561

            </system-out>
        </testcase>
        <testcase classname="tests/platt.test.ts" name="Platt Scaling &gt; should improve Brier score on holdout set" time="0.02776965">
            <system-out>
Training Platt scaling on 15 samples, holdout: 5
Platt iteration 0: loss=0.077000, a=1.0003, b=0.0000
Platt iteration 100: loss=0.075019, a=1.0318, b=0.0009
Platt iteration 200: loss=0.073215, a=1.0618, b=0.0017
Platt iteration 300: loss=0.071562, a=1.0905, b=0.0022
Platt iteration 400: loss=0.070040, a=1.1181, b=0.0026
Platt iteration 500: loss=0.068632, a=1.1446, b=0.0029
Platt iteration 600: loss=0.067324, a=1.1702, b=0.0030
Platt iteration 700: loss=0.066104, a=1.1949, b=0.0030
Platt iteration 800: loss=0.064962, a=1.2187, b=0.0029
Platt iteration 900: loss=0.063891, a=1.2419, b=0.0028
Platt scaling results:
  Original Brier score: 0.110000
  Calibrated Brier score: 0.096389
  Improvement: 0.013611
  Parameters: a=1.2641, b=0.0025

            </system-out>
        </testcase>
        <testcase classname="tests/platt.test.ts" name="Platt Scaling &gt; should calibrate probabilities correctly" time="0.03297063">
            <system-out>
Training Platt scaling on 15 samples, holdout: 5
Platt iteration 0: loss=0.090833, a=1.0003, b=-0.0002
Platt iteration 100: loss=0.087996, a=1.0338, b=-0.0174
Platt iteration 200: loss=0.085429, a=1.0657, b=-0.0337
Platt iteration 300: loss=0.083094, a=1.0962, b=-0.0491
Platt iteration 400: loss=0.080958, a=1.1254, b=-0.0638
Platt iteration 500: loss=0.078995, a=1.1534, b=-0.0777
Platt iteration 600: loss=0.077182, a=1.1804, b=-0.0911
Platt iteration 700: loss=0.075502, a=1.2064, b=-0.1038
Platt iteration 800: loss=0.073939, a=1.2315, b=-0.1160
Platt iteration 900: loss=0.072481, a=1.2559, b=-0.1278
Platt scaling results:
  Original Brier score: 0.068500
  Calibrated Brier score: 0.058099
  Improvement: 0.010401
  Parameters: a=1.2792, b=-0.1389

            </system-out>
        </testcase>
        <testcase classname="tests/platt.test.ts" name="Platt Scaling &gt; should maintain monotonicity after calibration" time="0.02093894">
            <system-out>
Training Platt scaling on 15 samples, holdout: 5
Platt iteration 0: loss=0.205500, a=0.9998, b=0.0002
Platt iteration 100: loss=0.203972, a=0.9809, b=0.0204
Platt iteration 200: loss=0.202576, a=0.9629, b=0.0397
Platt iteration 300: loss=0.201308, a=0.9459, b=0.0582
Platt iteration 400: loss=0.200163, a=0.9299, b=0.0760
Platt iteration 500: loss=0.199134, a=0.9147, b=0.0929
Platt iteration 600: loss=0.198214, a=0.9006, b=0.1090
Platt iteration 700: loss=0.197394, a=0.8874, b=0.1243
Platt iteration 800: loss=0.196668, a=0.8751, b=0.1388
Platt iteration 900: loss=0.196026, a=0.8636, b=0.1526
Platt scaling results:
  Original Brier score: 0.244500
  Calibrated Brier score: 0.260216
  Improvement: -0.015716
  Parameters: a=0.8532, b=0.1655

            </system-out>
        </testcase>
        <testcase classname="tests/platt.test.ts" name="Platt Scaling &gt; should handle perfect calibration case" time="0.015138675">
            <system-out>
Training Platt scaling on 10 samples, holdout: 5
Platt iteration 0: loss=0.109000, a=1.0004, b=-0.0003
Platt iteration 100: loss=0.104583, a=1.0379, b=-0.0285
Platt iteration 200: loss=0.100651, a=1.0737, b=-0.0547
Platt iteration 300: loss=0.097129, a=1.1078, b=-0.0790
Platt iteration 400: loss=0.093956, a=1.1406, b=-0.1017
Platt iteration 500: loss=0.091081, a=1.1720, b=-0.1229
Platt iteration 600: loss=0.088463, a=1.2022, b=-0.1427
Platt iteration 700: loss=0.086069, a=1.2314, b=-0.1613
Platt iteration 800: loss=0.083869, a=1.2596, b=-0.1788
Platt iteration 900: loss=0.081840, a=1.2868, b=-0.1952
Platt scaling results:
  Original Brier score: 0.062500
  Calibrated Brier score: 0.044087
  Improvement: 0.018413
  Parameters: a=1.3130, b=-0.2105

            </system-out>
        </testcase>
        <testcase classname="tests/platt.test.ts" name="Platt Scaling &gt; should save and load scaling correctly" time="0.013017393">
            <system-out>
Training Platt scaling on 15 samples, holdout: 5
Platt iteration 0: loss=0.080333, a=1.0003, b=-0.0000
Platt iteration 100: loss=0.078272, a=1.0324, b=-0.0011
Platt iteration 200: loss=0.076383, a=1.0631, b=-0.0023
Platt iteration 300: loss=0.074643, a=1.0925, b=-0.0036
Platt iteration 400: loss=0.073033, a=1.1209, b=-0.0050
Platt iteration 500: loss=0.071536, a=1.1482, b=-0.0065
Platt iteration 600: loss=0.070140, a=1.1746, b=-0.0080
Platt iteration 700: loss=0.068832, a=1.2001, b=-0.0095
Platt iteration 800: loss=0.067604, a=1.2248, b=-0.0111
Platt iteration 900: loss=0.066448, a=1.2488, b=-0.0127
Platt scaling results:
  Original Brier score: 0.100000
  Calibrated Brier score: 0.085964
  Improvement: 0.014036
  Parameters: a=1.2719, b=-0.0143

            </system-out>
        </testcase>
        <testcase classname="tests/platt.test.ts" name="Platt Scaling &gt; should validate calibration quality" time="0.078410752">
            <system-out>
Training Platt scaling on 15 samples, holdout: 5
Platt iteration 0: loss=0.067000, a=1.0003, b=-0.0000
Platt iteration 100: loss=0.065174, a=1.0305, b=-0.0018
Platt iteration 200: loss=0.063518, a=1.0591, b=-0.0038
Platt iteration 300: loss=0.062007, a=1.0865, b=-0.0060
Platt iteration 400: loss=0.060620, a=1.1128, b=-0.0083
Platt iteration 500: loss=0.059340, a=1.1379, b=-0.0107
Platt iteration 600: loss=0.058154, a=1.1621, b=-0.0132
Platt iteration 700: loss=0.057050, a=1.1855, b=-0.0159
Platt iteration 800: loss=0.056019, a=1.2080, b=-0.0186
Platt iteration 900: loss=0.055052, a=1.2298, b=-0.0214
Platt scaling results:
  Original Brier score: 0.140000
  Calibrated Brier score: 0.122428
  Improvement: 0.017572
  Parameters: a=1.2507, b=-0.0242

            </system-out>
        </testcase>
        <testcase classname="tests/platt.test.ts" name="Platt Scaling &gt; should handle edge cases" time="0.001998693">
        </testcase>
        <testcase classname="tests/platt.test.ts" name="Platt Scaling &gt; should handle mismatched data lengths" time="0.00080119">
        </testcase>
        <testcase classname="tests/platt.test.ts" name="Platt Scaling &gt; should work with full calibration pipeline" time="0.047902902">
            <system-out>
Training Platt scaling on 15 samples, holdout: 5
Platt iteration 0: loss=0.066833, a=1.0004, b=0.0000
Platt iteration 100: loss=0.064251, a=1.0360, b=0.0044
Platt iteration 200: loss=0.061919, a=1.0699, b=0.0086
Platt iteration 300: loss=0.059800, a=1.1022, b=0.0126
Platt iteration 400: loss=0.057863, a=1.1330, b=0.0166
Platt iteration 500: loss=0.056083, a=1.1626, b=0.0204
Platt iteration 600: loss=0.054441, a=1.1910, b=0.0240
Platt iteration 700: loss=0.052918, a=1.2184, b=0.0276
Platt iteration 800: loss=0.051501, a=1.2448, b=0.0311
Platt iteration 900: loss=0.050179, a=1.2702, b=0.0344
Platt scaling results:
  Original Brier score: 0.140500
  Calibrated Brier score: 0.136658
  Improvement: 0.003842
  Parameters: a=1.2947, b=0.0377

            </system-out>
        </testcase>
        <testcase classname="tests/platt.test.ts" name="Platt Scaling &gt; should improve calibration on holdout set" time="0.018936597">
            <system-out>
Training Platt scaling on 15 samples, holdout: 5
Platt iteration 0: loss=0.099667, a=1.0003, b=-0.0001
Platt iteration 100: loss=0.097607, a=1.0313, b=-0.0085
Platt iteration 200: loss=0.095697, a=1.0610, b=-0.0168
Platt iteration 300: loss=0.093918, a=1.0897, b=-0.0248
Platt iteration 400: loss=0.092255, a=1.1175, b=-0.0327
Platt iteration 500: loss=0.090694, a=1.1443, b=-0.0404
Platt iteration 600: loss=0.089226, a=1.1703, b=-0.0479
Platt iteration 700: loss=0.087840, a=1.1956, b=-0.0553
Platt iteration 800: loss=0.086530, a=1.2201, b=-0.0625
Platt iteration 900: loss=0.085286, a=1.2440, b=-0.0696
Platt scaling results:
  Original Brier score: 0.042000
  Calibrated Brier score: 0.025280
  Improvement: 0.016720
  Parameters: a=1.2671, b=-0.0765

            </system-out>
        </testcase>
        <testcase classname="tests/platt.test.ts" name="Platt Scaling &gt; should handle extreme probabilities" time="0.005460459">
            <system-out>
Training Platt scaling on 7 samples, holdout: 5
Platt iteration 0: loss=0.000072, a=1.0000, b=-0.0000
Platt scaling converged at iteration 1
Platt scaling results:
  Original Brier score: 0.000021
  Calibrated Brier score: 0.000021
  Improvement: 0.000000
  Parameters: a=1.0000, b=-0.0000

            </system-out>
        </testcase>
    </testsuite>
    <testsuite name="tests/pricing-page.test.tsx" timestamp="2026-01-22T17:04:33.479Z" hostname="MacBookPro.lan" tests="4" failures="0" errors="0" skipped="0" time="1.194809581">
        <testcase classname="tests/pricing-page.test.tsx" name="PricingPage &gt; renders the &quot;Who Pays?&quot; header" time="0.458980431">
        </testcase>
        <testcase classname="tests/pricing-page.test.tsx" name="PricingPage &gt; displays the three pricing tiers" time="0.119405132">
        </testcase>
        <testcase classname="tests/pricing-page.test.tsx" name="PricingPage &gt; shows the correct pricing for each tier" time="0.122916571">
        </testcase>
        <testcase classname="tests/pricing-page.test.tsx" name="PricingPage &gt; contains a link to start free" time="0.488022435">
        </testcase>
    </testsuite>
    <testsuite name="tests/rollout-api.test.ts" timestamp="2026-01-22T17:04:33.483Z" hostname="MacBookPro.lan" tests="8" failures="0" errors="0" skipped="0" time="0.254030283">
        <testcase classname="tests/rollout-api.test.ts" name="Rollout API &gt; should reject requests without signature" time="0.131186447">
        </testcase>
        <testcase classname="tests/rollout-api.test.ts" name="Rollout API &gt; should reject requests with invalid signature" time="0.003938029">
        </testcase>
        <testcase classname="tests/rollout-api.test.ts" name="Rollout API &gt; should accept valid HMAC signature" time="0.03457531">
            <system-out>
Rollout updated: 0% → 10% (IP: unknown)

            </system-out>
        </testcase>
        <testcase classname="tests/rollout-api.test.ts" name="Rollout API &gt; should validate percent values" time="0.003228557">
        </testcase>
        <testcase classname="tests/rollout-api.test.ts" name="Rollout API &gt; should accept valid percent values" time="0.041976039">
            <system-out>
Rollout updated: 0% → 0% (IP: unknown)

Rollout updated: 0% → 10% (IP: unknown)

Rollout updated: 10% → 50% (IP: unknown)

Rollout updated: 50% → 100% (IP: unknown)

            </system-out>
        </testcase>
        <testcase classname="tests/rollout-api.test.ts" name="Rollout API &gt; should track audit log" time="0.031100229">
            <system-out>
{&quot;kind&quot;:&quot;audit&quot;,&quot;timestamp&quot;:&quot;2026-01-22T17:04:00.249Z&quot;,&quot;action&quot;:&quot;rollout_change&quot;,&quot;before&quot;:0,&quot;after&quot;:50,&quot;updatedBy&quot;:&quot;ops-api&quot;,&quot;ip&quot;:&quot;192.168.1.1&quot;,&quot;userAgent&quot;:&quot;test-agent&quot;}
Rollout updated: 0% → 50% (IP: 192.168.1.1)

{&quot;kind&quot;:&quot;audit&quot;,&quot;timestamp&quot;:&quot;2026-01-22T17:04:00.252Z&quot;,&quot;action&quot;:&quot;rollout_change&quot;,&quot;before&quot;:50,&quot;after&quot;:100,&quot;updatedBy&quot;:&quot;ops-api&quot;,&quot;ip&quot;:&quot;192.168.1.1&quot;,&quot;userAgent&quot;:&quot;test-agent&quot;}
Rollout updated: 50% → 100% (IP: 192.168.1.1)

            </system-out>
        </testcase>
        <testcase classname="tests/rollout-api.test.ts" name="Rollout API &gt; should return current rollout status" time="0.001538959">
        </testcase>
        <testcase classname="tests/rollout-api.test.ts" name="Rollout API &gt; should handle missing HMAC secret" time="0.002990069">
        </testcase>
    </testsuite>
    <testsuite name="tests/share.test.ts" timestamp="2026-01-22T17:04:33.492Z" hostname="MacBookPro.lan" tests="4" failures="0" errors="0" skipped="0" time="0.110013447">
        <testcase classname="tests/share.test.ts" name="Share Utilities &gt; buildXShareUrl &gt; should generate correct X share URL with validation text" time="0.070945517">
        </testcase>
        <testcase classname="tests/share.test.ts" name="Share Utilities &gt; buildXShareUrl &gt; should include correct link when signature is present" time="0.001703775">
        </testcase>
        <testcase classname="tests/share.test.ts" name="Share Utilities &gt; buildXShareUrl &gt; should default to /studio if signature is missing" time="0.001273074">
        </testcase>
        <testcase classname="tests/share.test.ts" name="Share Utilities &gt; persistReferralData &gt; should save referral code to localStorage" time="0.030459039">
        </testcase>
    </testsuite>
    <testsuite name="tests/signals-health.test.ts" timestamp="2026-01-22T17:04:33.496Z" hostname="MacBookPro.lan" tests="5" failures="0" errors="0" skipped="0" time="0.251937739">
        <testcase classname="tests/signals-health.test.ts" name="Signals Health API &gt; should return health metrics" time="0.136482713">
            <system-out>
Health state changed to RED

            </system-out>
        </testcase>
        <testcase classname="tests/signals-health.test.ts" name="Signals Health API &gt; should calculate P95 latency correctly" time="0.008500133">
        </testcase>
        <testcase classname="tests/signals-health.test.ts" name="Signals Health API &gt; should calculate error rates correctly" time="0.036066367">
        </testcase>
        <testcase classname="tests/signals-health.test.ts" name="Signals Health API &gt; should include per-source metrics" time="0.008640261">
        </testcase>
        <testcase classname="tests/signals-health.test.ts" name="Signals Health API &gt; should handle telemetry errors gracefully" time="0.057281234">
            <system-err>
Signals health check failed: Error: Telemetry error
    at Object.&lt;anonymous&gt; [90m(/Users/thorsrud/prediktfi-protocol-1/[39mtests/signals-health.test.ts:107:13[90m)[39m
    at Object.mockCall [90m(file:///Users/thorsrud/prediktfi-protocol-1/[39mnode_modules/[4m@vitest[24m/spy/dist/index.js:96:15[90m)[39m
    at Object.spy [as getAllMetrics] [90m(file:///Users/thorsrud/prediktfi-protocol-1/[39mnode_modules/[4mtinyspy[24m/dist/index.js:47:103[90m)[39m
    at Module.GET [90m(/Users/thorsrud/prediktfi-protocol-1/[39mapp/api/ops/signals-health/route.ts:191:34[90m)[39m
    at [90m/Users/thorsrud/prediktfi-protocol-1/[39mtests/signals-health.test.ts:111:28
    at [90mfile:///Users/thorsrud/prediktfi-protocol-1/[39mnode_modules/[4m@vitest[24m/runner/dist/chunk-hooks.js:155:11
    at [90mfile:///Users/thorsrud/prediktfi-protocol-1/[39mnode_modules/[4m@vitest[24m/runner/dist/chunk-hooks.js:752:26
    at [90mfile:///Users/thorsrud/prediktfi-protocol-1/[39mnode_modules/[4m@vitest[24m/runner/dist/chunk-hooks.js:1897:20
    at new Promise (&lt;anonymous&gt;)
    at runWithTimeout [90m(file:///Users/thorsrud/prediktfi-protocol-1/[39mnode_modules/[4m@vitest[24m/runner/dist/chunk-hooks.js:1863:10[90m)[39m

            </system-err>
        </testcase>
    </testsuite>
    <testsuite name="tests/sim-result.test.tsx" timestamp="2026-01-22T17:04:33.506Z" hostname="MacBookPro.lan" tests="9" failures="0" errors="0" skipped="0" time="0.214720338">
        <testcase classname="tests/sim-result.test.tsx" name="SimResult Component Format &gt; should format quote freshness text correctly" time="0.002623226">
        </testcase>
        <testcase classname="tests/sim-result.test.tsx" name="SimResult Component Format &gt; should format historical accuracy text correctly" time="0.000656042">
        </testcase>
        <testcase classname="tests/sim-result.test.tsx" name="SimResult Component Format &gt; should format price impact correctly" time="0.000433331">
        </testcase>
        <testcase classname="tests/sim-result.test.tsx" name="SimResult Component Format &gt; should format fees correctly" time="0.000311441">
        </testcase>
        <testcase classname="tests/sim-result.test.tsx" name="SimResult Component Format &gt; should format portfolio value correctly" time="0.204923759">
        </testcase>
        <testcase classname="tests/sim-result.test.tsx" name="SimResult Component Format &gt; should handle confidence levels correctly" time="0.000532059">
        </testcase>
        <testcase classname="tests/sim-result.test.tsx" name="SimResult Component Format &gt; should calculate quote age correctly" time="0.000243117">
        </testcase>
        <testcase classname="tests/sim-result.test.tsx" name="SimResult Component Format &gt; should handle missing historical accuracy gracefully" time="0.001079691">
        </testcase>
        <testcase classname="tests/sim-result.test.tsx" name="SimResult Component Format &gt; should format ARIA labels correctly" time="0.001207591">
        </testcase>
    </testsuite>
    <testsuite name="tests/studio.test.tsx" timestamp="2026-01-22T17:04:33.514Z" hostname="MacBookPro.lan" tests="6" failures="3" errors="0" skipped="0" time="5.267431836">
        <testcase classname="tests/studio.test.tsx" name="AI Idea Evaluator Studio &gt; renders the landing view initially" time="0.651691024">
            <system-out>
[Studio] Fetching quota. PublicKey: [1mnull[22m

[Studio] Quota received: { limit: [33m3[39m, remaining: [33m3[39m, reset: [33m1769187836511[39m } for key: [1mnull[22m

            </system-out>
            <system-err>
An update to StudioPage inside a test was not wrapped in act(...).

When testing, code that causes React state updates should be wrapped into act(...):

act(() =&gt; {
  /* fire events that update state */
});
/* assert on the output */

This ensures that you&apos;re testing the behavior the user would see in the browser. Learn more at https://react.dev/link/wrap-tests-with-act

            </system-err>
            <failure message="[2mexpect([22m[31melement[39m[2m).toHaveTextContent()[22m

Expected element to have text content:
[32m  /AI Idea Evaluator/i[39m
Received:
[31m  Studio .[39m" type="Error">
Error: expect(element).toHaveTextContent()

Expected element to have text content:
  /AI Idea Evaluator/i
Received:
  Studio .
 ❯ tests/studio.test.tsx:106:25
            </failure>
        </testcase>
        <testcase classname="tests/studio.test.tsx" name="AI Idea Evaluator Studio &gt; switches to evaluation flow when CTA is clicked" time="0.899523475">
            <system-out>
[Studio] Fetching quota. PublicKey: [1mnull[22m

[Studio] Quota received: { limit: [33m3[39m, remaining: [33m3[39m, reset: [33m1769187837484[39m } for key: [1mnull[22m

            </system-out>
            <system-err>
An update to StudioPage inside a test was not wrapped in act(...).

When testing, code that causes React state updates should be wrapped into act(...):

act(() =&gt; {
  /* fire events that update state */
});
/* assert on the output */

This ensures that you&apos;re testing the behavior the user would see in the browser. Learn more at https://react.dev/link/wrap-tests-with-act

            </system-err>
            <failure message="Unable to find an accessible element with the role &quot;button&quot; and name `/Start new evaluation/i`

Here are the accessible roles:

  main:

  Name &quot;&quot;:
  [36m&lt;main[39m
    [33mclass[39m=[32m&quot;relative pt-32 pb-20 px-4 md:px-8 max-w-7xl mx-auto&quot;[39m
  [36m/&gt;[39m

  --------------------------------------------------
  heading:

  Name &quot;Studio .&quot;:
  [36m&lt;h1[39m
    [33mclass[39m=[32m&quot;text-5xl sm:text-6xl font-black tracking-tighter mb-2 bg-gradient-to-r from-white to-white/50 bg-clip-text text-transparent uppercase italic&quot;[39m
  [36m/&gt;[39m

  Name &quot;The Vision&quot;:
  [36m&lt;h2[39m
    [33mclass[39m=[32m&quot;text-xl font-bold text-white tracking-tight leading-none mb-1&quot;[39m
  [36m/&gt;[39m

  --------------------------------------------------
  paragraph:

  Name &quot;&quot;:
  [36m&lt;p[39m
    [33mclass[39m=[32m&quot;text-white/40 text-[10px] sm:text-lg max-w-xl font-medium tracking-[0.2em] uppercase&quot;[39m
  [36m/&gt;[39m

  Name &quot;&quot;:
  [36m&lt;p[39m
    [33mclass[39m=[32m&quot;text-white/60 text-sm&quot;[39m
  [36m/&gt;[39m

  --------------------------------------------------
  button:

  Name &quot;Memecoin VIRAL / HYPE&quot;:
  [36m&lt;button[39m
    [33mclass[39m=[32m&quot;p-6 text-left transition-all hover:bg-white/5 relative group rounded-xl border border-white/10 text-white/40 hover:text-white/80 hover:border-white/20 bg-white/5&quot;[39m
    [33mtype[39m=[32m&quot;button&quot;[39m
  [36m/&gt;[39m

  Name &quot;AI LLM / INFRA&quot;:
  [36m&lt;button[39m
    [33mclass[39m=[32m&quot;p-6 text-left transition-all hover:bg-white/5 relative group rounded-xl border border-white/10 text-white/40 hover:text-white/80 hover:border-white/20 bg-white/5&quot;[39m
    [33mtype[39m=[32m&quot;button&quot;[39m
  [36m/&gt;[39m

  Name &quot;DeFi YIELD / PROTOCOL&quot;:
  [36m&lt;button[39m
    [33mclass[39m=[32m&quot;p-6 text-left transition-all hover:bg-white/5 relative group rounded-xl border border-white/10 text-white/40 hover:text-white/80 hover:border-white/20 bg-white/5&quot;[39m
    [33mtype[39m=[32m&quot;button&quot;[39m
  [36m/&gt;[39m

  Name &quot;Next Step&quot;:
  [36m&lt;button[39m
    [33mclass[39m=[32m&quot;flex items-center gap-2 bg-white/10 hover:bg-white/20 text-white px-8 py-4 text-[10px] font-black uppercase tracking-[0.2em] italic transition-all rounded-2xl border border-white/10&quot;[39m
    [33mtype[39m=[32m&quot;button&quot;[39m
  [36m/&gt;[39m

  --------------------------------------------------
  textbox:

  Name &quot;&quot;:
  [36m&lt;textarea[39m
    [33mclass[39m=[32m&quot;w-full p-5 bg-slate-900/60 border border-white/5 text-white placeholder-white/10 focus:outline-none focus:border-blue-500/50 focus:ring-1 focus:ring-blue-500/20 transition-all resize-none min-h-[180px] font-mono text-sm leading-relaxed rounded-2xl&quot;[39m
    [33mplaceholder[39m=[32m&quot;Describe your project...&quot;[39m
  [36m/&gt;[39m

  --------------------------------------------------

Ignored nodes: comments, script, style
[36m&lt;body&gt;[39m
  [36m&lt;div&gt;[39m
    [36m&lt;div[39m
      [33mclass[39m=[32m&quot;relative min-h-screen text-white font-sans selection:bg-blue-500/30 selection:text-blue-200&quot;[39m
    [36m&gt;[39m
      [36m&lt;div[39m
        [33mdata-testid[39m=[32m&quot;performance-monitor&quot;[39m
      [36m/&gt;[39m
      [36m&lt;main[39m
        [33mclass[39m=[32m&quot;relative pt-32 pb-20 px-4 md:px-8 max-w-7xl mx-auto&quot;[39m
      [36m&gt;[39m
        [36m&lt;div[39m
          [33mclass[39m=[32m&quot;flex flex-col sm:flex-row sm:items-end justify-between gap-4 mb-8 sm:mb-12 border-b border-white/10 pb-6&quot;[39m
        [36m&gt;[39m
          [36m&lt;div&gt;[39m
            [36m&lt;h1[39m
              [33mclass[39m=[32m&quot;text-5xl sm:text-6xl font-black tracking-tighter mb-2 bg-gradient-to-r from-white to-white/50 bg-clip-text text-transparent uppercase italic&quot;[39m
            [36m&gt;[39m
              [0mStudio [0m
              [36m&lt;span[39m
                [33mclass[39m=[32m&quot;text-blue-500&quot;[39m
              [36m&gt;[39m
                [0m.[0m
              [36m&lt;/span&gt;[39m
            [36m&lt;/h1&gt;[39m
            [36m&lt;p[39m
              [33mclass[39m=[32m&quot;text-white/40 text-[10px] sm:text-lg max-w-xl font-medium tracking-[0.2em] uppercase&quot;[39m
            [36m&gt;[39m
              [0mAdvanced AI Evaluation Protocol for Web3 Assets[0m
            [36m&lt;/p&gt;[39m
          [36m&lt;/div&gt;[39m
        [36m&lt;/div&gt;[39m
        [36m&lt;div[39m
          [33mclass[39m=[32m&quot;min-h-[400px]&quot;[39m
        [36m&gt;[39m
          [36m&lt;div[39m
            [33mclass[39m=[32m&quot;w-full max-w-4xl mx-auto bg-slate-900/40 backdrop-blur-md border border-white/5 shadow-2xl rounded-[32px] relative overflow-hidden font-sans&quot;[39m
          [36m&gt;[39m
            [36m&lt;div[39m
              [33mclass[39m=[32m&quot;px-8 pt-8 pb-6 border-b border-white/10&quot;[39m
            [36m&gt;[39m
              [36m&lt;div[39m
                [33mclass[39m=[32m&quot;flex items-center gap-4 mb-6&quot;[39m
              [36m&gt;[39m
                [36m&lt;div[39m
                  [33mclass[39m=[32m&quot;p-3 bg-blue-500/10 border border-blue-500/20 text-blue-400 rounded-lg&quot;[39m
                [36m&gt;[39m
                  [36m&lt;svg[39m
                    [33maria-hidden[39m=[32m&quot;true&quot;[39m
                    [33mclass[39m=[32m&quot;lucide lucide-rocket&quot;[39m
                    [33mfill[39m=[32m&quot;none&quot;[39m
                    [33mheight[39m=[32m&quot;20&quot;[39m
                    [33mstroke[39m=[32m&quot;currentColor&quot;[39m
                    [33mstroke-linecap[39m=[32m&quot;round&quot;[39m
                    [33mstroke-linejoin[39m=[32m&quot;round&quot;[39m
                    [33mstroke-width[39m=[32m&quot;2&quot;[39m
                    [33mviewBox[39m=[32m&quot;0 0 24 24&quot;[39m
                    [33mwidth[39m=[32m&quot;20&quot;[39m
                    [33mxmlns[39m=[32m&quot;http://www.w3.org/2000/svg&quot;[39m
                  [36m&gt;[39m
                    [36m&lt;path[39m
                      [33md[39m=[32m&quot;M4.5 16.5c-1.5 1.26-2 5-2 5s3.74-.5 5-2c.71-.84.7-2.13-.09-2.91a2.18 2.18 0 0 0-2.91-.09z&quot;[39m
                    [36m/&gt;[39m
                    [36m&lt;path[39m
                      [33md[39m=[32m&quot;m12 15-3-3a22 22 0 0 1 2-3.95A12.88 12.88 0 0 1 22 2c0 2.72-.78 7.5-6 11a22.35 22.35 0 0 1-4 2z&quot;[39m
                    [36m/&gt;[39m
                    [36m&lt;path[39m
                      [33md[39m=[32m&quot;M9 12H4s.55-3.03 2-4c1.62-1.08 5 0 5 0&quot;[39m
                    [36m/&gt;[39m
                    [36m&lt;path[39m
                      [33md[39m=[32m&quot;M12 15v5s3.03-.55 4-2c1.08-1.62 0-5 0-5&quot;[39m
                    [36m/&gt;[39m
                  [36m&lt;/svg&gt;[39m
                [36m&lt;/div&gt;[39m
                [36m&lt;div&gt;[39m
                  [36m&lt;h2[39m
                    [33mclass[39m=[32m&quot;text-xl font-bold text-white tracking-tight leading-none mb-1&quot;[39m
                  [36m&gt;[39m
                    [0mThe Vision[0m
                  [36m&lt;/h2&gt;[39m
                  [36m&lt;p[39m
                    [33mclass[39m=[32m&quot;text-white/60 text-sm&quot;[39m
                  [36m&gt;[39m
                    [0mWhat are you building?[0m
                  [36m&lt;/p&gt;[39m
                [36m&lt;/div&gt;[39m
              [36m&lt;/div&gt;[39m
              [36m&lt;div[39m
                [33mclass[39m=[32m&quot;flex gap-2 h-1.5 w-full bg-white/5 rounded-full overflow-hidden&quot;[39m
              [36m&gt;[39m
                [36m&lt;div[39m
                  [33mclass[39m=[32m&quot;h-full flex-1 transition-all duration-500 rounded-full bg-gradient-to-r from-blue-600 to-indigo-500&quot;[39m
                [36m/&gt;[39m
                [36m&lt;div[39m
                  [33mclass[39m=[32m&quot;h-full flex-1 transition-all duration-500 rounded-full bg-transparent&quot;[39m
                [36m/&gt;[39m
                [36m&lt;div[39m
                  [33mclass[39m=[32m&quot;h-full flex-1 transition-all duration-500 rounded-full bg-transparent&quot;[39m
                [36m/&gt;[39m
                [36m&lt;div[39m
                  [33mclass[39m=[32m&quot;h-full flex-1 transition-all duration-500 rounded-full bg-transparent&quot;[39m
                [36m/&gt;[39m
              [36m&lt;/div&gt;[39m
              [36m&lt;div[39m
                [33mclass[39m=[32m&quot;flex justify-between mt-2 text-[10px] uppercase text-white/30 tracking-widest font-mono&quot;[39m
              [36m&gt;[39m
                [36m&lt;span&gt;[39m
                  [0mVision[0m
                [36m&lt;/span&gt;[39m
                [36m&lt;span&gt;[39m
                  [0mExecution[0m
                [36m&lt;/span&gt;[39m
                [36m&lt;span&gt;[39m
                  [0mStrategy[0m
                [36m&lt;/span&gt;[39m
                [36m&lt;span&gt;[39m
                  [0mGoals[0m
                [36m&lt;/span&gt;[39m
              [36m&lt;/div&gt;[39m
            [36m&lt;/div&gt;[39m
            [36m&lt;div[39m
              [33mclass[39m=[32m&quot;p-8 min-h-[500px] relative&quot;[39m
            [36m&gt;[39m
              [36m&lt;div[39m
                [33mclass[39m=[32m&quot;transition-all duration-200 opacity-100 translate-x-0&quot;[39m
              [36m&gt;[39m
                [36m&lt;div[39m
                  [33mclass[39m=[32m&quot;space-y-8 animate-in fade-in slide-in-from-right-4 duration-300&quot;[39m
                [36m&gt;[39m
                  [36m&lt;div&gt;[39m
                    [36m&lt;label[39m
                      [33mclass[39m=[32m&quot;block text-white/60 mb-3 text-[10px] font-black uppercase tracking-[0.2em] italic border-l-2 border-blue-500 pl-3&quot;[39m
                    [36m&gt;[39m
                      [0mTarget Sector[0m
                    [36m&lt;/label&gt;[39m
                    [36m&lt;div[39m
                      [33mclass[39m=[32m&quot;grid grid-cols-1 md:grid-cols-3 gap-4&quot;[39m
                    [36m&gt;[39m
                      [36m&lt;button[39m
                        [33mclass[39m=[32m&quot;p-6 text-left transition-all hover:bg-white/5 relative group rounded-xl border border-white/10 text-white/40 hover:text-white/80 hover:border-white/20 bg-white/5&quot;[39m
                        [33mtype[39m=[32m&quot;button&quot;[39m
                      [36m&gt;[39m
                        [36m&lt;div[39m
                          [33mclass[39m=[32m&quot;text-sm font-bold mb-1 tracking-wide&quot;[39m
                        [36m&gt;[39m
                          [0mMemecoin[0m
                        [36m&lt;/div&gt;[39m
                        [36m&lt;div[39m
                          [33mclass[39m=[32m&quot;text-[10px] opacity-60 font-mono uppercase&quot;[39m
                        [36m&gt;[39m
                          [0mVIRAL / HYPE[0m
                        [36m&lt;/div&gt;[39m
                      [36m&lt;/button&gt;[39m
                      [36m&lt;button[39m
                        [33mclass[39m=[32m&quot;p-6 text-left transition-all hover:bg-white/5 relative group rounded-xl border border-white/10 text-white/40 hover:text-white/80 hover:border-white/20 bg-white/5&quot;[39m
                        [33mtype[39m=[32m&quot;button&quot;[39m
                      [36m&gt;[39m
                        [36m&lt;div[39m
                          [33mclass[39m=[32m&quot;text-sm font-bold mb-1 tracking-wide&quot;[39m
                        [36m&gt;[39m
                          [0mAI[0m
                        [36m&lt;/div&gt;[39m
                        [36m&lt;div[39m
                          [33mclass[39m=[32m&quot;text-[10px] opacity-60 font-mono uppercase&quot;[39m
                        [36m&gt;[39m
                          [0mLLM / INFRA[0m
                        [36m&lt;/div&gt;[39m
                      [36m&lt;/button&gt;[39m
                      [36m&lt;button[39m
                        [33mclass[39m=[32m&quot;p-6 text-left transition-all hover:bg-white/5 relative group rounded-xl border border-white/10 text-white/40 hover:text-white/80 hover:border-white/20 bg-white/5&quot;[39m
                        [33mtype[39m=[32m&quot;button&quot;[39m
                      [36m&gt;[39m
                        [36m&lt;div[39m
                          [33mclass[39m=[32m&quot;text-sm font-bold mb-1 tracking-wide&quot;[39m
                        [36m&gt;[39m
                          [0mDeFi[0m
                        [36m&lt;/div&gt;[39m
                        [36m&lt;div[39m
                          [33mclass[39m=[32m&quot;text-[10px] opacity-60 font-mono uppercase&quot;[39m
                        [36m&gt;[39m
                          [0mYIELD / PROTOCOL[0m
                        [36m&lt;/div&gt;[39m
                      [36m&lt;/button&gt;[39m
                    [36m&lt;/div&gt;[39m
                  [36m&lt;/div&gt;[39m
                  [36m&lt;div&gt;[39m
                    [36m&lt;label[39m
                      [33mclass[39m=[32m&quot;block text-white/60 mb-3 text-[10px] font-black uppercase tracking-[0.2em] italic border-l-2 border-blue-500 pl-3&quot;[39m
                    [36m&gt;[39m
                      [0mData Input: Abstract[0m
                    [36m&lt;/label&gt;[39m
                    [36m&lt;textarea[39m
                      [33mclass[39m=[32m&quot;w-full p-5 bg-slate-900/60 border border-white/5 text-white placeholder-white/10 focus:outline-none focus:border-blue-500/50 focus:ring-1 focus:ring-blue-500/20 transition-all resize-none min-h-[180px] font-mono text-sm leading-relaxed rounded-2xl&quot;[39m
                      [33mplaceholder[39m=[32m&quot;Describe your project...&quot;[39m
                    [36m/&gt;[39m
                  [36m&lt;/div&gt;[39m
                [36m&lt;/div&gt;[39m
              [36m&lt;/div&gt;[39m
            [36m&lt;/div&gt;[39m
            [36m&lt;div[39m
              [33mclass[39m=[32m&quot;px-8 py-6 border-t border-white/5 bg-slate-900/40 backdrop-blur-md flex items-center justify-between&quot;[39m
            [36m&gt;[39m
              [36m&lt;div /&gt;[39m
              [36m&lt;div&gt;[39m
                [36m&lt;button[39m
                  [33mclass[39m=[32m&quot;flex items-center gap-2 bg-white/10 hover:bg-white/20 text-white px-8 py-4 text-[10px] font-black uppercase tracking-[0.2em] italic transition-all rounded-2xl border border-white/10&quot;[39m
                  [33mtype[39m=[32m&quot;button&quot;[39m
                [36m&gt;[39m
                  [0mNext Step [0m
                  [36m&lt;svg[39m
                    [33maria-hidden[39m=[32m&quot;true&quot;[39m
                    [33mclass[39m=[32m&quot;lucide lucide-arrow-right&quot;[39m
                    [33mfill[39m=[32m&quot;none&quot;[39m
                    [33mheight[39m=[32m&quot;14&quot;[39m
                    [33mstroke[39m=[32m&quot;currentColor&quot;[39m
                    [33mstroke-linecap[39m=[32m&quot;round&quot;[39m
                    [33mstroke-linejoin[39m=[32m&quot;round&quot;[39m
                    [33mstroke-width[39m=[32m&quot;2&quot;[39m
                    [33mviewBox[39m=[32m&quot;0 0 24 24&quot;[39m
                    [33mwidth[39m=[32m&quot;14&quot;[39m
                    [33mxmlns[39m=[32m&quot;http://www.w3.org/2000/svg&quot;[39m
                  [36m&gt;[39m
                    [36m&lt;path[39m
                      [33md[39m=[32m&quot;M5 12h14&quot;[39m
                    [36m/&gt;[39m
                    [36m&lt;path[39m
                      [33md[39m=[32m&quot;m12 5 7 7-7 7&quot;[39m
                    [36m/&gt;[39m
                  [36m&lt;/svg&gt;[39m
                [36m&lt;/button&gt;[39m
              [36m&lt;/div&gt;[39m
            [36m&lt;/div&gt;[39m
          [36m&lt;/div&gt;[39m
        [36m&lt;/div&gt;[39m
      [36m&lt;/main&gt;[39m
    [36m&lt;/div&gt;[39m
  [36m&lt;/div&gt;[39m
[36m&lt;/body&gt;[39m" type="TestingLibraryElementError">
TestingLibraryElementError: Unable to find an accessible element with the role &quot;button&quot; and name `/Start new evaluation/i`

Here are the accessible roles:

  main:

  Name &quot;&quot;:
  &lt;main
    class=&quot;relative pt-32 pb-20 px-4 md:px-8 max-w-7xl mx-auto&quot;
  /&gt;

  --------------------------------------------------
  heading:

  Name &quot;Studio .&quot;:
  &lt;h1
    class=&quot;text-5xl sm:text-6xl font-black tracking-tighter mb-2 bg-gradient-to-r from-white to-white/50 bg-clip-text text-transparent uppercase italic&quot;
  /&gt;

  Name &quot;The Vision&quot;:
  &lt;h2
    class=&quot;text-xl font-bold text-white tracking-tight leading-none mb-1&quot;
  /&gt;

  --------------------------------------------------
  paragraph:

  Name &quot;&quot;:
  &lt;p
    class=&quot;text-white/40 text-[10px] sm:text-lg max-w-xl font-medium tracking-[0.2em] uppercase&quot;
  /&gt;

  Name &quot;&quot;:
  &lt;p
    class=&quot;text-white/60 text-sm&quot;
  /&gt;

  --------------------------------------------------
  button:

  Name &quot;Memecoin VIRAL / HYPE&quot;:
  &lt;button
    class=&quot;p-6 text-left transition-all hover:bg-white/5 relative group rounded-xl border border-white/10 text-white/40 hover:text-white/80 hover:border-white/20 bg-white/5&quot;
    type=&quot;button&quot;
  /&gt;

  Name &quot;AI LLM / INFRA&quot;:
  &lt;button
    class=&quot;p-6 text-left transition-all hover:bg-white/5 relative group rounded-xl border border-white/10 text-white/40 hover:text-white/80 hover:border-white/20 bg-white/5&quot;
    type=&quot;button&quot;
  /&gt;

  Name &quot;DeFi YIELD / PROTOCOL&quot;:
  &lt;button
    class=&quot;p-6 text-left transition-all hover:bg-white/5 relative group rounded-xl border border-white/10 text-white/40 hover:text-white/80 hover:border-white/20 bg-white/5&quot;
    type=&quot;button&quot;
  /&gt;

  Name &quot;Next Step&quot;:
  &lt;button
    class=&quot;flex items-center gap-2 bg-white/10 hover:bg-white/20 text-white px-8 py-4 text-[10px] font-black uppercase tracking-[0.2em] italic transition-all rounded-2xl border border-white/10&quot;
    type=&quot;button&quot;
  /&gt;

  --------------------------------------------------
  textbox:

  Name &quot;&quot;:
  &lt;textarea
    class=&quot;w-full p-5 bg-slate-900/60 border border-white/5 text-white placeholder-white/10 focus:outline-none focus:border-blue-500/50 focus:ring-1 focus:ring-blue-500/20 transition-all resize-none min-h-[180px] font-mono text-sm leading-relaxed rounded-2xl&quot;
    placeholder=&quot;Describe your project...&quot;
  /&gt;

  --------------------------------------------------

Ignored nodes: comments, script, style
&lt;body&gt;
  &lt;div&gt;
    &lt;div
      class=&quot;relative min-h-screen text-white font-sans selection:bg-blue-500/30 selection:text-blue-200&quot;
    &gt;
      &lt;div
        data-testid=&quot;performance-monitor&quot;
      /&gt;
      &lt;main
        class=&quot;relative pt-32 pb-20 px-4 md:px-8 max-w-7xl mx-auto&quot;
      &gt;
        &lt;div
          class=&quot;flex flex-col sm:flex-row sm:items-end justify-between gap-4 mb-8 sm:mb-12 border-b border-white/10 pb-6&quot;
        &gt;
          &lt;div&gt;
            &lt;h1
              class=&quot;text-5xl sm:text-6xl font-black tracking-tighter mb-2 bg-gradient-to-r from-white to-white/50 bg-clip-text text-transparent uppercase italic&quot;
            &gt;
              Studio 
              &lt;span
                class=&quot;text-blue-500&quot;
              &gt;
                .
              &lt;/span&gt;
            &lt;/h1&gt;
            &lt;p
              class=&quot;text-white/40 text-[10px] sm:text-lg max-w-xl font-medium tracking-[0.2em] uppercase&quot;
            &gt;
              Advanced AI Evaluation Protocol for Web3 Assets
            &lt;/p&gt;
          &lt;/div&gt;
        &lt;/div&gt;
        &lt;div
          class=&quot;min-h-[400px]&quot;
        &gt;
          &lt;div
            class=&quot;w-full max-w-4xl mx-auto bg-slate-900/40 backdrop-blur-md border border-white/5 shadow-2xl rounded-[32px] relative overflow-hidden font-sans&quot;
          &gt;
            &lt;div
              class=&quot;px-8 pt-8 pb-6 border-b border-white/10&quot;
            &gt;
              &lt;div
                class=&quot;flex items-center gap-4 mb-6&quot;
              &gt;
                &lt;div
                  class=&quot;p-3 bg-blue-500/10 border border-blue-500/20 text-blue-400 rounded-lg&quot;
                &gt;
                  &lt;svg
                    aria-hidden=&quot;true&quot;
                    class=&quot;lucide lucide-rocket&quot;
                    fill=&quot;none&quot;
                    height=&quot;20&quot;
                    stroke=&quot;currentColor&quot;
                    stroke-linecap=&quot;round&quot;
                    stroke-linejoin=&quot;round&quot;
                    stroke-width=&quot;2&quot;
                    viewBox=&quot;0 0 24 24&quot;
                    width=&quot;20&quot;
                    xmlns=&quot;http://www.w3.org/2000/svg&quot;
                  &gt;
                    &lt;path
                      d=&quot;M4.5 16.5c-1.5 1.26-2 5-2 5s3.74-.5 5-2c.71-.84.7-2.13-.09-2.91a2.18 2.18 0 0 0-2.91-.09z&quot;
                    /&gt;
                    &lt;path
                      d=&quot;m12 15-3-3a22 22 0 0 1 2-3.95A12.88 12.88 0 0 1 22 2c0 2.72-.78 7.5-6 11a22.35 22.35 0 0 1-4 2z&quot;
                    /&gt;
                    &lt;path
                      d=&quot;M9 12H4s.55-3.03 2-4c1.62-1.08 5 0 5 0&quot;
                    /&gt;
                    &lt;path
                      d=&quot;M12 15v5s3.03-.55 4-2c1.08-1.62 0-5 0-5&quot;
                    /&gt;
                  &lt;/svg&gt;
                &lt;/div&gt;
                &lt;div&gt;
                  &lt;h2
                    class=&quot;text-xl font-bold text-white tracking-tight leading-none mb-1&quot;
                  &gt;
                    The Vision
                  &lt;/h2&gt;
                  &lt;p
                    class=&quot;text-white/60 text-sm&quot;
                  &gt;
                    What are you building?
                  &lt;/p&gt;
                &lt;/div&gt;
              &lt;/div&gt;
              &lt;div
                class=&quot;flex gap-2 h-1.5 w-full bg-white/5 rounded-full overflow-hidden&quot;
              &gt;
                &lt;div
                  class=&quot;h-full flex-1 transition-all duration-500 rounded-full bg-gradient-to-r from-blue-600 to-indigo-500&quot;
                /&gt;
                &lt;div
                  class=&quot;h-full flex-1 transition-all duration-500 rounded-full bg-transparent&quot;
                /&gt;
                &lt;div
                  class=&quot;h-full flex-1 transition-all duration-500 rounded-full bg-transparent&quot;
                /&gt;
                &lt;div
                  class=&quot;h-full flex-1 transition-all duration-500 rounded-full bg-transparent&quot;
                /&gt;
              &lt;/div&gt;
              &lt;div
                class=&quot;flex justify-between mt-2 text-[10px] uppercase text-white/30 tracking-widest font-mono&quot;
              &gt;
                &lt;span&gt;
                  Vision
                &lt;/span&gt;
                &lt;span&gt;
                  Execution
                &lt;/span&gt;
                &lt;span&gt;
                  Strategy
                &lt;/span&gt;
                &lt;span&gt;
                  Goals
                &lt;/span&gt;
              &lt;/div&gt;
            &lt;/div&gt;
            &lt;div
              class=&quot;p-8 min-h-[500px] relative&quot;
            &gt;
              &lt;div
                class=&quot;transition-all duration-200 opacity-100 translate-x-0&quot;
              &gt;
                &lt;div
                  class=&quot;space-y-8 animate-in fade-in slide-in-from-right-4 duration-300&quot;
                &gt;
                  &lt;div&gt;
                    &lt;label
                      class=&quot;block text-white/60 mb-3 text-[10px] font-black uppercase tracking-[0.2em] italic border-l-2 border-blue-500 pl-3&quot;
                    &gt;
                      Target Sector
                    &lt;/label&gt;
                    &lt;div
                      class=&quot;grid grid-cols-1 md:grid-cols-3 gap-4&quot;
                    &gt;
                      &lt;button
                        class=&quot;p-6 text-left transition-all hover:bg-white/5 relative group rounded-xl border border-white/10 text-white/40 hover:text-white/80 hover:border-white/20 bg-white/5&quot;
                        type=&quot;button&quot;
                      &gt;
                        &lt;div
                          class=&quot;text-sm font-bold mb-1 tracking-wide&quot;
                        &gt;
                          Memecoin
                        &lt;/div&gt;
                        &lt;div
                          class=&quot;text-[10px] opacity-60 font-mono uppercase&quot;
                        &gt;
                          VIRAL / HYPE
                        &lt;/div&gt;
                      &lt;/button&gt;
                      &lt;button
                        class=&quot;p-6 text-left transition-all hover:bg-white/5 relative group rounded-xl border border-white/10 text-white/40 hover:text-white/80 hover:border-white/20 bg-white/5&quot;
                        type=&quot;button&quot;
                      &gt;
                        &lt;div
                          class=&quot;text-sm font-bold mb-1 tracking-wide&quot;
                        &gt;
                          AI
                        &lt;/div&gt;
                        &lt;div
                          class=&quot;text-[10px] opacity-60 font-mono uppercase&quot;
                        &gt;
                          LLM / INFRA
                        &lt;/div&gt;
                      &lt;/button&gt;
                      &lt;button
                        class=&quot;p-6 text-left transition-all hover:bg-white/5 relative group rounded-xl border border-white/10 text-white/40 hover:text-white/80 hover:border-white/20 bg-white/5&quot;
                        type=&quot;button&quot;
                      &gt;
                        &lt;div
                          class=&quot;text-sm font-bold mb-1 tracking-wide&quot;
                        &gt;
                          DeFi
                        &lt;/div&gt;
                        &lt;div
                          class=&quot;text-[10px] opacity-60 font-mono uppercase&quot;
                        &gt;
                          YIELD / PROTOCOL
                        &lt;/div&gt;
                      &lt;/button&gt;
                    &lt;/div&gt;
                  &lt;/div&gt;
                  &lt;div&gt;
                    &lt;label
                      class=&quot;block text-white/60 mb-3 text-[10px] font-black uppercase tracking-[0.2em] italic border-l-2 border-blue-500 pl-3&quot;
                    &gt;
                      Data Input: Abstract
                    &lt;/label&gt;
                    &lt;textarea
                      class=&quot;w-full p-5 bg-slate-900/60 border border-white/5 text-white placeholder-white/10 focus:outline-none focus:border-blue-500/50 focus:ring-1 focus:ring-blue-500/20 transition-all resize-none min-h-[180px] font-mono text-sm leading-relaxed rounded-2xl&quot;
                      placeholder=&quot;Describe your project...&quot;
                    /&gt;
                  &lt;/div&gt;
                &lt;/div&gt;
              &lt;/div&gt;
            &lt;/div&gt;
            &lt;div
              class=&quot;px-8 py-6 border-t border-white/5 bg-slate-900/40 backdrop-blur-md flex items-center justify-between&quot;
            &gt;
              &lt;div /&gt;
              &lt;div&gt;
                &lt;button
                  class=&quot;flex items-center gap-2 bg-white/10 hover:bg-white/20 text-white px-8 py-4 text-[10px] font-black uppercase tracking-[0.2em] italic transition-all rounded-2xl border border-white/10&quot;
                  type=&quot;button&quot;
                &gt;
                  Next Step 
                  &lt;svg
                    aria-hidden=&quot;true&quot;
                    class=&quot;lucide lucide-arrow-right&quot;
                    fill=&quot;none&quot;
                    height=&quot;14&quot;
                    stroke=&quot;currentColor&quot;
                    stroke-linecap=&quot;round&quot;
                    stroke-linejoin=&quot;round&quot;
                    stroke-width=&quot;2&quot;
                    viewBox=&quot;0 0 24 24&quot;
                    width=&quot;14&quot;
                    xmlns=&quot;http://www.w3.org/2000/svg&quot;
                  &gt;
                    &lt;path
                      d=&quot;M5 12h14&quot;
                    /&gt;
                    &lt;path
                      d=&quot;m12 5 7 7-7 7&quot;
                    /&gt;
                  &lt;/svg&gt;
                &lt;/button&gt;
              &lt;/div&gt;
            &lt;/div&gt;
          &lt;/div&gt;
        &lt;/div&gt;
      &lt;/main&gt;
    &lt;/div&gt;
  &lt;/div&gt;
&lt;/body&gt;
 ❯ Object.getElementError node_modules/@testing-library/dom/dist/config.js:37:19
 ❯ node_modules/@testing-library/dom/dist/query-helpers.js:76:38
 ❯ node_modules/@testing-library/dom/dist/query-helpers.js:52:17
 ❯ node_modules/@testing-library/dom/dist/query-helpers.js:95:19
 ❯ tests/studio.test.tsx:119:34
            </failure>
        </testcase>
        <testcase classname="tests/studio.test.tsx" name="AI Idea Evaluator Studio &gt; shows validation errors when submitting empty form" time="0.561400958">
            <system-out>
[Studio] Fetching quota. PublicKey: [1mnull[22m

[Studio] Quota received: { limit: [33m3[39m, remaining: [33m3[39m, reset: [33m1769187838022[39m } for key: [1mnull[22m

            </system-out>
            <system-err>
An update to StudioPage inside a test was not wrapped in act(...).

When testing, code that causes React state updates should be wrapped into act(...):

act(() =&gt; {
  /* fire events that update state */
});
/* assert on the output */

This ensures that you&apos;re testing the behavior the user would see in the browser. Learn more at https://react.dev/link/wrap-tests-with-act

            </system-err>
            <failure message="Unable to find an accessible element with the role &quot;button&quot; and name `/Start new evaluation/i`

Here are the accessible roles:

  main:

  Name &quot;&quot;:
  [36m&lt;main[39m
    [33mclass[39m=[32m&quot;relative pt-32 pb-20 px-4 md:px-8 max-w-7xl mx-auto&quot;[39m
  [36m/&gt;[39m

  --------------------------------------------------
  heading:

  Name &quot;Studio .&quot;:
  [36m&lt;h1[39m
    [33mclass[39m=[32m&quot;text-5xl sm:text-6xl font-black tracking-tighter mb-2 bg-gradient-to-r from-white to-white/50 bg-clip-text text-transparent uppercase italic&quot;[39m
  [36m/&gt;[39m

  Name &quot;The Vision&quot;:
  [36m&lt;h2[39m
    [33mclass[39m=[32m&quot;text-xl font-bold text-white tracking-tight leading-none mb-1&quot;[39m
  [36m/&gt;[39m

  --------------------------------------------------
  paragraph:

  Name &quot;&quot;:
  [36m&lt;p[39m
    [33mclass[39m=[32m&quot;text-white/40 text-[10px] sm:text-lg max-w-xl font-medium tracking-[0.2em] uppercase&quot;[39m
  [36m/&gt;[39m

  Name &quot;&quot;:
  [36m&lt;p[39m
    [33mclass[39m=[32m&quot;text-white/60 text-sm&quot;[39m
  [36m/&gt;[39m

  --------------------------------------------------
  button:

  Name &quot;Memecoin VIRAL / HYPE&quot;:
  [36m&lt;button[39m
    [33mclass[39m=[32m&quot;p-6 text-left transition-all hover:bg-white/5 relative group rounded-xl border border-white/10 text-white/40 hover:text-white/80 hover:border-white/20 bg-white/5&quot;[39m
    [33mtype[39m=[32m&quot;button&quot;[39m
  [36m/&gt;[39m

  Name &quot;AI LLM / INFRA&quot;:
  [36m&lt;button[39m
    [33mclass[39m=[32m&quot;p-6 text-left transition-all hover:bg-white/5 relative group rounded-xl border border-white/10 text-white/40 hover:text-white/80 hover:border-white/20 bg-white/5&quot;[39m
    [33mtype[39m=[32m&quot;button&quot;[39m
  [36m/&gt;[39m

  Name &quot;DeFi YIELD / PROTOCOL&quot;:
  [36m&lt;button[39m
    [33mclass[39m=[32m&quot;p-6 text-left transition-all hover:bg-white/5 relative group rounded-xl border border-white/10 text-white/40 hover:text-white/80 hover:border-white/20 bg-white/5&quot;[39m
    [33mtype[39m=[32m&quot;button&quot;[39m
  [36m/&gt;[39m

  Name &quot;Next Step&quot;:
  [36m&lt;button[39m
    [33mclass[39m=[32m&quot;flex items-center gap-2 bg-white/10 hover:bg-white/20 text-white px-8 py-4 text-[10px] font-black uppercase tracking-[0.2em] italic transition-all rounded-2xl border border-white/10&quot;[39m
    [33mtype[39m=[32m&quot;button&quot;[39m
  [36m/&gt;[39m

  --------------------------------------------------
  textbox:

  Name &quot;&quot;:
  [36m&lt;textarea[39m
    [33mclass[39m=[32m&quot;w-full p-5 bg-slate-900/60 border border-white/5 text-white placeholder-white/10 focus:outline-none focus:border-blue-500/50 focus:ring-1 focus:ring-blue-500/20 transition-all resize-none min-h-[180px] font-mono text-sm leading-relaxed rounded-2xl&quot;[39m
    [33mplaceholder[39m=[32m&quot;Describe your project...&quot;[39m
  [36m/&gt;[39m

  --------------------------------------------------

Ignored nodes: comments, script, style
[36m&lt;body&gt;[39m
  [36m&lt;div&gt;[39m
    [36m&lt;div[39m
      [33mclass[39m=[32m&quot;relative min-h-screen text-white font-sans selection:bg-blue-500/30 selection:text-blue-200&quot;[39m
    [36m&gt;[39m
      [36m&lt;div[39m
        [33mdata-testid[39m=[32m&quot;performance-monitor&quot;[39m
      [36m/&gt;[39m
      [36m&lt;main[39m
        [33mclass[39m=[32m&quot;relative pt-32 pb-20 px-4 md:px-8 max-w-7xl mx-auto&quot;[39m
      [36m&gt;[39m
        [36m&lt;div[39m
          [33mclass[39m=[32m&quot;flex flex-col sm:flex-row sm:items-end justify-between gap-4 mb-8 sm:mb-12 border-b border-white/10 pb-6&quot;[39m
        [36m&gt;[39m
          [36m&lt;div&gt;[39m
            [36m&lt;h1[39m
              [33mclass[39m=[32m&quot;text-5xl sm:text-6xl font-black tracking-tighter mb-2 bg-gradient-to-r from-white to-white/50 bg-clip-text text-transparent uppercase italic&quot;[39m
            [36m&gt;[39m
              [0mStudio [0m
              [36m&lt;span[39m
                [33mclass[39m=[32m&quot;text-blue-500&quot;[39m
              [36m&gt;[39m
                [0m.[0m
              [36m&lt;/span&gt;[39m
            [36m&lt;/h1&gt;[39m
            [36m&lt;p[39m
              [33mclass[39m=[32m&quot;text-white/40 text-[10px] sm:text-lg max-w-xl font-medium tracking-[0.2em] uppercase&quot;[39m
            [36m&gt;[39m
              [0mAdvanced AI Evaluation Protocol for Web3 Assets[0m
            [36m&lt;/p&gt;[39m
          [36m&lt;/div&gt;[39m
        [36m&lt;/div&gt;[39m
        [36m&lt;div[39m
          [33mclass[39m=[32m&quot;min-h-[400px]&quot;[39m
        [36m&gt;[39m
          [36m&lt;div[39m
            [33mclass[39m=[32m&quot;w-full max-w-4xl mx-auto bg-slate-900/40 backdrop-blur-md border border-white/5 shadow-2xl rounded-[32px] relative overflow-hidden font-sans&quot;[39m
          [36m&gt;[39m
            [36m&lt;div[39m
              [33mclass[39m=[32m&quot;px-8 pt-8 pb-6 border-b border-white/10&quot;[39m
            [36m&gt;[39m
              [36m&lt;div[39m
                [33mclass[39m=[32m&quot;flex items-center gap-4 mb-6&quot;[39m
              [36m&gt;[39m
                [36m&lt;div[39m
                  [33mclass[39m=[32m&quot;p-3 bg-blue-500/10 border border-blue-500/20 text-blue-400 rounded-lg&quot;[39m
                [36m&gt;[39m
                  [36m&lt;svg[39m
                    [33maria-hidden[39m=[32m&quot;true&quot;[39m
                    [33mclass[39m=[32m&quot;lucide lucide-rocket&quot;[39m
                    [33mfill[39m=[32m&quot;none&quot;[39m
                    [33mheight[39m=[32m&quot;20&quot;[39m
                    [33mstroke[39m=[32m&quot;currentColor&quot;[39m
                    [33mstroke-linecap[39m=[32m&quot;round&quot;[39m
                    [33mstroke-linejoin[39m=[32m&quot;round&quot;[39m
                    [33mstroke-width[39m=[32m&quot;2&quot;[39m
                    [33mviewBox[39m=[32m&quot;0 0 24 24&quot;[39m
                    [33mwidth[39m=[32m&quot;20&quot;[39m
                    [33mxmlns[39m=[32m&quot;http://www.w3.org/2000/svg&quot;[39m
                  [36m&gt;[39m
                    [36m&lt;path[39m
                      [33md[39m=[32m&quot;M4.5 16.5c-1.5 1.26-2 5-2 5s3.74-.5 5-2c.71-.84.7-2.13-.09-2.91a2.18 2.18 0 0 0-2.91-.09z&quot;[39m
                    [36m/&gt;[39m
                    [36m&lt;path[39m
                      [33md[39m=[32m&quot;m12 15-3-3a22 22 0 0 1 2-3.95A12.88 12.88 0 0 1 22 2c0 2.72-.78 7.5-6 11a22.35 22.35 0 0 1-4 2z&quot;[39m
                    [36m/&gt;[39m
                    [36m&lt;path[39m
                      [33md[39m=[32m&quot;M9 12H4s.55-3.03 2-4c1.62-1.08 5 0 5 0&quot;[39m
                    [36m/&gt;[39m
                    [36m&lt;path[39m
                      [33md[39m=[32m&quot;M12 15v5s3.03-.55 4-2c1.08-1.62 0-5 0-5&quot;[39m
                    [36m/&gt;[39m
                  [36m&lt;/svg&gt;[39m
                [36m&lt;/div&gt;[39m
                [36m&lt;div&gt;[39m
                  [36m&lt;h2[39m
                    [33mclass[39m=[32m&quot;text-xl font-bold text-white tracking-tight leading-none mb-1&quot;[39m
                  [36m&gt;[39m
                    [0mThe Vision[0m
                  [36m&lt;/h2&gt;[39m
                  [36m&lt;p[39m
                    [33mclass[39m=[32m&quot;text-white/60 text-sm&quot;[39m
                  [36m&gt;[39m
                    [0mWhat are you building?[0m
                  [36m&lt;/p&gt;[39m
                [36m&lt;/div&gt;[39m
              [36m&lt;/div&gt;[39m
              [36m&lt;div[39m
                [33mclass[39m=[32m&quot;flex gap-2 h-1.5 w-full bg-white/5 rounded-full overflow-hidden&quot;[39m
              [36m&gt;[39m
                [36m&lt;div[39m
                  [33mclass[39m=[32m&quot;h-full flex-1 transition-all duration-500 rounded-full bg-gradient-to-r from-blue-600 to-indigo-500&quot;[39m
                [36m/&gt;[39m
                [36m&lt;div[39m
                  [33mclass[39m=[32m&quot;h-full flex-1 transition-all duration-500 rounded-full bg-transparent&quot;[39m
                [36m/&gt;[39m
                [36m&lt;div[39m
                  [33mclass[39m=[32m&quot;h-full flex-1 transition-all duration-500 rounded-full bg-transparent&quot;[39m
                [36m/&gt;[39m
                [36m&lt;div[39m
                  [33mclass[39m=[32m&quot;h-full flex-1 transition-all duration-500 rounded-full bg-transparent&quot;[39m
                [36m/&gt;[39m
              [36m&lt;/div&gt;[39m
              [36m&lt;div[39m
                [33mclass[39m=[32m&quot;flex justify-between mt-2 text-[10px] uppercase text-white/30 tracking-widest font-mono&quot;[39m
              [36m&gt;[39m
                [36m&lt;span&gt;[39m
                  [0mVision[0m
                [36m&lt;/span&gt;[39m
                [36m&lt;span&gt;[39m
                  [0mExecution[0m
                [36m&lt;/span&gt;[39m
                [36m&lt;span&gt;[39m
                  [0mStrategy[0m
                [36m&lt;/span&gt;[39m
                [36m&lt;span&gt;[39m
                  [0mGoals[0m
                [36m&lt;/span&gt;[39m
              [36m&lt;/div&gt;[39m
            [36m&lt;/div&gt;[39m
            [36m&lt;div[39m
              [33mclass[39m=[32m&quot;p-8 min-h-[500px] relative&quot;[39m
            [36m&gt;[39m
              [36m&lt;div[39m
                [33mclass[39m=[32m&quot;transition-all duration-200 opacity-100 translate-x-0&quot;[39m
              [36m&gt;[39m
                [36m&lt;div[39m
                  [33mclass[39m=[32m&quot;space-y-8 animate-in fade-in slide-in-from-right-4 duration-300&quot;[39m
                [36m&gt;[39m
                  [36m&lt;div&gt;[39m
                    [36m&lt;label[39m
                      [33mclass[39m=[32m&quot;block text-white/60 mb-3 text-[10px] font-black uppercase tracking-[0.2em] italic border-l-2 border-blue-500 pl-3&quot;[39m
                    [36m&gt;[39m
                      [0mTarget Sector[0m
                    [36m&lt;/label&gt;[39m
                    [36m&lt;div[39m
                      [33mclass[39m=[32m&quot;grid grid-cols-1 md:grid-cols-3 gap-4&quot;[39m
                    [36m&gt;[39m
                      [36m&lt;button[39m
                        [33mclass[39m=[32m&quot;p-6 text-left transition-all hover:bg-white/5 relative group rounded-xl border border-white/10 text-white/40 hover:text-white/80 hover:border-white/20 bg-white/5&quot;[39m
                        [33mtype[39m=[32m&quot;button&quot;[39m
                      [36m&gt;[39m
                        [36m&lt;div[39m
                          [33mclass[39m=[32m&quot;text-sm font-bold mb-1 tracking-wide&quot;[39m
                        [36m&gt;[39m
                          [0mMemecoin[0m
                        [36m&lt;/div&gt;[39m
                        [36m&lt;div[39m
                          [33mclass[39m=[32m&quot;text-[10px] opacity-60 font-mono uppercase&quot;[39m
                        [36m&gt;[39m
                          [0mVIRAL / HYPE[0m
                        [36m&lt;/div&gt;[39m
                      [36m&lt;/button&gt;[39m
                      [36m&lt;button[39m
                        [33mclass[39m=[32m&quot;p-6 text-left transition-all hover:bg-white/5 relative group rounded-xl border border-white/10 text-white/40 hover:text-white/80 hover:border-white/20 bg-white/5&quot;[39m
                        [33mtype[39m=[32m&quot;button&quot;[39m
                      [36m&gt;[39m
                        [36m&lt;div[39m
                          [33mclass[39m=[32m&quot;text-sm font-bold mb-1 tracking-wide&quot;[39m
                        [36m&gt;[39m
                          [0mAI[0m
                        [36m&lt;/div&gt;[39m
                        [36m&lt;div[39m
                          [33mclass[39m=[32m&quot;text-[10px] opacity-60 font-mono uppercase&quot;[39m
                        [36m&gt;[39m
                          [0mLLM / INFRA[0m
                        [36m&lt;/div&gt;[39m
                      [36m&lt;/button&gt;[39m
                      [36m&lt;button[39m
                        [33mclass[39m=[32m&quot;p-6 text-left transition-all hover:bg-white/5 relative group rounded-xl border border-white/10 text-white/40 hover:text-white/80 hover:border-white/20 bg-white/5&quot;[39m
                        [33mtype[39m=[32m&quot;button&quot;[39m
                      [36m&gt;[39m
                        [36m&lt;div[39m
                          [33mclass[39m=[32m&quot;text-sm font-bold mb-1 tracking-wide&quot;[39m
                        [36m&gt;[39m
                          [0mDeFi[0m
                        [36m&lt;/div&gt;[39m
                        [36m&lt;div[39m
                          [33mclass[39m=[32m&quot;text-[10px] opacity-60 font-mono uppercase&quot;[39m
                        [36m&gt;[39m
                          [0mYIELD / PROTOCOL[0m
                        [36m&lt;/div&gt;[39m
                      [36m&lt;/button&gt;[39m
                    [36m&lt;/div&gt;[39m
                  [36m&lt;/div&gt;[39m
                  [36m&lt;div&gt;[39m
                    [36m&lt;label[39m
                      [33mclass[39m=[32m&quot;block text-white/60 mb-3 text-[10px] font-black uppercase tracking-[0.2em] italic border-l-2 border-blue-500 pl-3&quot;[39m
                    [36m&gt;[39m
                      [0mData Input: Abstract[0m
                    [36m&lt;/label&gt;[39m
                    [36m&lt;textarea[39m
                      [33mclass[39m=[32m&quot;w-full p-5 bg-slate-900/60 border border-white/5 text-white placeholder-white/10 focus:outline-none focus:border-blue-500/50 focus:ring-1 focus:ring-blue-500/20 transition-all resize-none min-h-[180px] font-mono text-sm leading-relaxed rounded-2xl&quot;[39m
                      [33mplaceholder[39m=[32m&quot;Describe your project...&quot;[39m
                    [36m/&gt;[39m
                  [36m&lt;/div&gt;[39m
                [36m&lt;/div&gt;[39m
              [36m&lt;/div&gt;[39m
            [36m&lt;/div&gt;[39m
            [36m&lt;div[39m
              [33mclass[39m=[32m&quot;px-8 py-6 border-t border-white/5 bg-slate-900/40 backdrop-blur-md flex items-center justify-between&quot;[39m
            [36m&gt;[39m
              [36m&lt;div /&gt;[39m
              [36m&lt;div&gt;[39m
                [36m&lt;button[39m
                  [33mclass[39m=[32m&quot;flex items-center gap-2 bg-white/10 hover:bg-white/20 text-white px-8 py-4 text-[10px] font-black uppercase tracking-[0.2em] italic transition-all rounded-2xl border border-white/10&quot;[39m
                  [33mtype[39m=[32m&quot;button&quot;[39m
                [36m&gt;[39m
                  [0mNext Step [0m
                  [36m&lt;svg[39m
                    [33maria-hidden[39m=[32m&quot;true&quot;[39m
                    [33mclass[39m=[32m&quot;lucide lucide-arrow-right&quot;[39m
                    [33mfill[39m=[32m&quot;none&quot;[39m
                    [33mheight[39m=[32m&quot;14&quot;[39m
                    [33mstroke[39m=[32m&quot;currentColor&quot;[39m
                    [33mstroke-linecap[39m=[32m&quot;round&quot;[39m
                    [33mstroke-linejoin[39m=[32m&quot;round&quot;[39m
                    [33mstroke-width[39m=[32m&quot;2&quot;[39m
                    [33mviewBox[39m=[32m&quot;0 0 24 24&quot;[39m
                    [33mwidth[39m=[32m&quot;14&quot;[39m
                    [33mxmlns[39m=[32m&quot;http://www.w3.org/2000/svg&quot;[39m
                  [36m&gt;[39m
                    [36m&lt;path[39m
                      [33md[39m=[32m&quot;M5 12h14&quot;[39m
                    [36m/&gt;[39m
                    [36m&lt;path[39m
                      [33md[39m=[32m&quot;m12 5 7 7-7 7&quot;[39m
                    [36m/&gt;[39m
                  [36m&lt;/svg&gt;[39m
                [36m&lt;/button&gt;[39m
              [36m&lt;/div&gt;[39m
            [36m&lt;/div&gt;[39m
          [36m&lt;/div&gt;[39m
        [36m&lt;/div&gt;[39m
      [36m&lt;/main&gt;[39m
    [36m&lt;/div&gt;[39m
  [36m&lt;/div&gt;[39m
[36m&lt;/body&gt;[39m" type="TestingLibraryElementError">
TestingLibraryElementError: Unable to find an accessible element with the role &quot;button&quot; and name `/Start new evaluation/i`

Here are the accessible roles:

  main:

  Name &quot;&quot;:
  &lt;main
    class=&quot;relative pt-32 pb-20 px-4 md:px-8 max-w-7xl mx-auto&quot;
  /&gt;

  --------------------------------------------------
  heading:

  Name &quot;Studio .&quot;:
  &lt;h1
    class=&quot;text-5xl sm:text-6xl font-black tracking-tighter mb-2 bg-gradient-to-r from-white to-white/50 bg-clip-text text-transparent uppercase italic&quot;
  /&gt;

  Name &quot;The Vision&quot;:
  &lt;h2
    class=&quot;text-xl font-bold text-white tracking-tight leading-none mb-1&quot;
  /&gt;

  --------------------------------------------------
  paragraph:

  Name &quot;&quot;:
  &lt;p
    class=&quot;text-white/40 text-[10px] sm:text-lg max-w-xl font-medium tracking-[0.2em] uppercase&quot;
  /&gt;

  Name &quot;&quot;:
  &lt;p
    class=&quot;text-white/60 text-sm&quot;
  /&gt;

  --------------------------------------------------
  button:

  Name &quot;Memecoin VIRAL / HYPE&quot;:
  &lt;button
    class=&quot;p-6 text-left transition-all hover:bg-white/5 relative group rounded-xl border border-white/10 text-white/40 hover:text-white/80 hover:border-white/20 bg-white/5&quot;
    type=&quot;button&quot;
  /&gt;

  Name &quot;AI LLM / INFRA&quot;:
  &lt;button
    class=&quot;p-6 text-left transition-all hover:bg-white/5 relative group rounded-xl border border-white/10 text-white/40 hover:text-white/80 hover:border-white/20 bg-white/5&quot;
    type=&quot;button&quot;
  /&gt;

  Name &quot;DeFi YIELD / PROTOCOL&quot;:
  &lt;button
    class=&quot;p-6 text-left transition-all hover:bg-white/5 relative group rounded-xl border border-white/10 text-white/40 hover:text-white/80 hover:border-white/20 bg-white/5&quot;
    type=&quot;button&quot;
  /&gt;

  Name &quot;Next Step&quot;:
  &lt;button
    class=&quot;flex items-center gap-2 bg-white/10 hover:bg-white/20 text-white px-8 py-4 text-[10px] font-black uppercase tracking-[0.2em] italic transition-all rounded-2xl border border-white/10&quot;
    type=&quot;button&quot;
  /&gt;

  --------------------------------------------------
  textbox:

  Name &quot;&quot;:
  &lt;textarea
    class=&quot;w-full p-5 bg-slate-900/60 border border-white/5 text-white placeholder-white/10 focus:outline-none focus:border-blue-500/50 focus:ring-1 focus:ring-blue-500/20 transition-all resize-none min-h-[180px] font-mono text-sm leading-relaxed rounded-2xl&quot;
    placeholder=&quot;Describe your project...&quot;
  /&gt;

  --------------------------------------------------

Ignored nodes: comments, script, style
&lt;body&gt;
  &lt;div&gt;
    &lt;div
      class=&quot;relative min-h-screen text-white font-sans selection:bg-blue-500/30 selection:text-blue-200&quot;
    &gt;
      &lt;div
        data-testid=&quot;performance-monitor&quot;
      /&gt;
      &lt;main
        class=&quot;relative pt-32 pb-20 px-4 md:px-8 max-w-7xl mx-auto&quot;
      &gt;
        &lt;div
          class=&quot;flex flex-col sm:flex-row sm:items-end justify-between gap-4 mb-8 sm:mb-12 border-b border-white/10 pb-6&quot;
        &gt;
          &lt;div&gt;
            &lt;h1
              class=&quot;text-5xl sm:text-6xl font-black tracking-tighter mb-2 bg-gradient-to-r from-white to-white/50 bg-clip-text text-transparent uppercase italic&quot;
            &gt;
              Studio 
              &lt;span
                class=&quot;text-blue-500&quot;
              &gt;
                .
              &lt;/span&gt;
            &lt;/h1&gt;
            &lt;p
              class=&quot;text-white/40 text-[10px] sm:text-lg max-w-xl font-medium tracking-[0.2em] uppercase&quot;
            &gt;
              Advanced AI Evaluation Protocol for Web3 Assets
            &lt;/p&gt;
          &lt;/div&gt;
        &lt;/div&gt;
        &lt;div
          class=&quot;min-h-[400px]&quot;
        &gt;
          &lt;div
            class=&quot;w-full max-w-4xl mx-auto bg-slate-900/40 backdrop-blur-md border border-white/5 shadow-2xl rounded-[32px] relative overflow-hidden font-sans&quot;
          &gt;
            &lt;div
              class=&quot;px-8 pt-8 pb-6 border-b border-white/10&quot;
            &gt;
              &lt;div
                class=&quot;flex items-center gap-4 mb-6&quot;
              &gt;
                &lt;div
                  class=&quot;p-3 bg-blue-500/10 border border-blue-500/20 text-blue-400 rounded-lg&quot;
                &gt;
                  &lt;svg
                    aria-hidden=&quot;true&quot;
                    class=&quot;lucide lucide-rocket&quot;
                    fill=&quot;none&quot;
                    height=&quot;20&quot;
                    stroke=&quot;currentColor&quot;
                    stroke-linecap=&quot;round&quot;
                    stroke-linejoin=&quot;round&quot;
                    stroke-width=&quot;2&quot;
                    viewBox=&quot;0 0 24 24&quot;
                    width=&quot;20&quot;
                    xmlns=&quot;http://www.w3.org/2000/svg&quot;
                  &gt;
                    &lt;path
                      d=&quot;M4.5 16.5c-1.5 1.26-2 5-2 5s3.74-.5 5-2c.71-.84.7-2.13-.09-2.91a2.18 2.18 0 0 0-2.91-.09z&quot;
                    /&gt;
                    &lt;path
                      d=&quot;m12 15-3-3a22 22 0 0 1 2-3.95A12.88 12.88 0 0 1 22 2c0 2.72-.78 7.5-6 11a22.35 22.35 0 0 1-4 2z&quot;
                    /&gt;
                    &lt;path
                      d=&quot;M9 12H4s.55-3.03 2-4c1.62-1.08 5 0 5 0&quot;
                    /&gt;
                    &lt;path
                      d=&quot;M12 15v5s3.03-.55 4-2c1.08-1.62 0-5 0-5&quot;
                    /&gt;
                  &lt;/svg&gt;
                &lt;/div&gt;
                &lt;div&gt;
                  &lt;h2
                    class=&quot;text-xl font-bold text-white tracking-tight leading-none mb-1&quot;
                  &gt;
                    The Vision
                  &lt;/h2&gt;
                  &lt;p
                    class=&quot;text-white/60 text-sm&quot;
                  &gt;
                    What are you building?
                  &lt;/p&gt;
                &lt;/div&gt;
              &lt;/div&gt;
              &lt;div
                class=&quot;flex gap-2 h-1.5 w-full bg-white/5 rounded-full overflow-hidden&quot;
              &gt;
                &lt;div
                  class=&quot;h-full flex-1 transition-all duration-500 rounded-full bg-gradient-to-r from-blue-600 to-indigo-500&quot;
                /&gt;
                &lt;div
                  class=&quot;h-full flex-1 transition-all duration-500 rounded-full bg-transparent&quot;
                /&gt;
                &lt;div
                  class=&quot;h-full flex-1 transition-all duration-500 rounded-full bg-transparent&quot;
                /&gt;
                &lt;div
                  class=&quot;h-full flex-1 transition-all duration-500 rounded-full bg-transparent&quot;
                /&gt;
              &lt;/div&gt;
              &lt;div
                class=&quot;flex justify-between mt-2 text-[10px] uppercase text-white/30 tracking-widest font-mono&quot;
              &gt;
                &lt;span&gt;
                  Vision
                &lt;/span&gt;
                &lt;span&gt;
                  Execution
                &lt;/span&gt;
                &lt;span&gt;
                  Strategy
                &lt;/span&gt;
                &lt;span&gt;
                  Goals
                &lt;/span&gt;
              &lt;/div&gt;
            &lt;/div&gt;
            &lt;div
              class=&quot;p-8 min-h-[500px] relative&quot;
            &gt;
              &lt;div
                class=&quot;transition-all duration-200 opacity-100 translate-x-0&quot;
              &gt;
                &lt;div
                  class=&quot;space-y-8 animate-in fade-in slide-in-from-right-4 duration-300&quot;
                &gt;
                  &lt;div&gt;
                    &lt;label
                      class=&quot;block text-white/60 mb-3 text-[10px] font-black uppercase tracking-[0.2em] italic border-l-2 border-blue-500 pl-3&quot;
                    &gt;
                      Target Sector
                    &lt;/label&gt;
                    &lt;div
                      class=&quot;grid grid-cols-1 md:grid-cols-3 gap-4&quot;
                    &gt;
                      &lt;button
                        class=&quot;p-6 text-left transition-all hover:bg-white/5 relative group rounded-xl border border-white/10 text-white/40 hover:text-white/80 hover:border-white/20 bg-white/5&quot;
                        type=&quot;button&quot;
                      &gt;
                        &lt;div
                          class=&quot;text-sm font-bold mb-1 tracking-wide&quot;
                        &gt;
                          Memecoin
                        &lt;/div&gt;
                        &lt;div
                          class=&quot;text-[10px] opacity-60 font-mono uppercase&quot;
                        &gt;
                          VIRAL / HYPE
                        &lt;/div&gt;
                      &lt;/button&gt;
                      &lt;button
                        class=&quot;p-6 text-left transition-all hover:bg-white/5 relative group rounded-xl border border-white/10 text-white/40 hover:text-white/80 hover:border-white/20 bg-white/5&quot;
                        type=&quot;button&quot;
                      &gt;
                        &lt;div
                          class=&quot;text-sm font-bold mb-1 tracking-wide&quot;
                        &gt;
                          AI
                        &lt;/div&gt;
                        &lt;div
                          class=&quot;text-[10px] opacity-60 font-mono uppercase&quot;
                        &gt;
                          LLM / INFRA
                        &lt;/div&gt;
                      &lt;/button&gt;
                      &lt;button
                        class=&quot;p-6 text-left transition-all hover:bg-white/5 relative group rounded-xl border border-white/10 text-white/40 hover:text-white/80 hover:border-white/20 bg-white/5&quot;
                        type=&quot;button&quot;
                      &gt;
                        &lt;div
                          class=&quot;text-sm font-bold mb-1 tracking-wide&quot;
                        &gt;
                          DeFi
                        &lt;/div&gt;
                        &lt;div
                          class=&quot;text-[10px] opacity-60 font-mono uppercase&quot;
                        &gt;
                          YIELD / PROTOCOL
                        &lt;/div&gt;
                      &lt;/button&gt;
                    &lt;/div&gt;
                  &lt;/div&gt;
                  &lt;div&gt;
                    &lt;label
                      class=&quot;block text-white/60 mb-3 text-[10px] font-black uppercase tracking-[0.2em] italic border-l-2 border-blue-500 pl-3&quot;
                    &gt;
                      Data Input: Abstract
                    &lt;/label&gt;
                    &lt;textarea
                      class=&quot;w-full p-5 bg-slate-900/60 border border-white/5 text-white placeholder-white/10 focus:outline-none focus:border-blue-500/50 focus:ring-1 focus:ring-blue-500/20 transition-all resize-none min-h-[180px] font-mono text-sm leading-relaxed rounded-2xl&quot;
                      placeholder=&quot;Describe your project...&quot;
                    /&gt;
                  &lt;/div&gt;
                &lt;/div&gt;
              &lt;/div&gt;
            &lt;/div&gt;
            &lt;div
              class=&quot;px-8 py-6 border-t border-white/5 bg-slate-900/40 backdrop-blur-md flex items-center justify-between&quot;
            &gt;
              &lt;div /&gt;
              &lt;div&gt;
                &lt;button
                  class=&quot;flex items-center gap-2 bg-white/10 hover:bg-white/20 text-white px-8 py-4 text-[10px] font-black uppercase tracking-[0.2em] italic transition-all rounded-2xl border border-white/10&quot;
                  type=&quot;button&quot;
                &gt;
                  Next Step 
                  &lt;svg
                    aria-hidden=&quot;true&quot;
                    class=&quot;lucide lucide-arrow-right&quot;
                    fill=&quot;none&quot;
                    height=&quot;14&quot;
                    stroke=&quot;currentColor&quot;
                    stroke-linecap=&quot;round&quot;
                    stroke-linejoin=&quot;round&quot;
                    stroke-width=&quot;2&quot;
                    viewBox=&quot;0 0 24 24&quot;
                    width=&quot;14&quot;
                    xmlns=&quot;http://www.w3.org/2000/svg&quot;
                  &gt;
                    &lt;path
                      d=&quot;M5 12h14&quot;
                    /&gt;
                    &lt;path
                      d=&quot;m12 5 7 7-7 7&quot;
                    /&gt;
                  &lt;/svg&gt;
                &lt;/button&gt;
              &lt;/div&gt;
            &lt;/div&gt;
          &lt;/div&gt;
        &lt;/div&gt;
      &lt;/main&gt;
    &lt;/div&gt;
  &lt;/div&gt;
&lt;/body&gt;
 ❯ Object.getElementError node_modules/@testing-library/dom/dist/config.js:37:19
 ❯ node_modules/@testing-library/dom/dist/query-helpers.js:76:38
 ❯ node_modules/@testing-library/dom/dist/query-helpers.js:52:17
 ❯ node_modules/@testing-library/dom/dist/query-helpers.js:95:19
 ❯ tests/studio.test.tsx:130:32
            </failure>
        </testcase>
        <testcase classname="tests/studio.test.tsx" name="AI Idea Evaluator Studio &gt; submits successfully with valid data through wizard steps" time="1.836056979">
            <system-out>
[Studio] Fetching quota. PublicKey: [1mnull[22m

[Studio] Quota received: { limit: [33m3[39m, remaining: [33m3[39m, reset: [33m1769187838142[39m } for key: [1mnull[22m

[Studio] Fetching quota. PublicKey: [1mnull[22m

[Studio] Quota received: { limit: [33m3[39m, remaining: [33m3[39m, reset: [33m1769187839892[39m } for key: [1mnull[22m

            </system-out>
            <system-err>
Received `true` for a non-boolean attribute `jsx`.

If you want to write it to the DOM, pass a string instead: jsx=&quot;true&quot; or jsx={value.toString()}.
Received `true` for a non-boolean attribute `global`.

If you want to write it to the DOM, pass a string instead: global=&quot;true&quot; or global={value.toString()}.

            </system-err>
        </testcase>
        <testcase classname="tests/studio.test.tsx" name="AI Idea Evaluator Studio &gt; shows smart conditional fields based on project type" time="0.219134161">
            <system-out>
[Studio] Fetching quota. PublicKey: [1mnull[22m

[Studio] Quota received: { limit: [33m3[39m, remaining: [33m3[39m, reset: [33m1769187840112[39m } for key: [1mnull[22m

            </system-out>
            <system-err>
An update to StudioPage inside a test was not wrapped in act(...).

When testing, code that causes React state updates should be wrapped into act(...):

act(() =&gt; {
  /* fire events that update state */
});
/* assert on the output */

This ensures that you&apos;re testing the behavior the user would see in the browser. Learn more at https://react.dev/link/wrap-tests-with-act

            </system-err>
        </testcase>
        <testcase classname="tests/studio.test.tsx" name="AI Idea Evaluator Studio &gt; shows adaptive checklists and goals based on project type" time="1.096731892">
            <system-out>
[Studio] Fetching quota. PublicKey: [1mnull[22m

[Studio] Quota received: { limit: [33m3[39m, remaining: [33m3[39m, reset: [33m1769187840178[39m } for key: [1mnull[22m

            </system-out>
        </testcase>
    </testsuite>
    <testsuite name="app/components/mock-mode.test.ts" timestamp="2026-01-22T17:04:33.536Z" hostname="MacBookPro.lan" tests="4" failures="0" errors="0" skipped="0" time="0.008793786">
        <testcase classname="app/components/mock-mode.test.ts" name="Mock mode functionality &gt; localStorage key format for mock mode" time="0.002650784">
        </testcase>
        <testcase classname="app/components/mock-mode.test.ts" name="Mock mode functionality &gt; URL mock parameter detection" time="0.001335926">
        </testcase>
        <testcase classname="app/components/mock-mode.test.ts" name="Mock mode functionality &gt; mock mode environment variable check" time="0.000307491">
        </testcase>
        <testcase classname="app/components/mock-mode.test.ts" name="Mock mode functionality &gt; mock mode URL construction" time="0.00193854">
        </testcase>
    </testsuite>
    <testsuite name="app/lib/creatorScore.test.ts" timestamp="2026-01-22T17:04:33.540Z" hostname="MacBookPro.lan" tests="27" failures="0" errors="0" skipped="0" time="0.041543542">
        <testcase classname="app/lib/creatorScore.test.ts" name="creatorScore &gt; clamp01 &gt; should clamp values between 0 and 1" time="0.00347468">
        </testcase>
        <testcase classname="app/lib/creatorScore.test.ts" name="creatorScore &gt; accuracyFromBrier &gt; should convert Brier score to accuracy" time="0.00093617">
        </testcase>
        <testcase classname="app/lib/creatorScore.test.ts" name="creatorScore &gt; accuracyFromBrier &gt; should clamp accuracy to [0,1]" time="0.000427895">
        </testcase>
        <testcase classname="app/lib/creatorScore.test.ts" name="creatorScore &gt; consistencyFromStd &gt; should convert standard deviation to consistency" time="0.000767191">
        </testcase>
        <testcase classname="app/lib/creatorScore.test.ts" name="creatorScore &gt; consistencyFromStd &gt; should clamp consistency to [0,1]" time="0.000252241">
        </testcase>
        <testcase classname="app/lib/creatorScore.test.ts" name="creatorScore &gt; volumeScoreFromNotional &gt; should calculate volume score correctly" time="0.000440303">
        </testcase>
        <testcase classname="app/lib/creatorScore.test.ts" name="creatorScore &gt; volumeScoreFromNotional &gt; should clamp volume score to [0,1]" time="0.000198935">
        </testcase>
        <testcase classname="app/lib/creatorScore.test.ts" name="creatorScore &gt; volumeScoreFromNotional &gt; should use custom normalization" time="0.00016789">
        </testcase>
        <testcase classname="app/lib/creatorScore.test.ts" name="creatorScore &gt; recencyWeights &gt; should generate exponential decay weights" time="0.025798352">
        </testcase>
        <testcase classname="app/lib/creatorScore.test.ts" name="creatorScore &gt; recencyWeights &gt; should normalize weights to sum to 1" time="0.00034377">
        </testcase>
        <testcase classname="app/lib/creatorScore.test.ts" name="creatorScore &gt; recencyWeights &gt; should use custom half-life" time="0.000261987">
        </testcase>
        <testcase classname="app/lib/creatorScore.test.ts" name="creatorScore &gt; weightedAverage &gt; should calculate weighted average correctly" time="0.000252837">
        </testcase>
        <testcase classname="app/lib/creatorScore.test.ts" name="creatorScore &gt; weightedAverage &gt; should handle unequal weights" time="0.000164641">
        </testcase>
        <testcase classname="app/lib/creatorScore.test.ts" name="creatorScore &gt; weightedAverage &gt; should return 0 for empty arrays" time="0.000157079">
        </testcase>
        <testcase classname="app/lib/creatorScore.test.ts" name="creatorScore &gt; weightedAverage &gt; should return 0 for mismatched lengths" time="0.000140466">
        </testcase>
        <testcase classname="app/lib/creatorScore.test.ts" name="creatorScore &gt; calculateTotalScore &gt; should calculate total score with correct weights" time="0.00026494">
        </testcase>
        <testcase classname="app/lib/creatorScore.test.ts" name="creatorScore &gt; calculateTotalScore &gt; should clamp component scores" time="0.000319459">
        </testcase>
        <testcase classname="app/lib/creatorScore.test.ts" name="creatorScore &gt; isProvisional &gt; should mark scores as provisional when maturedN &lt; 50" time="0.000261498">
        </testcase>
        <testcase classname="app/lib/creatorScore.test.ts" name="creatorScore &gt; calculateTrend &gt; should detect upward trend" time="0.000839592">
        </testcase>
        <testcase classname="app/lib/creatorScore.test.ts" name="creatorScore &gt; calculateTrend &gt; should detect downward trend" time="0.000192984">
        </testcase>
        <testcase classname="app/lib/creatorScore.test.ts" name="creatorScore &gt; calculateTrend &gt; should detect flat trend for small changes" time="0.000483741">
        </testcase>
        <testcase classname="app/lib/creatorScore.test.ts" name="creatorScore &gt; calculateTrend &gt; should use 1% threshold" time="0.000238506">
        </testcase>
        <testcase classname="app/lib/creatorScore.test.ts" name="creatorScore &gt; formatScore &gt; should format score as percentage" time="0.00027544">
        </testcase>
        <testcase classname="app/lib/creatorScore.test.ts" name="creatorScore &gt; formatScore &gt; should use custom precision" time="0.000188301">
        </testcase>
        <testcase classname="app/lib/creatorScore.test.ts" name="creatorScore &gt; SCORE constants &gt; should have correct weight values" time="0.000239223">
        </testcase>
        <testcase classname="app/lib/creatorScore.test.ts" name="creatorScore &gt; SCORE constants &gt; should have weights sum to 1" time="0.000161509">
        </testcase>
        <testcase classname="app/lib/creatorScore.test.ts" name="creatorScore &gt; SCORE constants &gt; should have correct other constants" time="0.000195371">
        </testcase>
    </testsuite>
    <testsuite name="app/lib/format.test.ts" timestamp="2026-01-22T17:04:33.560Z" hostname="MacBookPro.lan" tests="17" failures="0" errors="0" skipped="0" time="0.031741231">
        <testcase classname="app/lib/format.test.ts" name="roundTo6 &gt; rounds to 6 decimal places correctly" time="0.004528087">
        </testcase>
        <testcase classname="app/lib/format.test.ts" name="roundTo6 &gt; handles very small numbers" time="0.000794502">
        </testcase>
        <testcase classname="app/lib/format.test.ts" name="roundTo6 &gt; handles negative numbers" time="0.000506632">
        </testcase>
        <testcase classname="app/lib/format.test.ts" name="calcFeeNet &gt; calculates fee and net correctly for standard case" time="0.000953717">
        </testcase>
        <testcase classname="app/lib/format.test.ts" name="calcFeeNet &gt; handles zero amount" time="0.000691617">
        </testcase>
        <testcase classname="app/lib/format.test.ts" name="calcFeeNet &gt; handles zero fee basis points" time="0.00053378">
        </testcase>
        <testcase classname="app/lib/format.test.ts" name="calcFeeNet &gt; calculates high precision correctly" time="0.000433669">
        </testcase>
        <testcase classname="app/lib/format.test.ts" name="calcFeeNet &gt; handles large amounts" time="0.000375675">
        </testcase>
        <testcase classname="app/lib/format.test.ts" name="calcFeeNet &gt; handles fractional basis points" time="0.000786147">
        </testcase>
        <testcase classname="app/lib/format.test.ts" name="formatRelative &gt; formats future dates correctly" time="0.007826846">
        </testcase>
        <testcase classname="app/lib/format.test.ts" name="formatRelative &gt; formats past dates correctly" time="0.001991119">
        </testcase>
        <testcase classname="app/lib/format.test.ts" name="formatRelative &gt; formats dates from string input" time="0.001207058">
        </testcase>
        <testcase classname="app/lib/format.test.ts" name="formatRelative &gt; handles hours correctly" time="0.00121866">
        </testcase>
        <testcase classname="app/lib/format.test.ts" name="formatRelative &gt; handles minutes correctly" time="0.001364222">
        </testcase>
        <testcase classname="app/lib/format.test.ts" name="formatRelative &gt; handles invalid date strings" time="0.001032673">
        </testcase>
        <testcase classname="app/lib/format.test.ts" name="formatRelative &gt; handles invalid Date objects" time="0.000963734">
        </testcase>
        <testcase classname="app/lib/format.test.ts" name="formatRelative &gt; handles very recent dates" time="0.001151917">
        </testcase>
    </testsuite>
    <testsuite name="app/lib/solana.server.test.ts" timestamp="2026-01-22T17:04:33.574Z" hostname="MacBookPro.lan" tests="6" failures="0" errors="0" skipped="0" time="1.508785487">
        <testcase classname="app/lib/solana.server.test.ts" name="API verification logic &gt; should verify valid transaction with correct memo and transfer" time="0.740993845">
        </testcase>
        <testcase classname="app/lib/solana.server.test.ts" name="API verification logic &gt; should reject transaction with wrong memo" time="0.009907542">
        </testcase>
        <testcase classname="app/lib/solana.server.test.ts" name="API verification logic &gt; should reject transaction not found or failed" time="0.005355784">
        </testcase>
        <testcase classname="app/lib/solana.server.test.ts" name="API verification logic &gt; should reject transaction with failed status" time="0.027880584">
        </testcase>
        <testcase classname="app/lib/solana.server.test.ts" name="API verification logic &gt; should reject request with missing parameters" time="0.006712165">
        </testcase>
        <testcase classname="app/lib/solana.server.test.ts" name="Insights API verification &gt; GET endpoint is deprecated" time="0.715355937">
        </testcase>
    </testsuite>
    <testsuite name="app/lib/solana.test.ts" timestamp="2026-01-22T17:04:33.580Z" hostname="MacBookPro.lan" tests="1" failures="0" errors="0" skipped="0" time="0.009199239">
        <testcase classname="app/lib/solana.test.ts" name="memo helpers &gt; creates valid JSON with expected fields" time="0.005554592">
        </testcase>
    </testsuite>
    <testsuite name="app/lib/verification.test.ts" timestamp="2026-01-22T17:04:33.582Z" hostname="MacBookPro.lan" tests="3" failures="0" errors="0" skipped="0" time="0.082391967">
        <testcase classname="app/lib/verification.test.ts" name="Bet Verification &gt; should verify a valid transaction" time="0.073984519">
        </testcase>
        <testcase classname="app/lib/verification.test.ts" name="Bet Verification &gt; should handle verification errors" time="0.001375328">
        </testcase>
        <testcase classname="app/lib/verification.test.ts" name="Bet Verification &gt; should handle network errors" time="0.003486632">
        </testcase>
    </testsuite>
    <testsuite name="app/lib/winsorize.test.ts" timestamp="2026-01-22T17:04:33.586Z" hostname="MacBookPro.lan" tests="24" failures="0" errors="0" skipped="0" time="0.088843352">
        <testcase classname="app/lib/winsorize.test.ts" name="winsorize &gt; winsorize &gt; should return empty array for empty input" time="0.003793434">
        </testcase>
        <testcase classname="app/lib/winsorize.test.ts" name="winsorize &gt; winsorize &gt; should return original array for alpha &lt;= 0" time="0.000464521">
        </testcase>
        <testcase classname="app/lib/winsorize.test.ts" name="winsorize &gt; winsorize &gt; should return original array for alpha &gt;= 0.5" time="0.000372428">
        </testcase>
        <testcase classname="app/lib/winsorize.test.ts" name="winsorize &gt; winsorize &gt; should winsorize extreme values" time="0.000509433">
        </testcase>
        <testcase classname="app/lib/winsorize.test.ts" name="winsorize &gt; winsorize &gt; should handle single value" time="0.000313274">
        </testcase>
        <testcase classname="app/lib/winsorize.test.ts" name="winsorize &gt; winsorize &gt; should handle two values" time="0.000362097">
        </testcase>
        <testcase classname="app/lib/winsorize.test.ts" name="winsorize &gt; winsorize &gt; should trim correct number of values" time="0.000531577">
        </testcase>
        <testcase classname="app/lib/winsorize.test.ts" name="winsorize &gt; winsorize &gt; should handle duplicate values" time="0.000542967">
        </testcase>
        <testcase classname="app/lib/winsorize.test.ts" name="winsorize &gt; winsorizeByPair &gt; should winsorize returns per trading pair" time="0.003874373">
        </testcase>
        <testcase classname="app/lib/winsorize.test.ts" name="winsorize &gt; winsorizeByPair &gt; should handle empty input" time="0.000372753">
        </testcase>
        <testcase classname="app/lib/winsorize.test.ts" name="winsorize &gt; winsorizeByPair &gt; should handle single pair" time="0.000448067">
        </testcase>
        <testcase classname="app/lib/winsorize.test.ts" name="winsorize &gt; getAlphaForSampleSize &gt; should return 0.10 for n &lt; 20" time="0.000520909">
        </testcase>
        <testcase classname="app/lib/winsorize.test.ts" name="winsorize &gt; getAlphaForSampleSize &gt; should return 0.05 for n &gt;= 20" time="0.000275477">
        </testcase>
        <testcase classname="app/lib/winsorize.test.ts" name="winsorize &gt; winsorizedMean &gt; should calculate mean of winsorized data" time="0.000314549">
        </testcase>
        <testcase classname="app/lib/winsorize.test.ts" name="winsorize &gt; winsorizedMean &gt; should return 0 for empty array" time="0.000164334">
        </testcase>
        <testcase classname="app/lib/winsorize.test.ts" name="winsorize &gt; winsorizedMean &gt; should handle single value" time="0.000266246">
        </testcase>
        <testcase classname="app/lib/winsorize.test.ts" name="winsorize &gt; winsorizedStd &gt; should calculate standard deviation of winsorized data" time="0.000808709">
        </testcase>
        <testcase classname="app/lib/winsorize.test.ts" name="winsorize &gt; winsorizedStd &gt; should return 0 for empty array" time="0.000339892">
        </testcase>
        <testcase classname="app/lib/winsorize.test.ts" name="winsorize &gt; winsorizedStd &gt; should return 0 for single value" time="0.000244533">
        </testcase>
        <testcase classname="app/lib/winsorize.test.ts" name="winsorize &gt; winsorizedStd &gt; should return 0 for identical values" time="0.000509107">
        </testcase>
        <testcase classname="app/lib/winsorize.test.ts" name="winsorize &gt; edge cases &gt; should handle very small alpha" time="0.000421717">
        </testcase>
        <testcase classname="app/lib/winsorize.test.ts" name="winsorize &gt; edge cases &gt; should handle alpha close to 0.5" time="0.000274974">
        </testcase>
        <testcase classname="app/lib/winsorize.test.ts" name="winsorize &gt; edge cases &gt; should handle negative values" time="0.0672503">
        </testcase>
        <testcase classname="app/lib/winsorize.test.ts" name="winsorize &gt; edge cases &gt; should handle zero values" time="0.000299457">
        </testcase>
    </testsuite>
    <testsuite name="tests/api/idea-evaluator-api.test.ts" timestamp="2026-01-22T17:04:33.606Z" hostname="MacBookPro.lan" tests="30" failures="0" errors="0" skipped="0" time="0.169461165">
        <testcase classname="tests/api/idea-evaluator-api.test.ts" name="/api/idea-evaluator/evaluate &gt; returns 400 for invalid payload" time="0.114395045">
        </testcase>
        <testcase classname="tests/api/idea-evaluator-api.test.ts" name="calibrateScore &gt; penalizes low quality memecoins with risks" time="0.002733219">
        </testcase>
        <testcase classname="tests/api/idea-evaluator-api.test.ts" name="calibrateScore &gt; does not apply market-aware penalty for memecoins based on BTC dominance" time="0.000828816">
        </testcase>
        <testcase classname="tests/api/idea-evaluator-api.test.ts" name="calibrateScore &gt; applies market-aware boost for memecoins during Solana mania" time="0.000513194">
        </testcase>
        <testcase classname="tests/api/idea-evaluator-api.test.ts" name="calibrateScore &gt; preserves score for high quality memecoins" time="0.000632973">
        </testcase>
        <testcase classname="tests/api/idea-evaluator-api.test.ts" name="calibrateScore &gt; does not cap score if meme coin score is already low" time="0.011199652">
        </testcase>
        <testcase classname="tests/api/idea-evaluator-api.test.ts" name="calibrateScore &gt; boosts score to 60 for strong infra ideas without token" time="0.000755596">
        </testcase>
        <testcase classname="tests/api/idea-evaluator-api.test.ts" name="calibrateScore &gt; caps score at 90 for strong infra ideas" time="0.000315896">
        </testcase>
        <testcase classname="tests/api/idea-evaluator-api.test.ts" name="calibrateScore &gt; leaves score unchanged for standard ideas" time="0.001056183">
        </testcase>
        <testcase classname="tests/api/idea-evaluator-api.test.ts" name="calibrateScore &gt; penalizes risky DeFi ideas (complex, no security)" time="0.000590491">
        </testcase>
        <testcase classname="tests/api/idea-evaluator-api.test.ts" name="calibrateScore &gt; rewards secure DeFi ideas (simple/medium, security aware)" time="0.000434042">
        </testcase>
        <testcase classname="tests/api/idea-evaluator-api.test.ts" name="calibrateScore &gt; applies market-aware penalty for complex DeFi in risk-off market" time="0.000428542">
        </testcase>
        <testcase classname="tests/api/idea-evaluator-api.test.ts" name="calibrateScore &gt; applies market-aware boost for secure DeFi in risk-on market" time="0.003001989">
        </testcase>
        <testcase classname="tests/api/idea-evaluator-api.test.ts" name="calibrateScore &gt; penalizes anon memecoin team with no track record" time="0.000547232">
        </testcase>
        <testcase classname="tests/api/idea-evaluator-api.test.ts" name="calibrateScore &gt; boosts memecoin team with track record" time="0.001353739">
        </testcase>
        <testcase classname="tests/api/idea-evaluator-api.test.ts" name="calibrateScore &gt; penalizes complex DeFi with no experience/audit" time="0.000548979">
        </testcase>
        <testcase classname="tests/api/idea-evaluator-api.test.ts" name="calibrateScore &gt; boosts AI project with ML background" time="0.00034844">
        </testcase>
        <testcase classname="tests/api/idea-evaluator-api.test.ts" name="calibrateScore &gt; penalizes memecoin with no LP plan" time="0.000366251">
        </testcase>
        <testcase classname="tests/api/idea-evaluator-api.test.ts" name="calibrateScore &gt; boosts memecoin with LP and community plan" time="0.000336181">
        </testcase>
        <testcase classname="tests/api/idea-evaluator-api.test.ts" name="calibrateScore &gt; penalizes DeFi with no audit plan" time="0.000343598">
        </testcase>
        <testcase classname="tests/api/idea-evaluator-api.test.ts" name="calibrateScore &gt; boosts DeFi with audit and GTM" time="0.000310104">
        </testcase>
        <testcase classname="tests/api/idea-evaluator-api.test.ts" name="calibrateScore &gt; penalizes AI project with vague MVP" time="0.000329405">
        </testcase>
        <testcase classname="tests/api/idea-evaluator-api.test.ts" name="calibrateScore &gt; boosts AI project with realistic MVP and data" time="0.000294708">
        </testcase>
        <testcase classname="tests/api/idea-evaluator-api.test.ts" name="calibrateScore &gt; nudges overall score down for severe launch mismatch" time="0.000397854">
        </testcase>
        <testcase classname="tests/api/idea-evaluator-api.test.ts" name="calibrateScore &gt; nudges overall score up for exceptional launch readiness" time="0.001432154">
        </testcase>
        <testcase classname="tests/api/idea-evaluator-api.test.ts" name="calibrateScore &gt; boosts memecoin score when launchLiquidityPlan is provided in submission" time="0.000424705">
        </testcase>
        <testcase classname="tests/api/idea-evaluator-api.test.ts" name="calibrateScore &gt; boosts AI score when mvpScope is provided in submission" time="0.000535693">
        </testcase>
        <testcase classname="tests/api/idea-evaluator-api.test.ts" name="buildIdeaContextSummary &gt; formats context summary correctly with all fields" time="0.004309672">
        </testcase>
        <testcase classname="tests/api/idea-evaluator-api.test.ts" name="buildIdeaContextSummary &gt; includes focus hints when present" time="0.00021909">
        </testcase>
        <testcase classname="tests/api/idea-evaluator-api.test.ts" name="buildIdeaContextSummary &gt; includes &quot;None&quot; for focus hints when empty" time="0.000169386">
        </testcase>
    </testsuite>
    <testsuite name="tests/components/ScoreTooltip.test.tsx" timestamp="2026-01-22T17:04:33.628Z" hostname="MacBookPro.lan" tests="6" failures="0" errors="0" skipped="0" time="0.624299769">
        <testcase classname="tests/components/ScoreTooltip.test.tsx" name="ScoreTooltip &gt; renders info icon" time="0.237693012">
        </testcase>
        <testcase classname="tests/components/ScoreTooltip.test.tsx" name="ScoreTooltip &gt; shows tooltip on hover" time="0.186633567">
        </testcase>
        <testcase classname="tests/components/ScoreTooltip.test.tsx" name="ScoreTooltip &gt; shows provisional badge when isProvisional is true" time="0.032371147">
        </testcase>
        <testcase classname="tests/components/ScoreTooltip.test.tsx" name="ScoreTooltip &gt; calculates and displays correct score formula" time="0.038635008">
        </testcase>
        <testcase classname="tests/components/ScoreTooltip.test.tsx" name="ScoreTooltip &gt; hides tooltip on mouse leave" time="0.072034668">
        </testcase>
        <testcase classname="tests/components/ScoreTooltip.test.tsx" name="ScoreTooltip &gt; toggles tooltip on click" time="0.054201223">
        </testcase>
    </testsuite>
    <testsuite name="tests/integration/insight-api.test.ts" timestamp="2026-01-22T17:04:33.633Z" hostname="MacBookPro.lan" tests="12" failures="0" errors="0" skipped="0" time="0.688151122">
        <testcase classname="tests/integration/insight-api.test.ts" name="Insight API Integration &gt; POST /api/insight &gt; should create a new insight without creator" time="0.020045285">
        </testcase>
        <testcase classname="tests/integration/insight-api.test.ts" name="Insight API Integration &gt; POST /api/insight &gt; should create a new insight with creator" time="0.003810432">
        </testcase>
        <testcase classname="tests/integration/insight-api.test.ts" name="Insight API Integration &gt; POST /api/insight &gt; should return 400 for invalid request" time="0.004151528">
        </testcase>
        <testcase classname="tests/integration/insight-api.test.ts" name="Insight API Integration &gt; POST /api/insight &gt; should handle malformed JSON" time="0.002419364">
        </testcase>
        <testcase classname="tests/integration/insight-api.test.ts" name="Insight API Integration &gt; POST /api/insight &gt; should validate question length" time="0.004693811">
        </testcase>
        <testcase classname="tests/integration/insight-api.test.ts" name="Insight API Integration &gt; GET /api/insight &gt; should retrieve an existing insight" time="0.033114245">
            <system-out>
⏱️ Cache MISS: GET:/api/insight:id=insight-1 - executing handler...

✅ Handler completed in 2ms

💾 Cached response for GET:/api/insight:id=insight-1

            </system-out>
        </testcase>
        <testcase classname="tests/integration/insight-api.test.ts" name="Insight API Integration &gt; GET /api/insight &gt; should return 404 for non-existent insight" time="0.046189241">
            <system-out>
⏱️ Cache MISS: GET:/api/insight:id=nonexistent - executing handler...

✅ Handler completed in 1ms

            </system-out>
        </testcase>
        <testcase classname="tests/integration/insight-api.test.ts" name="Insight API Integration &gt; GET /api/insight &gt; should return 400 for missing ID parameter" time="0.004533844">
            <system-out>
⏱️ Cache MISS: GET:/api/insight: - executing handler...

✅ Handler completed in 1ms

            </system-out>
        </testcase>
        <testcase classname="tests/integration/insight-api.test.ts" name="Insight API Integration &gt; GET /api/insight &gt; should retrieve insight with creator information" time="0.009942031">
            <system-out>
⏱️ Cache MISS: GET:/api/insight:id=insight-2 - executing handler...

✅ Handler completed in 1ms

💾 Cached response for GET:/api/insight:id=insight-2

            </system-out>
        </testcase>
        <testcase classname="tests/integration/insight-api.test.ts" name="Insight API Integration &gt; GET /api/insight &gt; should handle invalid UUID format" time="0.006540588">
            <system-out>
⏱️ Cache MISS: GET:/api/insight:id=invalid-uuid - executing handler...

✅ Handler completed in 1ms

            </system-out>
        </testcase>
        <testcase classname="tests/integration/insight-api.test.ts" name="Insight API Integration &gt; Error handling and edge cases &gt; should handle database connection errors gracefully" time="0.003276574">
        </testcase>
        <testcase classname="tests/integration/insight-api.test.ts" name="Insight API Integration &gt; Error handling and edge cases &gt; should validate horizon date is in the future" time="0.059229223">
        </testcase>
    </testsuite>
    <testsuite name="tests/integration/normalize-api.test.ts" timestamp="2026-01-22T17:04:33.647Z" hostname="MacBookPro.lan" tests="16" failures="0" errors="0" skipped="0" time="0.206083948">
        <testcase classname="tests/integration/normalize-api.test.ts" name="Normalization API Integration &gt; Prediction Normalization and Memo Generation &gt; should normalize prediction and generate memo for API usage" time="0.006679172">
        </testcase>
        <testcase classname="tests/integration/normalize-api.test.ts" name="Normalization API Integration &gt; Prediction Normalization and Memo Generation &gt; should handle different asset types consistently" time="0.001043419">
        </testcase>
        <testcase classname="tests/integration/normalize-api.test.ts" name="Normalization API Integration &gt; Prediction Normalization and Memo Generation &gt; should generate unique hashes for different predictions" time="0.067039095">
        </testcase>
        <testcase classname="tests/integration/normalize-api.test.ts" name="Normalization API Integration &gt; Prediction Normalization and Memo Generation &gt; should maintain hash stability across multiple generations" time="0.001093685">
        </testcase>
        <testcase classname="tests/integration/normalize-api.test.ts" name="Normalization API Integration &gt; Prediction Normalization and Memo Generation &gt; should handle concurrent normalization requests" time="0.001552621">
        </testcase>
        <testcase classname="tests/integration/normalize-api.test.ts" name="Normalization API Integration &gt; Resolver Configuration &gt; should generate correct resolver refs for price predictions" time="0.000561405">
        </testcase>
        <testcase classname="tests/integration/normalize-api.test.ts" name="Normalization API Integration &gt; Resolver Configuration &gt; should generate correct resolver refs for URL predictions" time="0.00052173">
        </testcase>
        <testcase classname="tests/integration/normalize-api.test.ts" name="Normalization API Integration &gt; Resolver Configuration &gt; should generate correct resolver refs for text predictions" time="0.000480419">
        </testcase>
        <testcase classname="tests/integration/normalize-api.test.ts" name="Normalization API Integration &gt; Resolver Configuration &gt; should handle custom resolver configurations" time="0.000611388">
        </testcase>
        <testcase classname="tests/integration/normalize-api.test.ts" name="Normalization API Integration &gt; Edge Cases and Error Handling &gt; should handle very long questions gracefully" time="0.000874032">
        </testcase>
        <testcase classname="tests/integration/normalize-api.test.ts" name="Normalization API Integration &gt; Edge Cases and Error Handling &gt; should handle special characters in questions" time="0.000279717">
        </testcase>
        <testcase classname="tests/integration/normalize-api.test.ts" name="Normalization API Integration &gt; Edge Cases and Error Handling &gt; should handle different date formats consistently" time="0.000395253">
        </testcase>
        <testcase classname="tests/integration/normalize-api.test.ts" name="Normalization API Integration &gt; Edge Cases and Error Handling &gt; should handle malformed input gracefully" time="0.001583672">
        </testcase>
        <testcase classname="tests/integration/normalize-api.test.ts" name="Normalization API Integration &gt; Edge Cases and Error Handling &gt; should handle invalid dates" time="0.000805221">
        </testcase>
        <testcase classname="tests/integration/normalize-api.test.ts" name="Normalization API Integration &gt; Edge Cases and Error Handling &gt; should validate memo size constraints" time="0.06419811">
        </testcase>
        <testcase classname="tests/integration/normalize-api.test.ts" name="Normalization API Integration &gt; Performance and Scalability &gt; should handle batch normalization efficiently" time="0.015380189">
        </testcase>
    </testsuite>
    <testsuite name="tests/lib/topCreatorsClient.test.ts" timestamp="2026-01-22T17:04:33.659Z" hostname="MacBookPro.lan" tests="6" failures="0" errors="0" skipped="0" time="0.369475738">
        <testcase classname="tests/lib/topCreatorsClient.test.ts" name="useTopCreators &gt; should fetch data from API when no cache exists" time="0.102560441">
        </testcase>
        <testcase classname="tests/lib/topCreatorsClient.test.ts" name="useTopCreators &gt; should use cached data when available and not expired" time="0.005162868">
        </testcase>
        <testcase classname="tests/lib/topCreatorsClient.test.ts" name="useTopCreators &gt; should fetch fresh data when cache is expired" time="0.061660868">
        </testcase>
        <testcase classname="tests/lib/topCreatorsClient.test.ts" name="useTopCreators &gt; should return correct badge text for top creators" time="0.079361993">
        </testcase>
        <testcase classname="tests/lib/topCreatorsClient.test.ts" name="useTopCreators &gt; should handle API errors gracefully" time="0.05971549">
            <system-err>
Failed to fetch top creators: Error: API Error
    at [90m/Users/thorsrud/prediktfi-protocol-1/[39mtests/lib/topCreatorsClient.test.ts:132:53
    at [90mfile:///Users/thorsrud/prediktfi-protocol-1/[39mnode_modules/[4m@vitest[24m/runner/dist/chunk-hooks.js:155:11
    at [90mfile:///Users/thorsrud/prediktfi-protocol-1/[39mnode_modules/[4m@vitest[24m/runner/dist/chunk-hooks.js:752:26
    at [90mfile:///Users/thorsrud/prediktfi-protocol-1/[39mnode_modules/[4m@vitest[24m/runner/dist/chunk-hooks.js:1897:20
    at new Promise (&lt;anonymous&gt;)
    at runWithTimeout [90m(file:///Users/thorsrud/prediktfi-protocol-1/[39mnode_modules/[4m@vitest[24m/runner/dist/chunk-hooks.js:1863:10[90m)[39m
    at runTest [90m(file:///Users/thorsrud/prediktfi-protocol-1/[39mnode_modules/[4m@vitest[24m/runner/dist/chunk-hooks.js:1574:12[90m)[39m
    at runSuite [90m(file:///Users/thorsrud/prediktfi-protocol-1/[39mnode_modules/[4m@vitest[24m/runner/dist/chunk-hooks.js:1729:8[90m)[39m
    at runSuite [90m(file:///Users/thorsrud/prediktfi-protocol-1/[39mnode_modules/[4m@vitest[24m/runner/dist/chunk-hooks.js:1729:8[90m)[39m
    at runFiles [90m(file:///Users/thorsrud/prediktfi-protocol-1/[39mnode_modules/[4m@vitest[24m/runner/dist/chunk-hooks.js:1787:3[90m)[39m

            </system-err>
        </testcase>
        <testcase classname="tests/lib/topCreatorsClient.test.ts" name="useTopCreators &gt; should handle malformed cache data" time="0.057793874">
            <system-err>
Invalid cache data, fetching fresh data

            </system-err>
        </testcase>
    </testsuite>
    <testsuite name="tests/market/competitive.test.ts" timestamp="2026-01-22T17:04:33.665Z" hostname="MacBookPro.lan" tests="5" failures="4" errors="0" skipped="0" time="0.046241387">
        <testcase classname="tests/market/competitive.test.ts" name="fetchCompetitiveMemo &gt; returns not_available for unsupported category" time="0.003130419">
        </testcase>
        <testcase classname="tests/market/competitive.test.ts" name="fetchCompetitiveMemo &gt; returns ok and memo for supported category (memecoin)" time="0.022511766">
            <system-err>
[Tavily] No API key configured (TAVILY_API_KEY). Skipping web search.

[Tavily] No API key configured (TAVILY_API_KEY). Skipping web search.

[DexScreener] Search error: TypeError: Cannot read properties of undefined (reading &apos;ok&apos;)
    at searchMemecoinNarrative [90m(/Users/thorsrud/prediktfi-protocol-1/[39msrc/lib/dexscreenerClient.ts:96:23[90m)[39m
[90m    at processTicksAndRejections (node:internal/process/task_queues:105:5)[39m
    at Module.analyzeMemecoinNarrative [90m(/Users/thorsrud/prediktfi-protocol-1/[39msrc/lib/dexscreenerClient.ts:146:19[90m)[39m
    at Module.fetchCompetitiveMemo [90m(/Users/thorsrud/prediktfi-protocol-1/[39msrc/lib/market/competitive.ts:205:34[90m)[39m
    at [90m/Users/thorsrud/prediktfi-protocol-1/[39mtests/market/competitive.test.ts:63:24
    at [90mfile:///Users/thorsrud/prediktfi-protocol-1/[39mnode_modules/[4m@vitest[24m/runner/dist/chunk-hooks.js:752:20

Error fetching competitive memo: TypeError: Cannot read properties of undefined (reading &apos;completions&apos;)
    at Module.fetchCompetitiveMemo [90m(/Users/thorsrud/prediktfi-protocol-1/[39msrc/lib/market/competitive.ts:264:41[90m)[39m
[90m    at processTicksAndRejections (node:internal/process/task_queues:105:5)[39m
    at [90m/Users/thorsrud/prediktfi-protocol-1/[39mtests/market/competitive.test.ts:63:24
    at [90mfile:///Users/thorsrud/prediktfi-protocol-1/[39mnode_modules/[4m@vitest[24m/runner/dist/chunk-hooks.js:752:20

            </system-err>
            <failure message="expected &apos;not_available&apos; to be &apos;ok&apos; // Object.is equality" type="AssertionError">
AssertionError: expected &apos;not_available&apos; to be &apos;ok&apos; // Object.is equality

Expected: &quot;ok&quot;
Received: &quot;not_available&quot;

 ❯ tests/market/competitive.test.ts:65:31
            </failure>
        </testcase>
        <testcase classname="tests/market/competitive.test.ts" name="fetchCompetitiveMemo &gt; returns ok and memo for supported category (defi)" time="0.006305983">
            <system-err>
[Tavily] No API key configured (TAVILY_API_KEY). Skipping web search.

[Tavily] No API key configured (TAVILY_API_KEY). Skipping web search.

[DeFiLlama] Failed to fetch protocols: TypeError: Cannot read properties of undefined (reading &apos;ok&apos;)
    at getAllProtocols [90m(/Users/thorsrud/prediktfi-protocol-1/[39msrc/lib/defiLlamaClient.ts:50:23[90m)[39m
[90m    at processTicksAndRejections (node:internal/process/task_queues:105:5)[39m
    at Module.getDeFiCompetitors [90m(/Users/thorsrud/prediktfi-protocol-1/[39msrc/lib/defiLlamaClient.ts:158:23[90m)[39m
    at Module.fetchCompetitiveMemo [90m(/Users/thorsrud/prediktfi-protocol-1/[39msrc/lib/market/competitive.ts:171:33[90m)[39m
    at [90m/Users/thorsrud/prediktfi-protocol-1/[39mtests/market/competitive.test.ts:97:24
    at [90mfile:///Users/thorsrud/prediktfi-protocol-1/[39mnode_modules/[4m@vitest[24m/runner/dist/chunk-hooks.js:752:20

Error fetching competitive memo: TypeError: Cannot read properties of undefined (reading &apos;completions&apos;)
    at Module.fetchCompetitiveMemo [90m(/Users/thorsrud/prediktfi-protocol-1/[39msrc/lib/market/competitive.ts:264:41[90m)[39m
[90m    at processTicksAndRejections (node:internal/process/task_queues:105:5)[39m
    at [90m/Users/thorsrud/prediktfi-protocol-1/[39mtests/market/competitive.test.ts:97:24
    at [90mfile:///Users/thorsrud/prediktfi-protocol-1/[39mnode_modules/[4m@vitest[24m/runner/dist/chunk-hooks.js:752:20

            </system-err>
            <failure message="expected &apos;not_available&apos; to be &apos;ok&apos; // Object.is equality" type="AssertionError">
AssertionError: expected &apos;not_available&apos; to be &apos;ok&apos; // Object.is equality

Expected: &quot;ok&quot;
Received: &quot;not_available&quot;

 ❯ tests/market/competitive.test.ts:99:31
            </failure>
        </testcase>
        <testcase classname="tests/market/competitive.test.ts" name="fetchCompetitiveMemo &gt; handles invalid LLM response gracefully" time="0.007650078">
            <system-err>
[Tavily] No API key configured (TAVILY_API_KEY). Skipping web search.

[Tavily] No API key configured (TAVILY_API_KEY). Skipping web search.

[DexScreener] Search error: TypeError: Cannot read properties of undefined (reading &apos;ok&apos;)
    at searchMemecoinNarrative [90m(/Users/thorsrud/prediktfi-protocol-1/[39msrc/lib/dexscreenerClient.ts:96:23[90m)[39m
[90m    at processTicksAndRejections (node:internal/process/task_queues:105:5)[39m
    at Module.analyzeMemecoinNarrative [90m(/Users/thorsrud/prediktfi-protocol-1/[39msrc/lib/dexscreenerClient.ts:146:19[90m)[39m
    at Module.fetchCompetitiveMemo [90m(/Users/thorsrud/prediktfi-protocol-1/[39msrc/lib/market/competitive.ts:205:34[90m)[39m
    at [90m/Users/thorsrud/prediktfi-protocol-1/[39mtests/market/competitive.test.ts:113:24
    at [90mfile:///Users/thorsrud/prediktfi-protocol-1/[39mnode_modules/[4m@vitest[24m/runner/dist/chunk-hooks.js:752:20

Error fetching competitive memo: TypeError: Cannot read properties of undefined (reading &apos;completions&apos;)
    at Module.fetchCompetitiveMemo [90m(/Users/thorsrud/prediktfi-protocol-1/[39msrc/lib/market/competitive.ts:264:41[90m)[39m
[90m    at processTicksAndRejections (node:internal/process/task_queues:105:5)[39m
    at [90m/Users/thorsrud/prediktfi-protocol-1/[39mtests/market/competitive.test.ts:113:24
    at [90mfile:///Users/thorsrud/prediktfi-protocol-1/[39mnode_modules/[4m@vitest[24m/runner/dist/chunk-hooks.js:752:20

            </system-err>
            <failure message="expected &apos;Cannot read properties of undefined (…&apos; to be &apos;invalid_schema_returned&apos; // Object.is equality" type="AssertionError">
AssertionError: expected &apos;Cannot read properties of undefined (…&apos; to be &apos;invalid_schema_returned&apos; // Object.is equality

Expected: &quot;invalid_schema_returned&quot;
Received: &quot;Cannot read properties of undefined (reading &apos;completions&apos;)&quot;

 ❯ tests/market/competitive.test.ts:116:35
            </failure>
        </testcase>
        <testcase classname="tests/market/competitive.test.ts" name="fetchCompetitiveMemo &gt; handles LLM failure gracefully" time="0.003964586">
            <system-err>
[Tavily] No API key configured (TAVILY_API_KEY). Skipping web search.

[Tavily] No API key configured (TAVILY_API_KEY). Skipping web search.

[DexScreener] Search error: TypeError: Cannot read properties of undefined (reading &apos;ok&apos;)
    at searchMemecoinNarrative [90m(/Users/thorsrud/prediktfi-protocol-1/[39msrc/lib/dexscreenerClient.ts:96:23[90m)[39m
[90m    at processTicksAndRejections (node:internal/process/task_queues:105:5)[39m
    at Module.analyzeMemecoinNarrative [90m(/Users/thorsrud/prediktfi-protocol-1/[39msrc/lib/dexscreenerClient.ts:146:19[90m)[39m
    at Module.fetchCompetitiveMemo [90m(/Users/thorsrud/prediktfi-protocol-1/[39msrc/lib/market/competitive.ts:205:34[90m)[39m
    at [90m/Users/thorsrud/prediktfi-protocol-1/[39mtests/market/competitive.test.ts:123:24
    at [90mfile:///Users/thorsrud/prediktfi-protocol-1/[39mnode_modules/[4m@vitest[24m/runner/dist/chunk-hooks.js:752:20

Error fetching competitive memo: TypeError: Cannot read properties of undefined (reading &apos;completions&apos;)
    at Module.fetchCompetitiveMemo [90m(/Users/thorsrud/prediktfi-protocol-1/[39msrc/lib/market/competitive.ts:264:41[90m)[39m
[90m    at processTicksAndRejections (node:internal/process/task_queues:105:5)[39m
    at [90m/Users/thorsrud/prediktfi-protocol-1/[39mtests/market/competitive.test.ts:123:24
    at [90mfile:///Users/thorsrud/prediktfi-protocol-1/[39mnode_modules/[4m@vitest[24m/runner/dist/chunk-hooks.js:752:20

            </system-err>
            <failure message="expected &apos;Cannot read properties of undefined (…&apos; to be &apos;API Error&apos; // Object.is equality" type="AssertionError">
AssertionError: expected &apos;Cannot read properties of undefined (…&apos; to be &apos;API Error&apos; // Object.is equality

Expected: &quot;API Error&quot;
Received: &quot;Cannot read properties of undefined (reading &apos;completions&apos;)&quot;

 ❯ tests/market/competitive.test.ts:126:35
            </failure>
        </testcase>
    </testsuite>
    <testsuite name="tests/market/defillama.test.ts" timestamp="2026-01-22T17:04:33.681Z" hostname="MacBookPro.lan" tests="9" failures="0" errors="0" skipped="0" time="0.050647678">
        <testcase classname="tests/market/defillama.test.ts" name="DeFiLlama Client &gt; formatTVL &gt; formats billions correctly" time="0.00373258">
        </testcase>
        <testcase classname="tests/market/defillama.test.ts" name="DeFiLlama Client &gt; formatTVL &gt; formats millions correctly" time="0.000602881">
        </testcase>
        <testcase classname="tests/market/defillama.test.ts" name="DeFiLlama Client &gt; formatTVL &gt; formats thousands correctly" time="0.000558446">
        </testcase>
        <testcase classname="tests/market/defillama.test.ts" name="DeFiLlama Client &gt; formatTVL &gt; formats small values correctly" time="0.000362566">
        </testcase>
        <testcase classname="tests/market/defillama.test.ts" name="DeFiLlama Client &gt; getDeFiCompetitors &gt; fetches and filters protocols by mechanism type" time="0.035371495">
        </testcase>
        <testcase classname="tests/market/defillama.test.ts" name="DeFiLlama Client &gt; getDeFiCompetitors &gt; returns empty array on API error" time="0.003689171">
            <system-err>
[DeFiLlama] API error: 500

            </system-err>
        </testcase>
        <testcase classname="tests/market/defillama.test.ts" name="DeFiLlama Client &gt; getChainTVL &gt; fetches chain TVL data" time="0.000976377">
        </testcase>
        <testcase classname="tests/market/defillama.test.ts" name="DeFiLlama Client &gt; getChainTVL &gt; returns null for unknown chain" time="0.000383258">
        </testcase>
        <testcase classname="tests/market/defillama.test.ts" name="DeFiLlama Client &gt; getSolanaTopProtocols &gt; returns top Solana protocols sorted by TVL" time="0.001473425">
        </testcase>
    </testsuite>
    <testsuite name="tests/market/tavily.test.ts" timestamp="2026-01-22T17:04:33.689Z" hostname="MacBookPro.lan" tests="7" failures="0" errors="0" skipped="0" time="0.058969599">
        <testcase classname="tests/market/tavily.test.ts" name="Tavily Client &gt; generateCompetitorQueries &gt; generates memecoin queries" time="0.003930446">
        </testcase>
        <testcase classname="tests/market/tavily.test.ts" name="Tavily Client &gt; generateCompetitorQueries &gt; generates DeFi lending queries" time="0.000715987">
        </testcase>
        <testcase classname="tests/market/tavily.test.ts" name="Tavily Client &gt; generateCompetitorQueries &gt; generates AI queries" time="0.00068651">
        </testcase>
        <testcase classname="tests/market/tavily.test.ts" name="Tavily Client &gt; searchWeb &gt; returns empty array when no API key is set" time="0.0317244">
            <system-err>
[Tavily] No API key configured (TAVILY_API_KEY). Skipping web search.

            </system-err>
        </testcase>
        <testcase classname="tests/market/tavily.test.ts" name="Tavily Client &gt; searchWeb &gt; calls Tavily API when key is set" time="0.016045785">
        </testcase>
        <testcase classname="tests/market/tavily.test.ts" name="Tavily Client &gt; searchWeb &gt; returns empty array on API error" time="0.001278008">
            <system-err>
[Tavily] API error (401): Unauthorized

            </system-err>
        </testcase>
        <testcase classname="tests/market/tavily.test.ts" name="Tavily Client &gt; searchCompetitors &gt; deduplicates results by URL" time="0.001124743">
        </testcase>
    </testsuite>
    <testsuite name="tests/ui/studio-metrics.test.ts" timestamp="2026-01-22T17:04:33.696Z" hostname="MacBookPro.lan" tests="3" failures="0" errors="0" skipped="0" time="0.027832436">
        <testcase classname="tests/ui/studio-metrics.test.ts" name="Numeric helpers &gt; toNum handles various input types" time="0.016137962">
        </testcase>
        <testcase classname="tests/ui/studio-metrics.test.ts" name="Numeric helpers &gt; fmt formats numbers with fallback" time="0.00149893">
        </testcase>
        <testcase classname="tests/ui/studio-metrics.test.ts" name="Numeric helpers &gt; fmtPct formats percentages correctly" time="0.001420216">
        </testcase>
    </testsuite>
    <testsuite name="tests/ui/studio-modal.test.ts" timestamp="2026-01-22T17:04:33.699Z" hostname="MacBookPro.lan" tests="3" failures="0" errors="0" skipped="0" time="0.026496245">
        <testcase classname="tests/ui/studio-modal.test.ts" name="Studio Modal Types &gt; should export InsightResponse and InsightMetrics types" time="0.018676964">
        </testcase>
        <testcase classname="tests/ui/studio-modal.test.ts" name="Studio Modal Types &gt; should handle null insight gracefully in modal logic" time="0.002883226">
        </testcase>
        <testcase classname="tests/ui/studio-modal.test.ts" name="Studio Modal Types &gt; should handle valid insight data correctly" time="0.000969947">
        </testcase>
    </testsuite>
    <testsuite name="tests/unit/evaluator.constraints.test.ts" timestamp="2026-01-22T17:04:33.702Z" hostname="MacBookPro.lan" tests="8" failures="0" errors="0" skipped="0" time="0.099478741">
        <testcase classname="tests/unit/evaluator.constraints.test.ts" name="Evaluator Constraints &gt; Constraint 1: Solo Founder Cap (Refined)" time="0.005755825">
        </testcase>
        <testcase classname="tests/unit/evaluator.constraints.test.ts" name="Evaluator Constraints &gt; Constraint 2: Memecoin + Low Budget" time="0.000954548">
        </testcase>
        <testcase classname="tests/unit/evaluator.constraints.test.ts" name="Evaluator Constraints &gt; Constraint 3: Vague Description" time="0.000620676">
        </testcase>
        <testcase classname="tests/unit/evaluator.constraints.test.ts" name="Evaluator Constraints &gt; Constraint 4: DeFi Admin Risk" time="0.083599033">
        </testcase>
        <testcase classname="tests/unit/evaluator.constraints.test.ts" name="Evaluator Constraints &gt; prevents 0 score for weak but not hard-fail inputs (Floor Check)" time="0.003361548">
            <system-out>
Weak Result Score: [33m15[39m

            </system-out>
        </testcase>
        <testcase classname="tests/unit/evaluator.constraints.test.ts" name="Evaluator Constraints &gt; triggers 0 score for explicit Hard Fail" time="0.000605927">
        </testcase>
        <testcase classname="tests/unit/evaluator.constraints.test.ts" name="Evaluator Constraints &gt; Mission 15: Correctly grades liquidity lock duration" time="0.000989653">
        </testcase>
        <testcase classname="tests/unit/evaluator.constraints.test.ts" name="Evaluator Constraints &gt; Mission 16: Sets Confidence Level to Low on Vague Input" time="0.000399242">
        </testcase>
    </testsuite>
    <testsuite name="tests/unit/guards.slippage.test.ts" timestamp="2026-01-22T17:04:33.709Z" hostname="MacBookPro.lan" tests="21" failures="0" errors="0" skipped="0" time="0.071703453">
        <testcase classname="tests/unit/guards.slippage.test.ts" name="Dynamic Slippage Cap &gt; calculateDynamicSlippageCap &gt; should return BASE_BPS (20) for very low impact" time="0.004551008">
        </testcase>
        <testcase classname="tests/unit/guards.slippage.test.ts" name="Dynamic Slippage Cap &gt; calculateDynamicSlippageCap &gt; should calculate cap as ceil(K * impact) for medium impact" time="0.000547081">
        </testcase>
        <testcase classname="tests/unit/guards.slippage.test.ts" name="Dynamic Slippage Cap &gt; calculateDynamicSlippageCap &gt; should clamp to HARD_CAP_BPS (100) for high impact" time="0.000380772">
        </testcase>
        <testcase classname="tests/unit/guards.slippage.test.ts" name="Dynamic Slippage Cap &gt; calculateDynamicSlippageCap &gt; should use more conservative value between dynamic cap and user max" time="0.000616228">
        </testcase>
        <testcase classname="tests/unit/guards.slippage.test.ts" name="Dynamic Slippage Cap &gt; calculateDynamicSlippageCap &gt; should use user max when it is lower than dynamic cap" time="0.00039609">
        </testcase>
        <testcase classname="tests/unit/guards.slippage.test.ts" name="Dynamic Slippage Cap &gt; calculateDynamicSlippageCap &gt; should handle edge case of zero impact" time="0.00160923">
        </testcase>
        <testcase classname="tests/unit/guards.slippage.test.ts" name="Dynamic Slippage Cap &gt; calculateDynamicSlippageCap &gt; should handle very high impact correctly" time="0.000459358">
        </testcase>
        <testcase classname="tests/unit/guards.slippage.test.ts" name="Dynamic Slippage Cap &gt; checkSlippageCap with dynamic cap &gt; should pass when slippage is within dynamic cap" time="0.000568709">
        </testcase>
        <testcase classname="tests/unit/guards.slippage.test.ts" name="Dynamic Slippage Cap &gt; checkSlippageCap with dynamic cap &gt; should fail when slippage exceeds dynamic cap" time="0.001809662">
        </testcase>
        <testcase classname="tests/unit/guards.slippage.test.ts" name="Dynamic Slippage Cap &gt; checkSlippageCap with dynamic cap &gt; should fall back to static guard when impact not provided" time="0.000622073">
        </testcase>
        <testcase classname="tests/unit/guards.slippage.test.ts" name="Dynamic Slippage Cap &gt; checkSlippageCap with dynamic cap &gt; should use dynamic cap when it is more conservative than user max" time="0.00280974">
        </testcase>
        <testcase classname="tests/unit/guards.slippage.test.ts" name="Dynamic Slippage Cap &gt; checkSlippageCap with dynamic cap &gt; should use user max when it is more conservative than dynamic cap" time="0.000429165">
        </testcase>
        <testcase classname="tests/unit/guards.slippage.test.ts" name="Dynamic Slippage Cap &gt; Test cases from requirements &gt; should handle low-impact case (cap=20)" time="0.000285534">
        </testcase>
        <testcase classname="tests/unit/guards.slippage.test.ts" name="Dynamic Slippage Cap &gt; Test cases from requirements &gt; should handle mid-impact case (cap≈K*impact)" time="0.000257737">
        </testcase>
        <testcase classname="tests/unit/guards.slippage.test.ts" name="Dynamic Slippage Cap &gt; Test cases from requirements &gt; should handle high-impact case (clamped to 100)" time="0.000222907">
        </testcase>
        <testcase classname="tests/unit/guards.slippage.test.ts" name="Dynamic Slippage Cap &gt; Test cases from requirements &gt; should handle case where user max is lower than dynamic cap" time="0.000234787">
        </testcase>
        <testcase classname="tests/unit/guards.slippage.test.ts" name="Dynamic Slippage Cap &gt; Edge cases and boundary conditions &gt; should handle fractional impact values correctly" time="0.000228523">
        </testcase>
        <testcase classname="tests/unit/guards.slippage.test.ts" name="Dynamic Slippage Cap &gt; Edge cases and boundary conditions &gt; should handle impact exactly at hard cap boundary" time="0.000215443">
        </testcase>
        <testcase classname="tests/unit/guards.slippage.test.ts" name="Dynamic Slippage Cap &gt; Edge cases and boundary conditions &gt; should handle impact just above hard cap boundary" time="0.000207434">
        </testcase>
        <testcase classname="tests/unit/guards.slippage.test.ts" name="Dynamic Slippage Cap &gt; Edge cases and boundary conditions &gt; should handle very small impact values" time="0.000205902">
        </testcase>
        <testcase classname="tests/unit/guards.slippage.test.ts" name="Dynamic Slippage Cap &gt; Edge cases and boundary conditions &gt; should use dynamic cap when user max is higher" time="0.000258136">
        </testcase>
    </testsuite>
    <testsuite name="tests/unit/indicators.test.ts" timestamp="2026-01-22T17:04:33.724Z" hostname="MacBookPro.lan" tests="17" failures="0" errors="0" skipped="0" time="0.107133621">
        <testcase classname="tests/unit/indicators.test.ts" name="Technical Indicators &gt; calculateSMA &gt; should calculate simple moving average correctly" time="0.004604569">
        </testcase>
        <testcase classname="tests/unit/indicators.test.ts" name="Technical Indicators &gt; calculateSMA &gt; should handle insufficient data" time="0.000775101">
        </testcase>
        <testcase classname="tests/unit/indicators.test.ts" name="Technical Indicators &gt; calculateSMA &gt; should handle empty array" time="0.000360903">
        </testcase>
        <testcase classname="tests/unit/indicators.test.ts" name="Technical Indicators &gt; calculateEMA &gt; should calculate exponential moving average" time="0.00134854">
        </testcase>
        <testcase classname="tests/unit/indicators.test.ts" name="Technical Indicators &gt; calculateEMA &gt; should handle single price" time="0.000381951">
        </testcase>
        <testcase classname="tests/unit/indicators.test.ts" name="Technical Indicators &gt; calculateRSI &gt; should calculate RSI within valid range" time="0.001809008">
        </testcase>
        <testcase classname="tests/unit/indicators.test.ts" name="Technical Indicators &gt; calculateRSI &gt; should return neutral RSI for insufficient data" time="0.000736563">
        </testcase>
        <testcase classname="tests/unit/indicators.test.ts" name="Technical Indicators &gt; calculateRSI &gt; should handle trending up prices" time="0.000578901">
        </testcase>
        <testcase classname="tests/unit/indicators.test.ts" name="Technical Indicators &gt; calculateATR &gt; should calculate Average True Range" time="0.001283651">
        </testcase>
        <testcase classname="tests/unit/indicators.test.ts" name="Technical Indicators &gt; calculateATR &gt; should handle insufficient data" time="0.000428863">
        </testcase>
        <testcase classname="tests/unit/indicators.test.ts" name="Technical Indicators &gt; findSupportResistance &gt; should find support and resistance levels" time="0.000721157">
        </testcase>
        <testcase classname="tests/unit/indicators.test.ts" name="Technical Indicators &gt; findSupportResistance &gt; should handle minimal data" time="0.000624179">
        </testcase>
        <testcase classname="tests/unit/indicators.test.ts" name="Technical Indicators &gt; determineTrend &gt; should identify upward trend" time="0.004727424">
        </testcase>
        <testcase classname="tests/unit/indicators.test.ts" name="Technical Indicators &gt; determineTrend &gt; should identify downward trend" time="0.000810871">
        </testcase>
        <testcase classname="tests/unit/indicators.test.ts" name="Technical Indicators &gt; determineTrend &gt; should identify neutral trend" time="0.000374002">
        </testcase>
        <testcase classname="tests/unit/indicators.test.ts" name="Technical Indicators &gt; computeIndicators &gt; should compute all indicators for market data" time="0.003434539">
        </testcase>
        <testcase classname="tests/unit/indicators.test.ts" name="Technical Indicators &gt; computeIndicators &gt; should handle empty market data" time="0.000404595">
        </testcase>
    </testsuite>
    <testsuite name="tests/unit/memo.test.ts" timestamp="2026-01-22T17:04:33.735Z" hostname="MacBookPro.lan" tests="15" failures="0" errors="0" skipped="0" time="0.058693412">
        <testcase classname="tests/unit/memo.test.ts" name="Memo Golden Tests &gt; Prediction Hash Generation &gt; should generate consistent hash for same input" time="0.004498382">
        </testcase>
        <testcase classname="tests/unit/memo.test.ts" name="Memo Golden Tests &gt; Prediction Hash Generation &gt; should generate different hashes for different inputs" time="0.001499204">
        </testcase>
        <testcase classname="tests/unit/memo.test.ts" name="Memo Golden Tests &gt; Prediction Hash Generation &gt; should generate expected golden hash" time="0.000307991">
        </testcase>
        <testcase classname="tests/unit/memo.test.ts" name="Memo Golden Tests &gt; Memo Payload Creation &gt; should create valid memo payload" time="0.002913562">
        </testcase>
        <testcase classname="tests/unit/memo.test.ts" name="Memo Golden Tests &gt; Memo Payload Creation &gt; should create payload within size limit" time="0.000695601">
        </testcase>
        <testcase classname="tests/unit/memo.test.ts" name="Memo Golden Tests &gt; Memo Serialization &gt; should serialize and parse memo payload correctly" time="0.000947517">
        </testcase>
        <testcase classname="tests/unit/memo.test.ts" name="Memo Golden Tests &gt; Memo Serialization &gt; should return null for invalid memo JSON" time="0.000570961">
        </testcase>
        <testcase classname="tests/unit/memo.test.ts" name="Memo Golden Tests &gt; Hash Verification &gt; should verify prediction hash correctly" time="0.000517852">
        </testcase>
        <testcase classname="tests/unit/memo.test.ts" name="Memo Golden Tests &gt; Complete Solana Memo Generation &gt; should generate complete Solana memo" time="0.001240764">
        </testcase>
        <testcase classname="tests/unit/memo.test.ts" name="Memo Golden Tests &gt; Complete Solana Memo Generation &gt; should throw error for oversized memo" time="0.001416348">
        </testcase>
        <testcase classname="tests/unit/memo.test.ts" name="Memo Golden Tests &gt; Memo Extraction &gt; should extract prediction components from memo" time="0.000544009">
        </testcase>
        <testcase classname="tests/unit/memo.test.ts" name="Memo Golden Tests &gt; Memo Extraction &gt; should return null for invalid memo" time="0.000264154">
        </testcase>
        <testcase classname="tests/unit/memo.test.ts" name="Memo Golden Tests &gt; Hash Input Normalization &gt; should normalize hash input consistently" time="0.000262568">
        </testcase>
        <testcase classname="tests/unit/memo.test.ts" name="Memo Golden Tests &gt; Deterministic Golden Tests &gt; golden test: BTC 100k prediction" time="0.038229612">
        </testcase>
        <testcase classname="tests/unit/memo.test.ts" name="Memo Golden Tests &gt; Deterministic Golden Tests &gt; golden test: ETH 5k prediction" time="0.00099539">
        </testcase>
    </testsuite>
    <testsuite name="tests/unit/merkle.test.ts" timestamp="2026-01-22T17:04:33.760Z" hostname="MacBookPro.lan" tests="13" failures="0" errors="0" skipped="0" time="0.084909577">
        <testcase classname="tests/unit/merkle.test.ts" name="Merkle Tree &gt; MerkleTree class &gt; should create a merkle tree from single element" time="0.005832331">
        </testcase>
        <testcase classname="tests/unit/merkle.test.ts" name="Merkle Tree &gt; MerkleTree class &gt; should create a merkle tree from multiple elements" time="0.000855092">
        </testcase>
        <testcase classname="tests/unit/merkle.test.ts" name="Merkle Tree &gt; MerkleTree class &gt; should handle odd number of elements" time="0.000820609">
        </testcase>
        <testcase classname="tests/unit/merkle.test.ts" name="Merkle Tree &gt; MerkleTree class &gt; should generate consistent roots for same data" time="0.000921376">
        </testcase>
        <testcase classname="tests/unit/merkle.test.ts" name="Merkle Tree &gt; MerkleTree class &gt; should generate different roots for different data" time="0.001987011">
        </testcase>
        <testcase classname="tests/unit/merkle.test.ts" name="Merkle Tree &gt; MerkleTree class &gt; should generate proof for leaf" time="0.003002212">
        </testcase>
        <testcase classname="tests/unit/merkle.test.ts" name="Merkle Tree &gt; MerkleTree class &gt; should verify valid proof" time="0.000870999">
        </testcase>
        <testcase classname="tests/unit/merkle.test.ts" name="Merkle Tree &gt; MerkleTree class &gt; should reject invalid proof" time="0.056041345">
        </testcase>
        <testcase classname="tests/unit/merkle.test.ts" name="Merkle Tree &gt; MerkleTree class &gt; should throw error for empty data" time="0.002810857">
        </testcase>
        <testcase classname="tests/unit/merkle.test.ts" name="Merkle Tree &gt; MerkleTree class &gt; should throw error for out of bounds index" time="0.00088279">
        </testcase>
        <testcase classname="tests/unit/merkle.test.ts" name="Merkle Tree &gt; generateMerkleRoot helper &gt; should generate root from insight IDs" time="0.001386125">
        </testcase>
        <testcase classname="tests/unit/merkle.test.ts" name="Merkle Tree &gt; generateMerkleRoot helper &gt; should generate consistent roots" time="0.00039458">
        </testcase>
        <testcase classname="tests/unit/merkle.test.ts" name="Merkle Tree &gt; generateMerkleRoot helper &gt; should throw error for empty array" time="0.000513805">
        </testcase>
    </testsuite>
    <testsuite name="tests/unit/metrics-aggregations.test.ts" timestamp="2026-01-22T17:04:33.781Z" hostname="MacBookPro.lan" tests="17" failures="0" errors="0" skipped="0" time="0.106281171">
        <testcase classname="tests/unit/metrics-aggregations.test.ts" name="Metrics Aggregation System &gt; getPeriodRange &gt; should calculate correct date ranges for different periods" time="0.004063103">
        </testcase>
        <testcase classname="tests/unit/metrics-aggregations.test.ts" name="Chart Data Processing &gt; processVolumeChartData &gt; should convert daily volume data to line chart format" time="0.018704494">
        </testcase>
        <testcase classname="tests/unit/metrics-aggregations.test.ts" name="Chart Data Processing &gt; processVolumeChartData &gt; should handle empty data" time="0.00085305">
        </testcase>
        <testcase classname="tests/unit/metrics-aggregations.test.ts" name="Chart Data Processing &gt; processOutcomeChartData &gt; should convert outcome breakdown to donut chart format" time="0.002450746">
        </testcase>
        <testcase classname="tests/unit/metrics-aggregations.test.ts" name="Chart Data Processing &gt; processOutcomeChartData &gt; should handle zero values" time="0.000363618">
        </testcase>
        <testcase classname="tests/unit/metrics-aggregations.test.ts" name="Chart Data Processing &gt; processResolverChartData &gt; should convert resolver breakdown to bar chart format" time="0.004600583">
        </testcase>
        <testcase classname="tests/unit/metrics-aggregations.test.ts" name="Formatting Utilities &gt; formatNumber &gt; should format numbers with appropriate suffixes" time="0.001196458">
        </testcase>
        <testcase classname="tests/unit/metrics-aggregations.test.ts" name="Formatting Utilities &gt; formatPercentage &gt; should format percentages with one decimal place" time="0.000455174">
        </testcase>
        <testcase classname="tests/unit/metrics-aggregations.test.ts" name="Formatting Utilities &gt; formatDuration &gt; should format duration in appropriate units" time="0.0582988">
        </testcase>
        <testcase classname="tests/unit/metrics-aggregations.test.ts" name="Formatting Utilities &gt; getTrend &gt; should calculate trend direction and percentage" time="0.001536123">
        </testcase>
        <testcase classname="tests/unit/metrics-aggregations.test.ts" name="Formatting Utilities &gt; getTrend &gt; should handle zero previous value" time="0.000534316">
        </testcase>
        <testcase classname="tests/unit/metrics-aggregations.test.ts" name="Formatting Utilities &gt; getTrend &gt; should treat small changes as stable" time="0.001435608">
        </testcase>
        <testcase classname="tests/unit/metrics-aggregations.test.ts" name="Edge Cases &gt; should handle empty daily volume data" time="0.001350651">
        </testcase>
        <testcase classname="tests/unit/metrics-aggregations.test.ts" name="Edge Cases &gt; should handle zero outcome totals" time="0.000372001">
        </testcase>
        <testcase classname="tests/unit/metrics-aggregations.test.ts" name="Edge Cases &gt; should handle zero resolver totals" time="0.000493301">
        </testcase>
        <testcase classname="tests/unit/metrics-aggregations.test.ts" name="Edge Cases &gt; should handle very large numbers in formatting" time="0.000235855">
        </testcase>
        <testcase classname="tests/unit/metrics-aggregations.test.ts" name="Edge Cases &gt; should handle negative durations" time="0.000351831">
        </testcase>
    </testsuite>
    <testsuite name="tests/unit/models.calibration.test.ts" timestamp="2026-01-22T17:04:33.792Z" hostname="MacBookPro.lan" tests="15" failures="0" errors="0" skipped="0" time="0.018980068">
        <testcase classname="tests/unit/models.calibration.test.ts" name="Calibration Model &gt; calculateBrierScore &gt; should calculate perfect Brier score (0.0)" time="0.002577699">
        </testcase>
        <testcase classname="tests/unit/models.calibration.test.ts" name="Calibration Model &gt; calculateBrierScore &gt; should handle perfect predictions" time="0.000478317">
        </testcase>
        <testcase classname="tests/unit/models.calibration.test.ts" name="Calibration Model &gt; calculateBrierScore &gt; should handle worst case predictions" time="0.000247264">
        </testcase>
        <testcase classname="tests/unit/models.calibration.test.ts" name="Calibration Model &gt; calculateBrierScore &gt; should return 0 for empty predictions" time="0.000386725">
        </testcase>
        <testcase classname="tests/unit/models.calibration.test.ts" name="Calibration Model &gt; getCalibrationStatus &gt; should return Good for excellent Brier scores" time="0.00034153">
        </testcase>
        <testcase classname="tests/unit/models.calibration.test.ts" name="Calibration Model &gt; getCalibrationStatus &gt; should return Fair for moderate Brier scores" time="0.000314547">
        </testcase>
        <testcase classname="tests/unit/models.calibration.test.ts" name="Calibration Model &gt; getCalibrationStatus &gt; should return Poor for bad Brier scores" time="0.00037614">
        </testcase>
        <testcase classname="tests/unit/models.calibration.test.ts" name="Calibration Model &gt; winsorizeReturns &gt; should winsorize outliers by trading pair" time="0.003375395">
        </testcase>
        <testcase classname="tests/unit/models.calibration.test.ts" name="Calibration Model &gt; winsorizeReturns &gt; should use higher percentile for small samples" time="0.001302246">
        </testcase>
        <testcase classname="tests/unit/models.calibration.test.ts" name="Calibration Model &gt; createCalibrationBins &gt; should create decile bins with proper aggregation" time="0.003323657">
        </testcase>
        <testcase classname="tests/unit/models.calibration.test.ts" name="Calibration Model &gt; createCalibrationBins &gt; should merge bins with n &lt; 3" time="0.000427412">
        </testcase>
        <testcase classname="tests/unit/models.calibration.test.ts" name="Calibration Model &gt; createCalibrationBins &gt; should return empty array for insufficient data" time="0.000374529">
        </testcase>
        <testcase classname="tests/unit/models.calibration.test.ts" name="Calibration Model &gt; calculateCalibration &gt; should calculate comprehensive calibration for good model" time="0.001559487">
        </testcase>
        <testcase classname="tests/unit/models.calibration.test.ts" name="Calibration Model &gt; calculateCalibration &gt; should handle insufficient matured data" time="0.000350323">
        </testcase>
        <testcase classname="tests/unit/models.calibration.test.ts" name="Calibration Model &gt; hasSufficientCalibrationData &gt; should require minimum matured samples" time="0.000269321">
        </testcase>
    </testsuite>
    <testsuite name="tests/unit/models.metrics.test.ts" timestamp="2026-01-22T17:04:33.804Z" hostname="MacBookPro.lan" tests="15" failures="0" errors="0" skipped="0" time="0.039214425">
        <testcase classname="tests/unit/models.metrics.test.ts" name="Metrics Model &gt; BUY/SELL Return Calculations &gt; should calculate BUY returns correctly" time="0.003070507">
        </testcase>
        <testcase classname="tests/unit/models.metrics.test.ts" name="Metrics Model &gt; BUY/SELL Return Calculations &gt; should calculate SELL returns correctly" time="0.000497469">
        </testcase>
        <testcase classname="tests/unit/models.metrics.test.ts" name="Metrics Model &gt; BUY/SELL Return Calculations &gt; should handle break-even scenarios" time="0.000669314">
        </testcase>
        <testcase classname="tests/unit/models.metrics.test.ts" name="Metrics Model &gt; BUY/SELL Return Calculations &gt; should handle losses correctly" time="0.000363392">
        </testcase>
        <testcase classname="tests/unit/models.metrics.test.ts" name="Metrics Model &gt; Matured Filtering &gt; should filter trades by maturity correctly" time="0.002380323">
        </testcase>
        <testcase classname="tests/unit/models.metrics.test.ts" name="Metrics Model &gt; Matured Filtering &gt; should handle missing blockTime gracefully" time="0.001213362">
        </testcase>
        <testcase classname="tests/unit/models.metrics.test.ts" name="Metrics Model &gt; NaN Protection &gt; should protect against division by zero in returns" time="0.000658499">
        </testcase>
        <testcase classname="tests/unit/models.metrics.test.ts" name="Metrics Model &gt; NaN Protection &gt; should handle invalid confidence values" time="0.000846922">
        </testcase>
        <testcase classname="tests/unit/models.metrics.test.ts" name="Metrics Model &gt; NaN Protection &gt; should protect Sharpe ratio calculation" time="0.00085919">
        </testcase>
        <testcase classname="tests/unit/models.metrics.test.ts" name="Metrics Model &gt; Expected Duration Parsing &gt; should parse various duration formats" time="0.000638855">
        </testcase>
        <testcase classname="tests/unit/models.metrics.test.ts" name="Metrics Model &gt; ETag Generation &gt; should generate consistent ETags for same input" time="0.001004281">
        </testcase>
        <testcase classname="tests/unit/models.metrics.test.ts" name="Metrics Model &gt; ETag Generation &gt; should generate different ETags for different inputs" time="0.001581686">
        </testcase>
        <testcase classname="tests/unit/models.metrics.test.ts" name="Metrics Model &gt; ETag Generation &gt; should generate different ETags for different timestamps" time="0.000380849">
        </testcase>
        <testcase classname="tests/unit/models.metrics.test.ts" name="Metrics Model &gt; Data Aggregation &gt; should calculate P&amp;L metrics correctly" time="0.000503564">
        </testcase>
        <testcase classname="tests/unit/models.metrics.test.ts" name="Metrics Model &gt; Data Aggregation &gt; should calculate maximum drawdown" time="0.000493023">
        </testcase>
    </testsuite>
    <testsuite name="tests/unit/normalize.test.ts" timestamp="2026-01-22T17:04:33.816Z" hostname="MacBookPro.lan" tests="18" failures="0" errors="0" skipped="0" time="0.069677901">
        <testcase classname="tests/unit/normalize.test.ts" name="Normalize Golden Tests &gt; Bitcoin Predictions &gt; should normalize &quot;Will Bitcoin reach $100k by end of year?&quot; correctly" time="0.006128228">
        </testcase>
        <testcase classname="tests/unit/normalize.test.ts" name="Normalize Golden Tests &gt; Bitcoin Predictions &gt; should normalize &quot;Bitcoin will hit $80,000&quot; correctly" time="0.000644086">
        </testcase>
        <testcase classname="tests/unit/normalize.test.ts" name="Normalize Golden Tests &gt; Bitcoin Predictions &gt; should normalize &quot;BTC below $50k&quot; correctly" time="0.000301138">
        </testcase>
        <testcase classname="tests/unit/normalize.test.ts" name="Normalize Golden Tests &gt; Ethereum Predictions &gt; should normalize &quot;Will Ethereum hit $5000 by Q2 2025?&quot; correctly" time="0.00041599">
        </testcase>
        <testcase classname="tests/unit/normalize.test.ts" name="Normalize Golden Tests &gt; Ethereum Predictions &gt; should normalize &quot;ETH over $3,500&quot; correctly" time="0.000301926">
        </testcase>
        <testcase classname="tests/unit/normalize.test.ts" name="Normalize Golden Tests &gt; Solana Predictions &gt; should normalize &quot;Solana will be hitting 400USD this year&quot; correctly" time="0.001833886">
        </testcase>
        <testcase classname="tests/unit/normalize.test.ts" name="Normalize Golden Tests &gt; Generic Asset Predictions &gt; should normalize generic asset predictions" time="0.000435245">
        </testcase>
        <testcase classname="tests/unit/normalize.test.ts" name="Normalize Golden Tests &gt; Text-based Predictions &gt; should normalize text predictions with fallback" time="0.000755516">
        </testcase>
        <testcase classname="tests/unit/normalize.test.ts" name="Normalize Golden Tests &gt; Default Values &gt; should apply default probability and deadline" time="0.001449706">
        </testcase>
        <testcase classname="tests/unit/normalize.test.ts" name="Normalize Golden Tests &gt; Canonical Validation &gt; should validate correct price canonical forms" time="0.004395148">
        </testcase>
        <testcase classname="tests/unit/normalize.test.ts" name="Normalize Golden Tests &gt; Canonical Validation &gt; should validate correct text canonical forms" time="0.000385059">
        </testcase>
        <testcase classname="tests/unit/normalize.test.ts" name="Normalize Golden Tests &gt; Canonical Validation &gt; should reject invalid canonical forms" time="0.000265103">
        </testcase>
        <testcase classname="tests/unit/normalize.test.ts" name="Normalize Golden Tests &gt; Canonical Parsing &gt; should parse price canonical forms correctly" time="0.000537398">
        </testcase>
        <testcase classname="tests/unit/normalize.test.ts" name="Normalize Golden Tests &gt; Canonical Parsing &gt; should parse text canonical forms correctly" time="0.000566007">
        </testcase>
        <testcase classname="tests/unit/normalize.test.ts" name="Normalize Golden Tests &gt; Canonical Parsing &gt; should return null for invalid canonical forms" time="0.000336729">
        </testcase>
        <testcase classname="tests/unit/normalize.test.ts" name="Normalize Golden Tests &gt; Deterministic Golden Tests &gt; golden test 1: &quot;Will Bitcoin reach $100k by end of year?&quot;" time="0.000458363">
        </testcase>
        <testcase classname="tests/unit/normalize.test.ts" name="Normalize Golden Tests &gt; Deterministic Golden Tests &gt; golden test 2: &quot;ETH below $2000&quot;" time="0.000545371">
        </testcase>
        <testcase classname="tests/unit/normalize.test.ts" name="Normalize Golden Tests &gt; Deterministic Golden Tests &gt; golden test 3: &quot;Solana will hit 500 dollars&quot;" time="0.000369552">
        </testcase>
    </testsuite>
    <testsuite name="tests/unit/pipeline.test.ts" timestamp="2026-01-22T17:04:33.828Z" hostname="MacBookPro.lan" tests="5" failures="0" errors="0" skipped="0" time="0.104298406">
        <testcase classname="tests/unit/pipeline.test.ts" name="Pipeline &gt; runPipeline &gt; should process a complete insight request" time="0.013032546">
            <system-out>
{&quot;kind&quot;:&quot;analytics&quot;,&quot;name&quot;:&quot;insight_requested&quot;,&quot;props&quot;:{&quot;category&quot;:&quot;crypto&quot;,&quot;questionLength&quot;:43},&quot;ts&quot;:1769101447071}

{&quot;kind&quot;:&quot;analytics&quot;,&quot;name&quot;:&quot;insight_completed&quot;,&quot;props&quot;:{&quot;category&quot;:&quot;crypto&quot;,&quot;probability&quot;:49,&quot;confidence&quot;:31,&quot;tookMs&quot;:5,&quot;dataQuality&quot;:64},&quot;ts&quot;:1769101447076}

            </system-out>
        </testcase>
        <testcase classname="tests/unit/pipeline.test.ts" name="Pipeline &gt; runPipeline &gt; should handle crypto-related questions" time="0.001549343">
            <system-out>
{&quot;kind&quot;:&quot;analytics&quot;,&quot;name&quot;:&quot;insight_requested&quot;,&quot;props&quot;:{&quot;category&quot;:&quot;cryptocurrency&quot;,&quot;questionLength&quot;:44},&quot;ts&quot;:1769101447083}

{&quot;kind&quot;:&quot;analytics&quot;,&quot;name&quot;:&quot;insight_completed&quot;,&quot;props&quot;:{&quot;category&quot;:&quot;cryptocurrency&quot;,&quot;probability&quot;:49,&quot;confidence&quot;:31,&quot;tookMs&quot;:0,&quot;dataQuality&quot;:64},&quot;ts&quot;:1769101447083}

            </system-out>
        </testcase>
        <testcase classname="tests/unit/pipeline.test.ts" name="Pipeline &gt; runPipeline &gt; should generate meaningful rationale" time="0.001249429">
            <system-out>
{&quot;kind&quot;:&quot;analytics&quot;,&quot;name&quot;:&quot;insight_requested&quot;,&quot;props&quot;:{&quot;category&quot;:&quot;crypto&quot;,&quot;questionLength&quot;:43},&quot;ts&quot;:1769101447084}

{&quot;kind&quot;:&quot;analytics&quot;,&quot;name&quot;:&quot;insight_completed&quot;,&quot;props&quot;:{&quot;category&quot;:&quot;crypto&quot;,&quot;probability&quot;:49,&quot;confidence&quot;:31,&quot;tookMs&quot;:1,&quot;dataQuality&quot;:64},&quot;ts&quot;:1769101447085}

            </system-out>
        </testcase>
        <testcase classname="tests/unit/pipeline.test.ts" name="Pipeline &gt; runPipeline &gt; should include data sources" time="0.001518018">
            <system-out>
{&quot;kind&quot;:&quot;analytics&quot;,&quot;name&quot;:&quot;insight_requested&quot;,&quot;props&quot;:{&quot;category&quot;:&quot;crypto&quot;,&quot;questionLength&quot;:43},&quot;ts&quot;:1769101447085}

{&quot;kind&quot;:&quot;analytics&quot;,&quot;name&quot;:&quot;insight_completed&quot;,&quot;props&quot;:{&quot;category&quot;:&quot;crypto&quot;,&quot;probability&quot;:49,&quot;confidence&quot;:31,&quot;tookMs&quot;:1,&quot;dataQuality&quot;:64},&quot;ts&quot;:1769101447086}

            </system-out>
        </testcase>
        <testcase classname="tests/unit/pipeline.test.ts" name="Pipeline &gt; runPipeline &gt; should handle edge cases gracefully" time="0.08334143">
            <system-out>
{&quot;kind&quot;:&quot;analytics&quot;,&quot;name&quot;:&quot;insight_requested&quot;,&quot;props&quot;:{&quot;category&quot;:&quot;unknown&quot;,&quot;questionLength&quot;:1},&quot;ts&quot;:1769101447087}

{&quot;kind&quot;:&quot;analytics&quot;,&quot;name&quot;:&quot;insight_completed&quot;,&quot;props&quot;:{&quot;category&quot;:&quot;unknown&quot;,&quot;probability&quot;:49,&quot;confidence&quot;:31,&quot;tookMs&quot;:82,&quot;dataQuality&quot;:64},&quot;ts&quot;:1769101447170}

            </system-out>
        </testcase>
    </testsuite>
    <testsuite name="tests/unit/resolution.test.ts" timestamp="2026-01-22T17:04:33.836Z" hostname="MacBookPro.lan" tests="8" failures="0" errors="0" skipped="0" time="0.226338567">
        <testcase classname="tests/unit/resolution.test.ts" name="Resolution Engine &gt; Price Resolution &gt; should resolve YES when price meets condition" time="0.119452684">
            <system-out>
🔍 Resolving insight test-insight-1: BTC close &gt;= 100000 USD on 2025-12-31

✅ Resolved test-insight-1 as YES in 2ms

            </system-out>
        </testcase>
        <testcase classname="tests/unit/resolution.test.ts" name="Resolution Engine &gt; Price Resolution &gt; should resolve NO when price does not meet condition" time="0.002614951">
            <system-out>
🔍 Resolving insight test-insight-1: BTC close &gt;= 100000 USD on 2025-12-31

✅ Resolved test-insight-1 as NO in 1ms

            </system-out>
        </testcase>
        <testcase classname="tests/unit/resolution.test.ts" name="Resolution Engine &gt; Price Resolution &gt; should resolve INVALID when price data is unavailable" time="0.000970321">
            <system-out>
🔍 Resolving insight test-insight-1: BTC close &gt;= 100000 USD on 2025-12-31

✅ Resolved test-insight-1 as INVALID in 1ms

            </system-out>
        </testcase>
        <testcase classname="tests/unit/resolution.test.ts" name="Resolution Engine &gt; Price Resolution &gt; should handle different comparison operators" time="0.00486698">
            <system-out>
🔍 Resolving insight test-insight-1: BTC close &gt; 50000 USD on 2025-12-31

✅ Resolved test-insight-1 as YES in 0ms

🔍 Resolving insight test-insight-1: BTC close &gt; 50000 USD on 2025-12-31

✅ Resolved test-insight-1 as NO in 0ms

🔍 Resolving insight test-insight-1: BTC close &lt; 50000 USD on 2025-12-31

✅ Resolved test-insight-1 as YES in 0ms

🔍 Resolving insight test-insight-1: BTC close &lt; 50000 USD on 2025-12-31

✅ Resolved test-insight-1 as NO in 1ms

🔍 Resolving insight test-insight-1: BTC close &lt;= 50000 USD on 2025-12-31

✅ Resolved test-insight-1 as YES in 0ms

🔍 Resolving insight test-insight-1: BTC close &lt;= 50000 USD on 2025-12-31

✅ Resolved test-insight-1 as NO in 1ms

            </system-out>
        </testcase>
        <testcase classname="tests/unit/resolution.test.ts" name="Resolution Engine &gt; Price Resolution &gt; should resolve INVALID for unparseable canonical statements" time="0.001139597">
            <system-out>
🔍 Resolving insight test-insight-1: Some unparseable statement about Bitcoin

✅ Resolved test-insight-1 as INVALID in 1ms

            </system-out>
        </testcase>
        <testcase classname="tests/unit/resolution.test.ts" name="Resolution Engine &gt; Price Resolution &gt; should handle price resolver errors gracefully" time="0.026071453">
            <system-out>
🔍 Resolving insight test-insight-1: BTC close &gt;= 100000 USD on 2025-12-31

            </system-out>
            <system-err>
❌ Failed to resolve test-insight-1 after 0ms: Error: API unavailable
    at [90m/Users/thorsrud/prediktfi-protocol-1/[39mtests/unit/resolution.test.ts:137:55
    at [90mfile:///Users/thorsrud/prediktfi-protocol-1/[39mnode_modules/[4m@vitest[24m/runner/dist/chunk-hooks.js:155:11
    at [90mfile:///Users/thorsrud/prediktfi-protocol-1/[39mnode_modules/[4m@vitest[24m/runner/dist/chunk-hooks.js:752:26
    at [90mfile:///Users/thorsrud/prediktfi-protocol-1/[39mnode_modules/[4m@vitest[24m/runner/dist/chunk-hooks.js:1897:20
    at new Promise (&lt;anonymous&gt;)
    at runWithTimeout [90m(file:///Users/thorsrud/prediktfi-protocol-1/[39mnode_modules/[4m@vitest[24m/runner/dist/chunk-hooks.js:1863:10[90m)[39m
    at runTest [90m(file:///Users/thorsrud/prediktfi-protocol-1/[39mnode_modules/[4m@vitest[24m/runner/dist/chunk-hooks.js:1574:12[90m)[39m
[90m    at processTicksAndRejections (node:internal/process/task_queues:105:5)[39m
    at runSuite [90m(file:///Users/thorsrud/prediktfi-protocol-1/[39mnode_modules/[4m@vitest[24m/runner/dist/chunk-hooks.js:1729:8[90m)[39m
    at runSuite [90m(file:///Users/thorsrud/prediktfi-protocol-1/[39mnode_modules/[4m@vitest[24m/runner/dist/chunk-hooks.js:1729:8[90m)[39m

            </system-err>
        </testcase>
        <testcase classname="tests/unit/resolution.test.ts" name="Resolution Engine &gt; URL and Text Resolution &gt; should return INVALID for URL resolution (not yet implemented)" time="0.04987718">
            <system-out>
🔍 Resolving insight test-url-1: Website will show &quot;Success&quot; by 2025-12-31

🌐 Fetching URL: https://example.com/

✅ Resolved test-url-1 as INVALID in 48ms

            </system-out>
            <system-err>
❌ URL resolution failed after 2ms: Cannot read properties of undefined (reading &apos;ok&apos;)

            </system-err>
        </testcase>
        <testcase classname="tests/unit/resolution.test.ts" name="Resolution Engine &gt; URL and Text Resolution &gt; should return INVALID for TEXT resolution (not yet implemented)" time="0.017865423">
            <system-out>
🔍 Resolving insight test-text-1: Event will happen by 2025-12-31

📝 Resolving text insight: &quot;Event will happen by 2025-12-31&quot;
   Expected: &quot;Event happened&quot;

✅ Resolved test-text-1 as INVALID in 18ms

            </system-out>
        </testcase>
    </testsuite>
    <testsuite name="tests/unit/score.test.ts" timestamp="2026-01-22T17:04:33.851Z" hostname="MacBookPro.lan" tests="17" failures="0" errors="0" skipped="0" time="0.073422745">
        <testcase classname="tests/unit/score.test.ts" name="Score Calculation System &gt; brierForInsight &gt; should calculate correct Brier score for YES outcome" time="0.00632311">
        </testcase>
        <testcase classname="tests/unit/score.test.ts" name="Score Calculation System &gt; brierForInsight &gt; should calculate correct Brier score for NO outcome" time="0.000677633">
        </testcase>
        <testcase classname="tests/unit/score.test.ts" name="Score Calculation System &gt; brierForInsight &gt; should return null for INVALID outcome" time="0.026277064">
        </testcase>
        <testcase classname="tests/unit/score.test.ts" name="Score Calculation System &gt; brierForInsight &gt; should clamp probabilities to [0, 1] range" time="0.000744708">
        </testcase>
        <testcase classname="tests/unit/score.test.ts" name="Score Calculation System &gt; calculateBrierMetrics &gt; should handle empty predictions" time="0.000976081">
        </testcase>
        <testcase classname="tests/unit/score.test.ts" name="Score Calculation System &gt; calculateBrierMetrics &gt; should filter out INVALID outcomes" time="0.001175057">
        </testcase>
        <testcase classname="tests/unit/score.test.ts" name="Score Calculation System &gt; calculateBrierMetrics &gt; should calculate correct Brier score for perfect predictions" time="0.003661601">
        </testcase>
        <testcase classname="tests/unit/score.test.ts" name="Score Calculation System &gt; calculateBrierMetrics &gt; should calculate correct Brier score for worst predictions" time="0.000457605">
        </testcase>
        <testcase classname="tests/unit/score.test.ts" name="Score Calculation System &gt; calculateBrierMetrics &gt; should calculate mixed predictions correctly" time="0.000921826">
        </testcase>
        <testcase classname="tests/unit/score.test.ts" name="Score Calculation System &gt; calculateCalibrationBins &gt; should handle empty predictions" time="0.020121809">
        </testcase>
        <testcase classname="tests/unit/score.test.ts" name="Score Calculation System &gt; calculateCalibrationBins &gt; should place predictions in correct bins" time="0.000984719">
        </testcase>
        <testcase classname="tests/unit/score.test.ts" name="Score Calculation System &gt; calculateCalibrationBins &gt; should handle edge case of 1.0 probability" time="0.000354286">
        </testcase>
        <testcase classname="tests/unit/score.test.ts" name="Score Calculation System &gt; calculateCalibrationBins &gt; should calculate correct averages for multiple predictions in same bin" time="0.001165932">
        </testcase>
        <testcase classname="tests/unit/score.test.ts" name="Score Calculation System &gt; calculateCalibrationBins &gt; should calculate deviation correctly" time="0.0015617">
        </testcase>
        <testcase classname="tests/unit/score.test.ts" name="Score Calculation System &gt; calculateCalibrationBins &gt; should filter out INVALID outcomes" time="0.000429018">
        </testcase>
        <testcase classname="tests/unit/score.test.ts" name="Score Calculation System &gt; Edge Cases &gt; should handle predictions at bin boundaries" time="0.000453479">
        </testcase>
        <testcase classname="tests/unit/score.test.ts" name="Score Calculation System &gt; Edge Cases &gt; should handle very small probability differences" time="0.000329337">
        </testcase>
    </testsuite>
    <testsuite name="tests/unit/signals.feed.test.ts" timestamp="2026-01-22T17:04:33.864Z" hostname="MacBookPro.lan" tests="12" failures="0" errors="0" skipped="0" time="0.154514607">
        <testcase classname="tests/unit/signals.feed.test.ts" name="Market Signals Feed &gt; getMarketSignals &gt; should return cached data when available and fresh" time="0.016460071">
            <system-out>
Signals fetch completed in 0ms, got 0 signals
fear_greed: success_rate=0.00, p95_ms=0ms, breaker=closed
funding: success_rate=0.00, p95_ms=0ms, breaker=closed

Signals fetch completed in 0ms, got 0 signals
fear_greed: success_rate=0.00, p95_ms=0ms, breaker=closed
funding: success_rate=0.00, p95_ms=0ms, breaker=closed

            </system-out>
        </testcase>
        <testcase classname="tests/unit/signals.feed.test.ts" name="Market Signals Feed &gt; getMarketSignals &gt; should fetch fresh data when cache is expired" time="0.062316722">
            <system-out>
Signals fetch completed in 0ms, got 0 signals
fear_greed: success_rate=0.00, p95_ms=0ms, breaker=closed
funding: success_rate=0.00, p95_ms=0ms, breaker=closed

Signals fetch completed in 0ms, got 0 signals
fear_greed: success_rate=0.00, p95_ms=0ms, breaker=closed
funding: success_rate=0.00, p95_ms=0ms, breaker=closed

            </system-out>
        </testcase>
        <testcase classname="tests/unit/signals.feed.test.ts" name="Market Signals Feed &gt; getMarketSignals &gt; should handle different cache keys for different pairs" time="0.004088183">
            <system-out>
Signals fetch completed in 0ms, got 0 signals
fear_greed: success_rate=0.00, p95_ms=0ms, breaker=closed
funding: success_rate=0.00, p95_ms=0ms, breaker=closed

Signals fetch completed in 0ms, got 0 signals
fear_greed: success_rate=0.00, p95_ms=0ms, breaker=closed
funding: success_rate=0.00, p95_ms=0ms, breaker=closed

            </system-out>
        </testcase>
        <testcase classname="tests/unit/signals.feed.test.ts" name="Market Signals Feed &gt; getMarketSignals &gt; should return empty array on timeout without throwing" time="0.001975691">
            <system-out>
Signals fetch completed in 0ms, got 0 signals
fear_greed: success_rate=0.00, p95_ms=0ms, breaker=closed
funding: success_rate=0.00, p95_ms=0ms, breaker=closed

            </system-out>
        </testcase>
        <testcase classname="tests/unit/signals.feed.test.ts" name="Market Signals Feed &gt; getMarketSignals &gt; should limit results to maximum 5 items" time="0.001788984">
            <system-out>
Signals fetch completed in 0ms, got 0 signals
fear_greed: success_rate=0.00, p95_ms=0ms, breaker=closed
funding: success_rate=0.00, p95_ms=0ms, breaker=closed

            </system-out>
        </testcase>
        <testcase classname="tests/unit/signals.feed.test.ts" name="Market Signals Feed &gt; getMarketSignals &gt; should return valid signal structure" time="0.005688537">
            <system-out>
Signals fetch completed in 0ms, got 0 signals
fear_greed: success_rate=0.00, p95_ms=0ms, breaker=closed
funding: success_rate=0.00, p95_ms=0ms, breaker=closed

            </system-out>
        </testcase>
        <testcase classname="tests/unit/signals.feed.test.ts" name="Market Signals Feed &gt; getMarketSignals &gt; should handle individual signal failures gracefully" time="0.0056071">
            <system-out>
Circuit breaker OPENED for fear_greed (failEma: 0.651, windowN: 10)
Circuit breaker OPENED for funding (failEma: 0.651, windowN: 10)

Signals fetch completed in 0ms, got 0 signals
fear_greed: success_rate=0.00, p95_ms=0ms, breaker=open
funding: success_rate=0.00, p95_ms=0ms, breaker=open

            </system-out>
        </testcase>
        <testcase classname="tests/unit/signals.feed.test.ts" name="Market Signals Feed &gt; getMarketSignals &gt; should respect total budget timeout" time="0.001126322">
            <system-out>
Circuit breakers open, attempting to serve stale data
No stale data available, returning empty signals

            </system-out>
        </testcase>
        <testcase classname="tests/unit/signals.feed.test.ts" name="Market Signals Feed &gt; getMarketSignals &gt; should generate valid ISO timestamps" time="0.001413739">
            <system-out>
Circuit breakers open, attempting to serve stale data
No stale data available, returning empty signals

            </system-out>
        </testcase>
        <testcase classname="tests/unit/signals.feed.test.ts" name="Market Signals Feed &gt; clearSignalsCache &gt; should clear cache and force fresh fetch" time="0.029001888">
            <system-out>
Circuit breakers open, attempting to serve stale data
No stale data available, returning empty signals

Circuit breakers open, attempting to serve stale data
No stale data available, returning empty signals

            </system-out>
        </testcase>
        <testcase classname="tests/unit/signals.feed.test.ts" name="Market Signals Feed &gt; signal types and formats &gt; should include fear_greed signals with value" time="0.001086971">
            <system-out>
Circuit breakers open, attempting to serve stale data
No stale data available, returning empty signals

            </system-out>
        </testcase>
        <testcase classname="tests/unit/signals.feed.test.ts" name="Market Signals Feed &gt; signal types and formats &gt; should include funding signals with direction" time="0.000691161">
            <system-out>
Circuit breakers open, attempting to serve stale data
No stale data available, returning empty signals

            </system-out>
        </testcase>
    </testsuite>
    <testsuite name="tests/unit/text-resolver.test.ts" timestamp="2026-01-22T17:04:33.881Z" hostname="MacBookPro.lan" tests="22" failures="0" errors="0" skipped="0" time="0.178347412">
        <testcase classname="tests/unit/text-resolver.test.ts" name="Text Resolver &gt; Basic Text Matching &gt; should find exact substring matches" time="0.07372529">
            <system-out>
📝 Resolving text insight: &quot;Project completion status&quot;
   Expected: &quot;project completed&quot;
✅ Text resolution completed in 8ms: YES

            </system-out>
        </testcase>
        <testcase classname="tests/unit/text-resolver.test.ts" name="Text Resolver &gt; Basic Text Matching &gt; should handle case insensitive matching" time="0.001743162">
            <system-out>
📝 Resolving text insight: &quot;Project completion status&quot;
   Expected: &quot;PROJECT COMPLETED&quot;
✅ Text resolution completed in 0ms: YES

            </system-out>
        </testcase>
        <testcase classname="tests/unit/text-resolver.test.ts" name="Text Resolver &gt; Basic Text Matching &gt; should handle case sensitive matching" time="0.001965727">
            <system-out>
📝 Resolving text insight: &quot;Project completion status&quot;
   Expected: &quot;Project Completed&quot;
✅ Text resolution completed in 1ms: NO

            </system-out>
        </testcase>
        <testcase classname="tests/unit/text-resolver.test.ts" name="Text Resolver &gt; Basic Text Matching &gt; should require exact match when specified" time="0.00179659">
            <system-out>
📝 Resolving text insight: &quot;Project completion status&quot;
   Expected: &quot;project completed&quot;
✅ Text resolution completed in 1ms: YES

            </system-out>
        </testcase>
        <testcase classname="tests/unit/text-resolver.test.ts" name="Text Resolver &gt; Basic Text Matching &gt; should fail exact match when text differs" time="0.001113076">
            <system-out>
📝 Resolving text insight: &quot;Project completion status&quot;
   Expected: &quot;project completed&quot;
✅ Text resolution completed in 0ms: NO

            </system-out>
        </testcase>
        <testcase classname="tests/unit/text-resolver.test.ts" name="Text Resolver &gt; Keyword Matching &gt; should match using provided keywords" time="0.003402519">
            <system-out>
📝 Resolving text insight: &quot;Project completion check&quot;
   Expected: &quot;project status&quot;
✅ Text resolution completed in 1ms: YES

            </system-out>
        </testcase>
        <testcase classname="tests/unit/text-resolver.test.ts" name="Text Resolver &gt; Keyword Matching &gt; should auto-extract keywords when not provided" time="0.000987159">
            <system-out>
📝 Resolving text insight: &quot;Project completion status&quot;
   Expected: &quot;project completed successfully&quot;
✅ Text resolution completed in 0ms: YES

            </system-out>
        </testcase>
        <testcase classname="tests/unit/text-resolver.test.ts" name="Text Resolver &gt; Keyword Matching &gt; should filter out common stop words" time="0.000849361">
            <system-out>
📝 Resolving text insight: &quot;Work completion&quot;
   Expected: &quot;the project and the team completed the work&quot;
✅ Text resolution completed in 0ms: YES

            </system-out>
        </testcase>
        <testcase classname="tests/unit/text-resolver.test.ts" name="Text Resolver &gt; Keyword Matching &gt; should handle partial keyword matches" time="0.002418054">
            <system-out>
📝 Resolving text insight: &quot;Project status&quot;
   Expected: &quot;project completion&quot;
✅ Text resolution completed in 0ms: YES

            </system-out>
        </testcase>
        <testcase classname="tests/unit/text-resolver.test.ts" name="Text Resolver &gt; Confidence Levels &gt; should return high confidence for strong matches" time="0.021346964">
            <system-out>
📝 Resolving text insight: &quot;Project status&quot;
   Expected: &quot;project completed successfully&quot;
✅ Text resolution completed in 20ms: YES

            </system-out>
        </testcase>
        <testcase classname="tests/unit/text-resolver.test.ts" name="Text Resolver &gt; Confidence Levels &gt; should return null for ambiguous matches" time="0.001146319">
            <system-out>
📝 Resolving text insight: &quot;Project status&quot;
   Expected: &quot;project completed successfully with all features&quot;
✅ Text resolution completed in 0ms: NO_PROPOSAL

            </system-out>
        </testcase>
        <testcase classname="tests/unit/text-resolver.test.ts" name="Text Resolver &gt; Confidence Levels &gt; should return NO for clear non-matches" time="0.000606137">
            <system-out>
📝 Resolving text insight: &quot;Project status&quot;
   Expected: &quot;project completed successfully&quot;
✅ Text resolution completed in 0ms: NO

            </system-out>
        </testcase>
        <testcase classname="tests/unit/text-resolver.test.ts" name="Text Resolver &gt; Error Handling &gt; should handle missing actual text" time="0.00270724">
            <system-out>
📝 Resolving text insight: &quot;Project status&quot;
   Expected: &quot;project completed&quot;

            </system-out>
        </testcase>
        <testcase classname="tests/unit/text-resolver.test.ts" name="Text Resolver &gt; Error Handling &gt; should handle empty expected text" time="0.00111756">
            <system-out>
📝 Resolving text insight: &quot;Project status&quot;
   Expected: &quot;&quot;

            </system-out>
        </testcase>
        <testcase classname="tests/unit/text-resolver.test.ts" name="Text Resolver &gt; Configuration Parsing &gt; should parse valid text config" time="0.002496157">
        </testcase>
        <testcase classname="tests/unit/text-resolver.test.ts" name="Text Resolver &gt; Configuration Parsing &gt; should handle alternative field names" time="0.000436854">
        </testcase>
        <testcase classname="tests/unit/text-resolver.test.ts" name="Text Resolver &gt; Configuration Parsing &gt; should use defaults for missing fields" time="0.000974246">
        </testcase>
        <testcase classname="tests/unit/text-resolver.test.ts" name="Text Resolver &gt; Configuration Parsing &gt; should throw on invalid JSON" time="0.001817259">
        </testcase>
        <testcase classname="tests/unit/text-resolver.test.ts" name="Text Resolver &gt; Simple Text Match Helper &gt; should perform exact matching" time="0.001606652">
        </testcase>
        <testcase classname="tests/unit/text-resolver.test.ts" name="Text Resolver &gt; Simple Text Match Helper &gt; should perform substring matching" time="0.000340917">
        </testcase>
        <testcase classname="tests/unit/text-resolver.test.ts" name="Text Resolver &gt; Simple Text Match Helper &gt; should perform keyword matching" time="0.000487698">
        </testcase>
        <testcase classname="tests/unit/text-resolver.test.ts" name="Text Resolver &gt; Simple Text Match Helper &gt; should return no match for unrelated text" time="0.001083131">
        </testcase>
    </testsuite>
    <testsuite name="tests/unit/url-resolver.test.ts" timestamp="2026-01-22T17:04:33.904Z" hostname="MacBookPro.lan" tests="15" failures="0" errors="0" skipped="0" time="0.288551589">
        <testcase classname="tests/unit/url-resolver.test.ts" name="URL Resolver &gt; SSRF Protection &gt; should block localhost URLs" time="0.007838912">
            <system-err>
❌ URL resolution failed after 0ms: Private IP addresses are not allowed: localhost

            </system-err>
        </testcase>
        <testcase classname="tests/unit/url-resolver.test.ts" name="URL Resolver &gt; SSRF Protection &gt; should block private IP ranges" time="0.10476912">
            <system-err>
❌ URL resolution failed after 0ms: Private IP addresses are not allowed: 127.0.0.1

❌ URL resolution failed after 0ms: Private IP addresses are not allowed: 10.0.0.1

❌ URL resolution failed after 0ms: Private IP addresses are not allowed: 172.16.0.1

❌ URL resolution failed after 1ms: Private IP addresses are not allowed: 192.168.1.1

❌ URL resolution failed after 0ms: Private IP addresses are not allowed: 169.254.1.1

            </system-err>
        </testcase>
        <testcase classname="tests/unit/url-resolver.test.ts" name="URL Resolver &gt; SSRF Protection &gt; should allow public URLs" time="0.008987201">
            <system-out>
🌐 Fetching URL: https://example.com/test

📄 Extracted 15 characters of text
✅ URL resolution completed in 3ms: YES

            </system-out>
        </testcase>
        <testcase classname="tests/unit/url-resolver.test.ts" name="URL Resolver &gt; SSRF Protection &gt; should reject non-HTTP protocols" time="0.000873908">
            <system-err>
❌ URL resolution failed after 0ms: Unsupported protocol: ftp:

            </system-err>
        </testcase>
        <testcase classname="tests/unit/url-resolver.test.ts" name="URL Resolver &gt; Content Matching &gt; should find exact matches with high confidence" time="0.002295035">
            <system-out>
🌐 Fetching URL: https://example.com/status

📄 Extracted 30 characters of text
✅ URL resolution completed in 1ms: YES

            </system-out>
        </testcase>
        <testcase classname="tests/unit/url-resolver.test.ts" name="URL Resolver &gt; Content Matching &gt; should find partial matches with moderate confidence" time="0.001518281">
            <system-out>
🌐 Fetching URL: https://example.com/status

📄 Extracted 48 characters of text
✅ URL resolution completed in 1ms: YES

            </system-out>
        </testcase>
        <testcase classname="tests/unit/url-resolver.test.ts" name="URL Resolver &gt; Content Matching &gt; should return NO for no matches" time="0.000981029">
            <system-out>
🌐 Fetching URL: https://example.com/status

📄 Extracted 32 characters of text
✅ URL resolution completed in 1ms: NO

            </system-out>
        </testcase>
        <testcase classname="tests/unit/url-resolver.test.ts" name="URL Resolver &gt; Content Matching &gt; should handle HTML tag removal" time="0.001113783">
            <system-out>
🌐 Fetching URL: https://example.com/status

📄 Extracted 57 characters of text
✅ URL resolution completed in 0ms: YES

            </system-out>
        </testcase>
        <testcase classname="tests/unit/url-resolver.test.ts" name="URL Resolver &gt; Error Handling &gt; should handle network errors" time="0.001170855">
            <system-out>
🌐 Fetching URL: https://example.com/test

            </system-out>
            <system-err>
❌ URL resolution failed after 0ms: Network error

            </system-err>
        </testcase>
        <testcase classname="tests/unit/url-resolver.test.ts" name="URL Resolver &gt; Error Handling &gt; should handle HTTP errors" time="0.001443229">
            <system-out>
🌐 Fetching URL: https://example.com/test

            </system-out>
            <system-err>
❌ URL resolution failed after 0ms: HTTP 404: Not Found

            </system-err>
        </testcase>
        <testcase classname="tests/unit/url-resolver.test.ts" name="URL Resolver &gt; Error Handling &gt; should handle timeout" time="0.103693998">
            <system-out>
🌐 Fetching URL: https://example.com/test

            </system-out>
            <system-err>
❌ URL resolution failed after 103ms: Timeout

            </system-err>
        </testcase>
        <testcase classname="tests/unit/url-resolver.test.ts" name="URL Resolver &gt; Error Handling &gt; should handle unsupported content types" time="0.00112916">
            <system-out>
🌐 Fetching URL: https://example.com/document.pdf

            </system-out>
            <system-err>
❌ URL resolution failed after 0ms: Unsupported content type: application/pdf

            </system-err>
        </testcase>
        <testcase classname="tests/unit/url-resolver.test.ts" name="URL Resolver &gt; Configuration Parsing &gt; should parse valid URL config" time="0.00046656">
        </testcase>
        <testcase classname="tests/unit/url-resolver.test.ts" name="URL Resolver &gt; Configuration Parsing &gt; should handle minimal config" time="0.000279303">
        </testcase>
        <testcase classname="tests/unit/url-resolver.test.ts" name="URL Resolver &gt; Configuration Parsing &gt; should throw on invalid JSON" time="0.001424003">
        </testcase>
    </testsuite>
    <testsuite name="app/api/bets/bets.test.ts" timestamp="2026-01-22T17:04:33.927Z" hostname="MacBookPro.lan" tests="2" failures="0" errors="0" skipped="0" time="0.024461361">
        <testcase classname="app/api/bets/bets.test.ts" name="Bet API types &gt; validates expected memo structure" time="0.00654923">
        </testcase>
        <testcase classname="app/api/bets/bets.test.ts" name="Bet API types &gt; validates bet record structure" time="0.014163209">
        </testcase>
    </testsuite>
    <testsuite name="src/lib/adapters/fearGreed.test.ts" timestamp="2026-01-22T17:04:33.928Z" hostname="MacBookPro.lan" tests="10" failures="0" errors="0" skipped="0" time="0.165050742">
        <testcase classname="src/lib/adapters/fearGreed.test.ts" name="fetchFearGreed &gt; should return fear &amp; greed data on 200 OK" time="0.085276389">
        </testcase>
        <testcase classname="src/lib/adapters/fearGreed.test.ts" name="fetchFearGreed &gt; should handle extreme fear value" time="0.006432127">
        </testcase>
        <testcase classname="src/lib/adapters/fearGreed.test.ts" name="fetchFearGreed &gt; should handle neutral value" time="0.00109228">
        </testcase>
        <testcase classname="src/lib/adapters/fearGreed.test.ts" name="fetchFearGreed &gt; should handle extreme greed value" time="0.001195215">
        </testcase>
        <testcase classname="src/lib/adapters/fearGreed.test.ts" name="fetchFearGreed &gt; should handle 304 Not Modified" time="0.001466783">
        </testcase>
        <testcase classname="src/lib/adapters/fearGreed.test.ts" name="fetchFearGreed &gt; should handle 5xx errors" time="0.001361581">
        </testcase>
        <testcase classname="src/lib/adapters/fearGreed.test.ts" name="fetchFearGreed &gt; should handle timeout" time="0.001444339">
        </testcase>
        <testcase classname="src/lib/adapters/fearGreed.test.ts" name="fetchFearGreed &gt; should handle missing data" time="0.001889791">
        </testcase>
        <testcase classname="src/lib/adapters/fearGreed.test.ts" name="fetchFearGreed &gt; should handle invalid value" time="0.001440697">
        </testcase>
        <testcase classname="src/lib/adapters/fearGreed.test.ts" name="fetchFearGreed &gt; should send If-None-Match header when cached ETag exists" time="0.060932899">
        </testcase>
    </testsuite>
    <testsuite name="src/lib/adapters/funding.test.ts" timestamp="2026-01-22T17:04:33.938Z" hostname="MacBookPro.lan" tests="9" failures="0" errors="0" skipped="0" time="0.18033686">
        <testcase classname="src/lib/adapters/funding.test.ts" name="fetchFunding &gt; should return funding data on 200 OK" time="0.122845115">
        </testcase>
        <testcase classname="src/lib/adapters/funding.test.ts" name="fetchFunding &gt; should handle different funding rates" time="0.01661564">
        </testcase>
        <testcase classname="src/lib/adapters/funding.test.ts" name="fetchFunding &gt; should handle 304 Not Modified" time="0.003496479">
        </testcase>
        <testcase classname="src/lib/adapters/funding.test.ts" name="fetchFunding &gt; should handle 5xx errors" time="0.001652364">
        </testcase>
        <testcase classname="src/lib/adapters/funding.test.ts" name="fetchFunding &gt; should handle timeout" time="0.001900739">
        </testcase>
        <testcase classname="src/lib/adapters/funding.test.ts" name="fetchFunding &gt; should handle partial data" time="0.004433429">
        </testcase>
        <testcase classname="src/lib/adapters/funding.test.ts" name="fetchFunding &gt; should limit to 3 items" time="0.01963505">
        </testcase>
        <testcase classname="src/lib/adapters/funding.test.ts" name="fetchFunding &gt; should handle single object response" time="0.001823672">
        </testcase>
        <testcase classname="src/lib/adapters/funding.test.ts" name="fetchFunding &gt; should send If-None-Match header when cached ETag exists" time="0.004590323">
        </testcase>
    </testsuite>
    <testsuite name="src/server/signals/feed.integration.test.ts" timestamp="2026-01-22T17:04:33.945Z" hostname="MacBookPro.lan" tests="7" failures="0" errors="0" skipped="0" time="0.154564044">
        <testcase classname="src/server/signals/feed.integration.test.ts" name="getMarketSignals integration &gt; aggregates results from adapters" time="0.068102454">
            <system-out>
Signals fetch completed in 0ms, got 2 signals

            </system-out>
        </testcase>
        <testcase classname="src/server/signals/feed.integration.test.ts" name="getMarketSignals integration &gt; handles mixed results (ok + timeout)" time="0.003626754">
            <system-out>
Signals fetch completed in 1000ms, got 1 signals

            </system-out>
        </testcase>
        <testcase classname="src/server/signals/feed.integration.test.ts" name="getMarketSignals integration &gt; handles all adapters failing" time="0.001773173">
            <system-out>
Signals fetch completed in 0ms, got 0 signals

            </system-out>
        </testcase>
        <testcase classname="src/server/signals/feed.integration.test.ts" name="getMarketSignals integration &gt; respects total timeout budget" time="0.060585529">
            <system-err>
Signals fetch timeout or error: Error: Timeout after 1200ms
    at [90m/Users/thorsrud/prediktfi-protocol-1/[39msrc/server/signals/feed.ts:75:29
    at callTimer [90m(file:///Users/thorsrud/prediktfi-protocol-1/[39mnode_modules/[4mvitest[24m/dist/chunks/vi.bdSIJ99Y.js:2211:25[90m)[39m
    at doTickInner [90m(file:///Users/thorsrud/prediktfi-protocol-1/[39mnode_modules/[4mvitest[24m/dist/chunks/vi.bdSIJ99Y.js:2814:30[90m)[39m
    at doTick [90m(file:///Users/thorsrud/prediktfi-protocol-1/[39mnode_modules/[4mvitest[24m/dist/chunks/vi.bdSIJ99Y.js:2895:21[90m)[39m
    at Object.tick [90m(file:///Users/thorsrud/prediktfi-protocol-1/[39mnode_modules/[4mvitest[24m/dist/chunks/vi.bdSIJ99Y.js:2903:21[90m)[39m
    at FakeTimers.advanceTimersByTime [90m(file:///Users/thorsrud/prediktfi-protocol-1/[39mnode_modules/[4mvitest[24m/dist/chunks/vi.bdSIJ99Y.js:3629:44[90m)[39m
    at Object.advanceTimersByTime [90m(file:///Users/thorsrud/prediktfi-protocol-1/[39mnode_modules/[4mvitest[24m/dist/chunks/vi.bdSIJ99Y.js:3857:13[90m)[39m
    at [90m/Users/thorsrud/prediktfi-protocol-1/[39msrc/server/signals/feed.integration.test.ts:103:8
    at [90mfile:///Users/thorsrud/prediktfi-protocol-1/[39mnode_modules/[4m@vitest[24m/runner/dist/chunk-hooks.js:155:11
    at [90mfile:///Users/thorsrud/prediktfi-protocol-1/[39mnode_modules/[4m@vitest[24m/runner/dist/chunk-hooks.js:752:26

            </system-err>
        </testcase>
        <testcase classname="src/server/signals/feed.integration.test.ts" name="getMarketSignals integration &gt; limits total items to 5" time="0.001798475">
            <system-out>
Signals fetch completed in 0ms, got 5 signals

            </system-out>
        </testcase>
        <testcase classname="src/server/signals/feed.integration.test.ts" name="getMarketSignals integration &gt; uses cache for subsequent calls" time="0.014121079">
            <system-out>
Signals fetch completed in 0ms, got 2 signals

            </system-out>
        </testcase>
        <testcase classname="src/server/signals/feed.integration.test.ts" name="getMarketSignals integration &gt; uses separate caches for different pairs" time="0.002269235">
            <system-out>
Signals fetch completed in 0ms, got 2 signals

Signals fetch completed in 0ms, got 2 signals

            </system-out>
        </testcase>
    </testsuite>
</testsuites>
